> Task :app:preBuild UP-TO-DATE
> Task :app:preDebugBuild UP-TO-DATE
> Task :app:mergeDebugNativeDebugMetadata NO-SOURCE
> Task :app:checkKotlinGradlePluginConfigurationErrors SKIPPED
> Task :app:generateDebugBuildConfig UP-TO-DATE
> Task :app:checkDebugAarMetadata UP-TO-DATE
> Task :app:generateDebugResValues UP-TO-DATE
> Task :app:mapDebugSourceSetPaths UP-TO-DATE
> Task :app:generateDebugResources UP-TO-DATE
> Task :app:mergeDebugResources UP-TO-DATE
> Task :app:packageDebugResources UP-TO-DATE
> Task :app:parseDebugLocalResources UP-TO-DATE
> Task :app:createDebugCompatibleScreenManifests UP-TO-DATE
> Task :app:extractDeepLinksDebug UP-TO-DATE
> Task :app:processDebugMainManifest UP-TO-DATE
> Task :app:processDebugManifest UP-TO-DATE
> Task :app:processDebugManifestForPackage UP-TO-DATE
> Task :app:processDebugResources UP-TO-DATE
> Task :app:javaPreCompileDebug UP-TO-DATE
> Task :app:mergeDebugShaders UP-TO-DATE
> Task :app:compileDebugShaders NO-SOURCE
> Task :app:generateDebugAssets UP-TO-DATE
> Task :app:mergeDebugAssets UP-TO-DATE
> Task :app:compressDebugAssets UP-TO-DATE
> Task :app:checkDebugDuplicateClasses UP-TO-DATE
> Task :app:desugarDebugFileDependencies UP-TO-DATE
> Task :app:mergeExtDexDebug UP-TO-DATE
> Task :app:mergeLibDexDebug UP-TO-DATE
> Task :app:mergeDebugJniLibFolders UP-TO-DATE
> Task :app:mergeDebugNativeLibs UP-TO-DATE
> Task :app:stripDebugDebugSymbols UP-TO-DATE
> Task :app:validateSigningDebug UP-TO-DATE
> Task :app:writeDebugAppMetadata UP-TO-DATE
> Task :app:writeDebugSigningConfigVersions UP-TO-DATE
> Task :app:preReleaseBuild UP-TO-DATE
> Task :app:mergeReleaseJniLibFolders UP-TO-DATE
> Task :app:mergeReleaseNativeLibs UP-TO-DATE
> Task :app:stripReleaseDebugSymbols UP-TO-DATE
> Task :app:extractReleaseNativeSymbolTables UP-TO-DATE
> Task :app:mergeReleaseNativeDebugMetadata NO-SOURCE
> Task :app:checkReleaseDuplicateClasses UP-TO-DATE
> Task :app:buildKotlinToolingMetadata UP-TO-DATE
> Task :app:generateReleaseBuildConfig UP-TO-DATE
> Task :app:checkReleaseAarMetadata UP-TO-DATE
> Task :app:generateReleaseResValues UP-TO-DATE
> Task :app:mapReleaseSourceSetPaths UP-TO-DATE
> Task :app:generateReleaseResources UP-TO-DATE
> Task :app:mergeReleaseResources UP-TO-DATE
> Task :app:packageReleaseResources UP-TO-DATE
> Task :app:parseReleaseLocalResources UP-TO-DATE
> Task :app:createReleaseCompatibleScreenManifests
> Task :app:extractDeepLinksRelease UP-TO-DATE
> Task :app:processReleaseMainManifest UP-TO-DATE
> Task :app:processReleaseManifest
> Task :app:processReleaseManifestForPackage UP-TO-DATE
> Task :app:javaPreCompileRelease UP-TO-DATE
> Task :app:desugarReleaseFileDependencies UP-TO-DATE
> Task :app:mergeReleaseStartupProfile UP-TO-DATE
> Task :app:mergeExtDexRelease UP-TO-DATE
> Task :app:mergeReleaseArtProfile UP-TO-DATE
> Task :app:mergeReleaseShaders UP-TO-DATE
> Task :app:compileReleaseShaders NO-SOURCE
> Task :app:generateReleaseAssets UP-TO-DATE

> Task :app:compileDebugKotlin FAILED
.\gradlew.bat : e: file:///C:/Sandbox/androidApp/Baeren/BaerenEd/app/src/main/java/com/talq2me/
baerened/DailyProgressManager.kt:639:21 Not enough information to infer type argument for 'K'.
At line:1 char:1
+ .\gradlew.bat build 2>&1 | Out-File build_errors.txt
+ ~~~~~~~~~~~~~~~~~~~~~~~~
    + CategoryInfo          : NotSpecified: (e: file:///C:/S...gument for 'K'.:String) [], Rem 
   oteException
    + FullyQualifiedErrorId : NativeCommandError
 
e: file:///C:/Sandbox/androidApp/Baeren/BaerenEd/app/src/main/java/com/talq2me/baerened/DailyPr
ogressManager.kt:639:26 Cannot infer type for this parameter. Please specify it explicitly.
e: file:///C:/Sandbox/androidApp/Baeren/BaerenEd/app/src/main/java/com/talq2me/baerened/DailyPr
ogressManager.kt:639:26 Not enough information to infer type argument for 'T'.
e: file:///C:/Sandbox/androidApp/Baeren/BaerenEd/app/src/main/java/com/talq2me/baerened/DailyPr
ogressManager.kt:639:50 Cannot infer type for this parameter. Please specify it explicitly.
e: file:///C:/Sandbox/androidApp/Baeren/BaerenEd/app/src/main/java/com/talq2me/baerened/DailyPr
ogressManager.kt:639:50 Not enough information to infer type argument for 'K'.
e: file:///C:/Sandbox/androidApp/Baeren/BaerenEd/app/src/main/java/com/talq2me/baerened/DailyPr
ogressManager.kt:639:50 Not enough information to infer type argument for 'V'.
e: file:///C:/Sandbox/androidApp/Baeren/BaerenEd/app/src/main/java/com/talq2me/baerened/DailyPr
ogressManager.kt:644:110 Unresolved reference 'status'.
e: file:///C:/Sandbox/androidApp/Baeren/BaerenEd/app/src/main/java/com/talq2me/baerened/DailyPr
ogressManager.kt:644:139 Unresolved reference 'correct'.
e: file:///C:/Sandbox/androidApp/Baeren/BaerenEd/app/src/main/java/com/talq2me/baerened/DailyPr
ogressManager.kt:644:180 Unresolved reference 'incorrect'.
e: file:///C:/Sandbox/androidApp/Baeren/BaerenEd/app/src/main/java/com/talq2me/baerened/DailyPr
ogressManager.kt:644:223 Unresolved reference 'questions'.
e: file:///C:/Sandbox/androidApp/Baeren/BaerenEd/app/src/main/java/com/talq2me/baerened/DailyPr
ogressManager.kt:646:133 Unresolved reference 'keys'.
e: file:///C:/Sandbox/androidApp/Baeren/BaerenEd/app/src/main/java/com/talq2me/baerened/DailyPr
ogressManager.kt:646:147 Overload resolution ambiguity between candidates:
fun <T> Array<out T>.joinToString(separator: CharSequence = ..., prefix: CharSequence = ..., 
postfix: CharSequence = ..., limit: Int = ..., truncated: CharSequence = ..., transform: ((T) 
-> CharSequence)? = ...): String
fun BooleanArray.joinToString(separator: CharSequence = ..., prefix: CharSequence = ..., 
postfix: CharSequence = ..., limit: Int = ..., truncated: CharSequence = ..., transform: 
((Boolean) -> CharSequence)? = ...): String
fun ByteArray.joinToString(separator: CharSequence = ..., prefix: CharSequence = ..., postfix: 
CharSequence = ..., limit: Int = ..., truncated: CharSequence = ..., transform: ((Byte) -> 
CharSequence)? = ...): String
fun CharArray.joinToString(separator: CharSequence = ..., prefix: CharSequence = ..., postfix: 
CharSequence = ..., limit: Int = ..., truncated: CharSequence = ..., transform: ((Char) -> 
CharSequence)? = ...): String
fun DoubleArray.joinToString(separator: CharSequence = ..., prefix: CharSequence = ..., 
postfix: CharSequence = ..., limit: Int = ..., truncated: CharSequence = ..., transform: 
((Double) -> CharSequence)? = ...): String
fun FloatArray.joinToString(separator: CharSequence = ..., prefix: CharSequence = ..., 
postfix: CharSequence = ..., limit: Int = ..., truncated: CharSequence = ..., transform: 
((Float) -> CharSequence)? = ...): String
fun IntArray.joinToString(separator: CharSequence = ..., prefix: CharSequence = ..., postfix: 
CharSequence = ..., limit: Int = ..., truncated: CharSequence = ..., transform: ((Int) -> 
CharSequence)? = ...): String
fun LongArray.joinToString(separator: CharSequence = ..., prefix: CharSequence = ..., postfix: 
CharSequence = ..., limit: Int = ..., truncated: CharSequence = ..., transform: ((Long) -> 
CharSequence)? = ...): String
fun ShortArray.joinToString(separator: CharSequence = ..., prefix: CharSequence = ..., 
postfix: CharSequence = ..., limit: Int = ..., truncated: CharSequence = ..., transform: 
((Short) -> CharSequence)? = ...): String
fun <T> Iterable<T>.joinToString(separator: CharSequence = ..., prefix: CharSequence = ..., 
postfix: CharSequence = ..., limit: Int = ..., truncated: CharSequence = ..., transform: ((T) 
-> CharSequence)? = ...): String
fun <T> Sequence<T>.joinToString(separator: CharSequence = ..., prefix: CharSequence = ..., 
postfix: CharSequence = ..., limit: Int = ..., truncated: CharSequence = ..., transform: ((T) 
-> CharSequence)? = ...): String

> Task :app:mergeReleaseAssets UP-TO-DATE
> Task :app:processReleaseResources

FAILURE: Build failed with an exception.

* What went wrong:
Execution failed for task ':app:compileDebugKotlin'.
> A failure occurred while executing org.jetbrains.kotlin.compilerRunner.GradleCompilerRunnerWi
thWorkers$GradleKotlinCompilerWorkAction
   > Compilation error. See log for more details

* Try:
> Run with --stacktrace option to get the stack trace.
> Run with --info or --debug option to get more log output.
> Run with --scan to get full insights.
> Get more help at https://help.gradle.org.

BUILD FAILED in 24s
56 actionable tasks: 4 executed, 52 up-to-date
