026-01-23 16:21:11.119 23968-23993 EGL_emulation           com.talq2me.baerened                 D  app_time_stats: avg=22.68ms min=9.02ms max=61.00ms count=36
2026-01-23 16:21:12.129 23968-23993 EGL_emulation           com.talq2me.baerened                 D  app_time_stats: avg=18.02ms min=7.39ms max=37.81ms count=43
2026-01-23 16:21:13.144 23968-23993 EGL_emulation           com.talq2me.baerened                 D  app_time_stats: avg=18.33ms min=8.04ms max=35.02ms count=44
2026-01-23 16:21:14.168 23968-23993 EGL_emulation           com.talq2me.baerened                 D  app_time_stats: avg=18.27ms min=6.60ms max=38.11ms count=43
2026-01-23 16:21:15.216 23968-23993 EGL_emulation           com.talq2me.baerened                 D  app_time_stats: avg=30.26ms min=13.90ms max=60.67ms count=28
2026-01-23 16:21:16.246 23968-23993 EGL_emulation           com.talq2me.baerened                 D  app_time_stats: avg=38.94ms min=15.87ms max=64.88ms count=23
2026-01-23 16:21:17.286 23968-23993 EGL_emulation           com.talq2me.baerened                 D  app_time_stats: avg=38.65ms min=19.72ms max=65.57ms count=23
2026-01-23 16:21:18.307 23968-23993 EGL_emulation           com.talq2me.baerened                 D  app_time_stats: avg=20.66ms min=9.01ms max=47.73ms count=40
2026-01-23 16:21:19.319 23968-23993 EGL_emulation           com.talq2me.baerened                 D  app_time_stats: avg=19.76ms min=9.43ms max=33.54ms count=42
2026-01-23 16:21:20.335 23968-23993 EGL_emulation           com.talq2me.baerened                 D  app_time_stats: avg=17.50ms min=8.35ms max=33.14ms count=46
2026-01-23 16:21:21.346 23968-23993 EGL_emulation           com.talq2me.baerened                 D  app_time_stats: avg=17.14ms min=8.25ms max=32.92ms count=45
2026-01-23 16:21:22.347 23968-23993 EGL_emulation           com.talq2me.baerened                 D  app_time_stats: avg=19.57ms min=10.46ms max=31.76ms count=41
2026-01-23 16:21:23.387 23968-23993 EGL_emulation           com.talq2me.baerened                 D  app_time_stats: avg=29.31ms min=9.79ms max=52.92ms count=29
2026-01-23 16:21:24.413 23968-23993 EGL_emulation           com.talq2me.baerened                 D  app_time_stats: avg=29.75ms min=16.33ms max=53.47ms count=29
2026-01-23 16:21:25.425 23968-23993 EGL_emulation           com.talq2me.baerened                 D  app_time_stats: avg=28.78ms min=11.69ms max=52.51ms count=28
2026-01-23 16:21:26.432 23968-23993 EGL_emulation           com.talq2me.baerened                 D  app_time_stats: avg=22.65ms min=8.45ms max=50.02ms count=35
2026-01-23 16:21:27.458 23968-23993 EGL_emulation           com.talq2me.baerened                 D  app_time_stats: avg=19.73ms min=8.94ms max=37.58ms count=41
2026-01-23 16:21:28.461 23968-23993 EGL_emulation           com.talq2me.baerened                 D  app_time_stats: avg=17.56ms min=8.32ms max=38.24ms count=44
2026-01-23 16:21:29.463 23968-23993 EGL_emulation           com.talq2me.baerened                 D  app_time_stats: avg=32.10ms min=10.70ms max=89.24ms count=26
2026-01-23 16:21:29.517 23968-24002 TaskProgressMigration   com.talq2me.baerened                 D  Migration already completed for profile: TE
2026-01-23 16:21:29.540 23968-23968 TrainingMapActivity     com.talq2me.baerened                 D  onResume called
2026-01-23 16:21:29.540 23968-23968 TrainingMapActivity     com.talq2me.baerened                 D  onResume: Map not initialized yet, skipping refresh
2026-01-23 16:21:29.876 23968-24002 DailyReset...yncManager com.talq2me.baerened                 D  Starting daily_reset_process() and cloud_sync() for profile: TE
2026-01-23 16:21:29.876 23968-24002 DailyReset...yncManager com.talq2me.baerened                 D  daily_reset_process() started for profile: TE
2026-01-23 16:21:29.876 23968-24002 DailyReset...yncManager com.talq2me.baerened                 D  Local last_reset is today, no reset needed
2026-01-23 16:21:29.877 23968-24002 DailyReset...yncManager com.talq2me.baerened                 D  cloud_sync() started for profile: TE
2026-01-23 16:21:29.877 23968-24002 DailyReset...yncManager com.talq2me.baerened                 D  Attempting to fetch cloud last_reset from: https://ubrecfefhkcxwhohshdg.supabase.co (profile: TE)
2026-01-23 16:21:29.899 23968-23997 TaskProgressMigration   com.talq2me.baerened                 D  Migration already completed for profile: TE
2026-01-23 16:21:29.987 23968-24002 TrafficStats            com.talq2me.baerened                 D  tagSocket(134) with statsTag=0xffffffff, statsUid=-1
2026-01-23 16:21:30.337 23968-24002 DailyReset...yncManager com.talq2me.baerened                 D  Attempting to fetch cloud last_updated from: https://ubrecfefhkcxwhohshdg.supabase.co (profile: TE)
2026-01-23 16:21:30.498 23968-24002 DailyReset...yncManager com.talq2me.baerened                 D  cloud_sync() timestamp comparison:
2026-01-23 16:21:30.499 23968-24002 DailyReset...yncManager com.talq2me.baerened                 D    Local: 2026-01-23T19:22:32.422 (parsed: 1769214152422)
2026-01-23 16:21:30.499 23968-24002 DailyReset...yncManager com.talq2me.baerened                 D    Cloud: 2026-01-23T19:22:32.422 (parsed: 1769214152422)
2026-01-23 16:21:30.499 23968-24002 DailyReset...yncManager com.talq2me.baerened                 D    Difference: 0ms (positive = local newer)
2026-01-23 16:21:30.500 23968-24002 DailyReset...yncManager com.talq2me.baerened                 D  Local and cloud timestamps are equal, doing nothing
2026-01-23 16:21:30.500 23968-24002 DailyReset...yncManager com.talq2me.baerened                 D  Completed daily_reset_process() and cloud_sync() for profile: TE
2026-01-23 16:21:30.500 23968-24002 TrainingMapActivity     com.talq2me.baerened                 D  Daily reset and sync completed for profile: TE
2026-01-23 16:21:30.606 23968-23993 EGL_emulation           com.talq2me.baerened                 D  app_time_stats: avg=285.86ms min=164.06ms max=447.17ms count=4
2026-01-23 16:21:30.612 23968-23968 WindowOnBackDispatcher  com.talq2me.baerened                 W  sendCancelIfRunning: isInProgress=false callback=android.view.ViewRootImpl$$ExternalSyntheticLambda11@ac75996
2026-01-23 16:21:31.178 23968-23968 VRI[BattleHubActivity]  com.talq2me.baerened                 D  visibilityChanged oldVisibility=true newVisibility=false
2026-01-23 16:21:31.211 23968-23997 TrafficStats            com.talq2me.baerened                 D  tagSocket(82) with statsTag=0xffffffff, statsUid=-1
2026-01-23 16:21:31.662 23968-23997 ContentUpdateService    com.talq2me.baerened                 D  Successfully fetched from network.
2026-01-23 16:21:31.662 23968-23997 ContentUpdateService    com.talq2me.baerened                 D  Saved content to cache: TE_config.json
2026-01-23 16:21:31.683 23968-23997 TrainingMapActivity     com.talq2me.baerened                 D  Successfully fetched config from GitHub
2026-01-23 16:21:31.694 23968-23997 DailyProgressManager    com.talq2me.baerened                 D  Current date string: 23-01-2026 04:21:31 PM
2026-01-23 16:21:31.699 23968-24002 TrafficStats            com.talq2me.baerened                 D  tagSocket(125) with statsTag=0xffffffff, statsUid=-1
2026-01-23 16:21:31.859 23968-24002 DailyProgressManager    com.talq2me.baerened                 D  Fetched last_reset from cloud: 23-01-2026 09:51:24 AM (cloud timestamp: 2026-01-23T09:51:24.365)
2026-01-23 16:21:31.860 23968-23997 DailyProgressManager    com.talq2me.baerened                 D  shouldResetProgress called - Last: '23-01-2026 09:51:24 AM' (date: 23-01-2026, source: cloud), Current: '23-01-2026 04:21:31 PM' (date: 23-01-2026), Should reset: false
2026-01-23 16:21:31.867 23968-23997 DailyProgressManager    com.talq2me.baerened                 D  CRITICAL: getCompletedTasksMap() - requiredTasks keys: [Google Read Along, Boukili, Math, Eng Spelling, Spelling OCR, Fr Spelling, French Vowels, Time Telling, Handwriting, Money Game, Sentence Builder, UFLI Words, Snake Catch, Math Hole, Word Garden, Number Line Math, Ten Frame Math, Word Fishing, Word Factory, Kung Fu Form, Kung Fu, Facile A Lire 2, Google Classroom, Ufli Home Videos, French UFLI]
2026-01-23 16:21:31.867 23968-23997 CRITICAL                com.talq2me.baerened                 D  CRITICAL: getCompletedTasksMap() - completed tasks: []
2026-01-23 16:21:31.888 23968-23968 TrainingMapActivity     com.talq2me.baerened                 D  CRITICAL: Checking completion for task: 'Google Read Along' (taskId: googleReadAlong)
2026-01-23 16:21:31.888 23968-23968 TrainingMapActivity     com.talq2me.baerened                 D  CRITICAL: completedTasksMap['Google Read Along'] = false
2026-01-23 16:21:31.888 23968-23968 TrainingMapActivity     com.talq2me.baerened                 D  CRITICAL: isCompleted = false
2026-01-23 16:21:31.888 23968-23968 TrainingMapActivity     com.talq2me.baerened                 D  CRITICAL: All keys in completedTasksMap: [Google Read Along, Boukili, Math, Eng Spelling, Spelling OCR, Fr Spelling, French Vowels, Time Telling, Handwriting, Money Game, Sentence Builder, UFLI Words, Snake Catch, Math Hole, Word Garden, Number Line Math, Ten Frame Math, Word Fishing, Word Factory, Kung Fu Form, Kung Fu, Facile A Lire 2, Google Classroom, Ufli Home Videos, French UFLI]
2026-01-23 16:21:31.909 23968-23968 TrainingMapActivity     com.talq2me.baerened                 D  CRITICAL: Checking completion for task: 'Boukili' (taskId: boukili)
2026-01-23 16:21:31.909 23968-23968 TrainingMapActivity     com.talq2me.baerened                 D  CRITICAL: completedTasksMap['Boukili'] = false
2026-01-23 16:21:31.909 23968-23968 TrainingMapActivity     com.talq2me.baerened                 D  CRITICAL: isCompleted = false
2026-01-23 16:21:31.909 23968-23968 TrainingMapActivity     com.talq2me.baerened                 D  CRITICAL: All keys in completedTasksMap: [Google Read Along, Boukili, Math, Eng Spelling, Spelling OCR, Fr Spelling, French Vowels, Time Telling, Handwriting, Money Game, Sentence Builder, UFLI Words, Snake Catch, Math Hole, Word Garden, Number Line Math, Ten Frame Math, Word Fishing, Word Factory, Kung Fu Form, Kung Fu, Facile A Lire 2, Google Classroom, Ufli Home Videos, French UFLI]
2026-01-23 16:21:31.909 23968-23968 TrainingMapActivity     com.talq2me.baerened                 D  CRITICAL: Checking completion for task: 'Math' (taskId: jkmath)
2026-01-23 16:21:31.909 23968-23968 TrainingMapActivity     com.talq2me.baerened                 D  CRITICAL: completedTasksMap['Math'] = false
2026-01-23 16:21:31.909 23968-23968 TrainingMapActivity     com.talq2me.baerened                 D  CRITICAL: isCompleted = false
2026-01-23 16:21:31.909 23968-23968 TrainingMapActivity     com.talq2me.baerened                 D  CRITICAL: All keys in completedTasksMap: [Google Read Along, Boukili, Math, Eng Spelling, Spelling OCR, Fr Spelling, French Vowels, Time Telling, Handwriting, Money Game, Sentence Builder, UFLI Words, Snake Catch, Math Hole, Word Garden, Number Line Math, Ten Frame Math, Word Fishing, Word Factory, Kung Fu Form, Kung Fu, Facile A Lire 2, Google Classroom, Ufli Home Videos, French UFLI]
2026-01-23 16:21:31.910 23968-23968 TrainingMapActivity     com.talq2me.baerened                 D  CRITICAL: Checking completion for task: 'Spelling OCR' (taskId: spellingOCR)
2026-01-23 16:21:31.910 23968-23968 TrainingMapActivity     com.talq2me.baerened                 D  CRITICAL: completedTasksMap['Spelling OCR'] = false
2026-01-23 16:21:31.910 23968-23968 TrainingMapActivity     com.talq2me.baerened                 D  CRITICAL: isCompleted = false
2026-01-23 16:21:31.910 23968-23968 TrainingMapActivity     com.talq2me.baerened                 D  CRITICAL: All keys in completedTasksMap: [Google Read Along, Boukili, Math, Eng Spelling, Spelling OCR, Fr Spelling, French Vowels, Time Telling, Handwriting, Money Game, Sentence Builder, UFLI Words, Snake Catch, Math Hole, Word Garden, Number Line Math, Ten Frame Math, Word Fishing, Word Factory, Kung Fu Form, Kung Fu, Facile A Lire 2, Google Classroom, Ufli Home Videos, French UFLI]
2026-01-23 16:21:31.910 23968-23968 TrainingMapActivity     com.talq2me.baerened                 D  CRITICAL: Checking completion for task: 'Fr Spelling' (taskId: frSpellPhoto)
2026-01-23 16:21:31.910 23968-23968 TrainingMapActivity     com.talq2me.baerened                 D  CRITICAL: completedTasksMap['Fr Spelling'] = false
2026-01-23 16:21:31.910 23968-23968 TrainingMapActivity     com.talq2me.baerened                 D  CRITICAL: isCompleted = false
2026-01-23 16:21:31.910 23968-23968 TrainingMapActivity     com.talq2me.baerened                 D  CRITICAL: All keys in completedTasksMap: [Google Read Along, Boukili, Math, Eng Spelling, Spelling OCR, Fr Spelling, French Vowels, Time Telling, Handwriting, Money Game, Sentence Builder, UFLI Words, Snake Catch, Math Hole, Word Garden, Number Line Math, Ten Frame Math, Word Fishing, Word Factory, Kung Fu Form, Kung Fu, Facile A Lire 2, Google Classroom, Ufli Home Videos, French UFLI]
2026-01-23 16:21:31.910 23968-23968 TrainingMapActivity     com.talq2me.baerened                 D  CRITICAL: Checking completion for task: 'Handwriting' (taskId: handwriting)
2026-01-23 16:21:31.910 23968-23968 TrainingMapActivity     com.talq2me.baerened                 D  CRITICAL: completedTasksMap['Handwriting'] = false
2026-01-23 16:21:31.910 23968-23968 TrainingMapActivity     com.talq2me.baerened                 D  CRITICAL: isCompleted = false
2026-01-23 16:21:31.910 23968-23968 TrainingMapActivity     com.talq2me.baerened                 D  CRITICAL: All keys in completedTasksMap: [Google Read Along, Boukili, Math, Eng Spelling, Spelling OCR, Fr Spelling, French Vowels, Time Telling, Handwriting, Money Game, Sentence Builder, UFLI Words, Snake Catch, Math Hole, Word Garden, Number Line Math, Ten Frame Math, Word Fishing, Word Factory, Kung Fu Form, Kung Fu, Facile A Lire 2, Google Classroom, Ufli Home Videos, French UFLI]
2026-01-23 16:21:31.910 23968-23968 TrainingMapActivity     com.talq2me.baerened                 D  CRITICAL: Checking completion for task: 'Sentence Builder' (taskId: englishSentences)
2026-01-23 16:21:31.910 23968-23968 TrainingMapActivity     com.talq2me.baerened                 D  CRITICAL: completedTasksMap['Sentence Builder'] = false
2026-01-23 16:21:31.910 23968-23968 TrainingMapActivity     com.talq2me.baerened                 D  CRITICAL: isCompleted = false
2026-01-23 16:21:31.910 23968-23968 TrainingMapActivity     com.talq2me.baerened                 D  CRITICAL: All keys in completedTasksMap: [Google Read Along, Boukili, Math, Eng Spelling, Spelling OCR, Fr Spelling, French Vowels, Time Telling, Handwriting, Money Game, Sentence Builder, UFLI Words, Snake Catch, Math Hole, Word Garden, Number Line Math, Ten Frame Math, Word Fishing, Word Factory, Kung Fu Form, Kung Fu, Facile A Lire 2, Google Classroom, Ufli Home Videos, French UFLI]
2026-01-23 16:21:31.934 23968-23968 TrainingMapActivity     com.talq2me.baerened                 D  CRITICAL: Checking completion for task: 'Snake Catch' (taskId: snakeCatch)
2026-01-23 16:21:31.934 23968-23968 TrainingMapActivity     com.talq2me.baerened                 D  CRITICAL: completedTasksMap['Snake Catch'] = false
2026-01-23 16:21:31.934 23968-23968 TrainingMapActivity     com.talq2me.baerened                 D  CRITICAL: isCompleted = false
2026-01-23 16:21:31.934 23968-23968 TrainingMapActivity     com.talq2me.baerened                 D  CRITICAL: All keys in completedTasksMap: [Google Read Along, Boukili, Math, Eng Spelling, Spelling OCR, Fr Spelling, French Vowels, Time Telling, Handwriting, Money Game, Sentence Builder, UFLI Words, Snake Catch, Math Hole, Word Garden, Number Line Math, Ten Frame Math, Word Fishing, Word Factory, Kung Fu Form, Kung Fu, Facile A Lire 2, Google Classroom, Ufli Home Videos, French UFLI]
2026-01-23 16:21:31.935 23968-23968 TrainingMapActivity     com.talq2me.baerened                 D  CRITICAL: Checking completion for task: 'Math Hole' (taskId: mathHole)
2026-01-23 16:21:31.935 23968-23968 TrainingMapActivity     com.talq2me.baerened                 D  CRITICAL: completedTasksMap['Math Hole'] = false
2026-01-23 16:21:31.935 23968-23968 TrainingMapActivity     com.talq2me.baerened                 D  CRITICAL: isCompleted = false
2026-01-23 16:21:31.935 23968-23968 TrainingMapActivity     com.talq2me.baerened                 D  CRITICAL: All keys in completedTasksMap: [Google Read Along, Boukili, Math, Eng Spelling, Spelling OCR, Fr Spelling, French Vowels, Time Telling, Handwriting, Money Game, Sentence Builder, UFLI Words, Snake Catch, Math Hole, Word Garden, Number Line Math, Ten Frame Math, Word Fishing, Word Factory, Kung Fu Form, Kung Fu, Facile A Lire 2, Google Classroom, Ufli Home Videos, French UFLI]
2026-01-23 16:21:31.935 23968-23968 TrainingMapActivity     com.talq2me.baerened                 D  CRITICAL: Checking completion for task: 'Word Garden' (taskId: wordGarden)
2026-01-23 16:21:31.935 23968-23968 TrainingMapActivity     com.talq2me.baerened                 D  CRITICAL: completedTasksMap['Word Garden'] = false
2026-01-23 16:21:31.935 23968-23968 TrainingMapActivity     com.talq2me.baerened                 D  CRITICAL: isCompleted = false
2026-01-23 16:21:31.935 23968-23968 TrainingMapActivity     com.talq2me.baerened                 D  CRITICAL: All keys in completedTasksMap: [Google Read Along, Boukili, Math, Eng Spelling, Spelling OCR, Fr Spelling, French Vowels, Time Telling, Handwriting, Money Game, Sentence Builder, UFLI Words, Snake Catch, Math Hole, Word Garden, Number Line Math, Ten Frame Math, Word Fishing, Word Factory, Kung Fu Form, Kung Fu, Facile A Lire 2, Google Classroom, Ufli Home Videos, French UFLI]
2026-01-23 16:21:31.935 23968-23968 TrainingMapActivity     com.talq2me.baerened                 D  CRITICAL: Checking completion for task: 'Number Line Math' (taskId: numberLineMath)
2026-01-23 16:21:31.935 23968-23968 TrainingMapActivity     com.talq2me.baerened                 D  CRITICAL: completedTasksMap['Number Line Math'] = false
2026-01-23 16:21:31.935 23968-23968 TrainingMapActivity     com.talq2me.baerened                 D  CRITICAL: isCompleted = false
2026-01-23 16:21:31.935 23968-23968 TrainingMapActivity     com.talq2me.baerened                 D  CRITICAL: All keys in completedTasksMap: [Google Read Along, Boukili, Math, Eng Spelling, Spelling OCR, Fr Spelling, French Vowels, Time Telling, Handwriting, Money Game, Sentence Builder, UFLI Words, Snake Catch, Math Hole, Word Garden, Number Line Math, Ten Frame Math, Word Fishing, Word Factory, Kung Fu Form, Kung Fu, Facile A Lire 2, Google Classroom, Ufli Home Videos, French UFLI]
2026-01-23 16:21:31.944 23968-23968 TrainingMapActivity     com.talq2me.baerened                 D  CRITICAL: Checking completion for task: 'Ten Frame Math' (taskId: tenFrameMath)
2026-01-23 16:21:31.944 23968-23968 TrainingMapActivity     com.talq2me.baerened                 D  CRITICAL: completedTasksMap['Ten Frame Math'] = false
2026-01-23 16:21:31.944 23968-23968 TrainingMapActivity     com.talq2me.baerened                 D  CRITICAL: isCompleted = false
2026-01-23 16:21:31.944 23968-23968 TrainingMapActivity     com.talq2me.baerened                 D  CRITICAL: All keys in completedTasksMap: [Google Read Along, Boukili, Math, Eng Spelling, Spelling OCR, Fr Spelling, French Vowels, Time Telling, Handwriting, Money Game, Sentence Builder, UFLI Words, Snake Catch, Math Hole, Word Garden, Number Line Math, Ten Frame Math, Word Fishing, Word Factory, Kung Fu Form, Kung Fu, Facile A Lire 2, Google Classroom, Ufli Home Videos, French UFLI]
2026-01-23 16:21:31.945 23968-23968 TrainingMapActivity     com.talq2me.baerened                 D  CRITICAL: Checking completion for task: 'Kung Fu' (taskId: noviceKungFuVideos)
2026-01-23 16:21:31.951 23968-23968 TrainingMapActivity     com.talq2me.baerened                 D  CRITICAL: completedTasksMap['Kung Fu'] = false
2026-01-23 16:21:31.955 23968-23968 TrainingMapActivity     com.talq2me.baerened                 D  CRITICAL: isCompleted = false
2026-01-23 16:21:31.955 23968-23968 TrainingMapActivity     com.talq2me.baerened                 D  CRITICAL: All keys in completedTasksMap: [Google Read Along, Boukili, Math, Eng Spelling, Spelling OCR, Fr Spelling, French Vowels, Time Telling, Handwriting, Money Game, Sentence Builder, UFLI Words, Snake Catch, Math Hole, Word Garden, Number Line Math, Ten Frame Math, Word Fishing, Word Factory, Kung Fu Form, Kung Fu, Facile A Lire 2, Google Classroom, Ufli Home Videos, French UFLI]
2026-01-23 16:21:31.955 23968-23968 TrainingMapActivity     com.talq2me.baerened                 D  CRITICAL: Checking completion for task: 'Google Classroom' (taskId: googleClassroom)
2026-01-23 16:21:31.955 23968-23968 TrainingMapActivity     com.talq2me.baerened                 D  CRITICAL: completedTasksMap['Google Classroom'] = false
2026-01-23 16:21:31.955 23968-23968 TrainingMapActivity     com.talq2me.baerened                 D  CRITICAL: isCompleted = false
2026-01-23 16:21:31.955 23968-23968 TrainingMapActivity     com.talq2me.baerened                 D  CRITICAL: All keys in completedTasksMap: [Google Read Along, Boukili, Math, Eng Spelling, Spelling OCR, Fr Spelling, French Vowels, Time Telling, Handwriting, Money Game, Sentence Builder, UFLI Words, Snake Catch, Math Hole, Word Garden, Number Line Math, Ten Frame Math, Word Fishing, Word Factory, Kung Fu Form, Kung Fu, Facile A Lire 2, Google Classroom, Ufli Home Videos, French UFLI]
2026-01-23 16:21:32.095 23968-23993 EGL_emulation           com.talq2me.baerened                 D  app_time_stats: avg=590.40ms min=189.16ms max=1337.57ms count=4
2026-01-23 16:21:34.021 23968-23968 TrainingMapActivity     com.talq2me.baerened                 D  Launching Spelling OCR Game with word file: englishWordsGr1.json
2026-01-23 16:21:34.126 23968-24045 TransportR...oScheduler com.talq2me.baerened                 D  Scheduling upload for context TransportContext(cct, DEFAULT, MSRodHRwczovL2ZpcmViYXNlbG9nZ2luZy5nb29nbGVhcGlzLmNvbS92MGNjL2xvZy9iYXRjaD9mb3JtYXQ9anNvbl9wcm90bzNc) with jobId=928720109 in 650992ms(Backend next call timestamp 1769203945117). Attempt 1
2026-01-23 16:21:34.133 23968-24045 CompatChangeReporter    com.talq2me.baerened                 D  Compat change id reported: 311402873; UID 10212; state: ENABLED
2026-01-23 16:21:34.133 23968-24045 CompatChangeReporter    com.talq2me.baerened                 D  Compat change id reported: 323349338; UID 10212; state: ENABLED
2026-01-23 16:21:34.143 23968-24048 DecoupledTextDelegate   com.talq2me.baerened                 D  Start loading thick OCR module.
2026-01-23 16:21:34.143 23968-24048 DynamiteModule          com.talq2me.baerened                 I  Considering local module com.google.mlkit.dynamite.text.latin:10000 and remote module com.google.mlkit.dynamite.text.latin:0
2026-01-23 16:21:34.143 23968-24048 DynamiteModule          com.talq2me.baerened                 I  Selected local version of com.google.mlkit.dynamite.text.latin
2026-01-23 16:21:34.165 23968-24045 TransportR...oScheduler com.talq2me.baerened                 D  Scheduling upload for context TransportContext(cct, VERY_LOW, MSRodHRwczovL2ZpcmViYXNlbG9nZ2luZy5nb29nbGVhcGlzLmNvbS92MGNjL2xvZy9iYXRjaD9mb3JtYXQ9anNvbl9wcm90bzNc) with jobId=933700846 in 86400000ms(Backend next call timestamp 0). Attempt 1
2026-01-23 16:21:34.309 23968-23968 SpellingOCRActivity     com.talq2me.baerened                 D  Word file from intent: englishWordsGr1.json
2026-01-23 16:21:34.316 23968-24002 TaskProgressMigration   com.talq2me.baerened                 D  Migration already completed for profile: TE
2026-01-23 16:21:34.332 23968-24045 TransportR...EventStore com.talq2me.baerened                 D  Storing event with priority=VERY_LOW, name=FIREBASE_ML_SDK for destination cct
2026-01-23 16:21:34.335 23968-23968 TimeTracker             com.talq2me.baerened                 D  Ended tracking game: Spelling OCR, duration: 3.816666666666667 minutes
2026-01-23 16:21:34.346 23968-23968 TimeTracker             com.talq2me.baerened                 D  Started tracking game: Spelling OCR
2026-01-23 16:21:34.355 23968-24045 TransportR...oScheduler com.talq2me.baerened                 D  Upload for context TransportContext(cct, VERY_LOW, MSRodHRwczovL2ZpcmViYXNlbG9nZ2luZy5nb29nbGVhcGlzLmNvbS92MGNjL2xvZy9iYXRjaD9mb3JtYXQ9anNvbl9wcm90bzNc) is already scheduled. Returning...
2026-01-23 16:21:34.366 23968-23968 TextToSpeech            com.talq2me.baerened                 I  Sucessfully bound to com.google.android.tts
2026-01-23 16:21:34.367 23968-23968 SpellingOCRActivity     com.talq2me.baerened                 D  Attempting to load words from: data/englishWordsGr1.json
2026-01-23 16:21:34.368 23968-23968 SpellingOCRActivity     com.talq2me.baerened                 D  Successfully loaded 2 words from englishWordsGr1.json
2026-01-23 16:21:34.368 23968-23968 SpellingOCRActivity     com.talq2me.baerened                 D  TTS not ready yet, storing word to speak later
2026-01-23 16:21:34.460 23968-24045 TransportR...EventStore com.talq2me.baerened                 D  Storing event with priority=DEFAULT, name=FIREBASE_ML_SDK for destination cct
2026-01-23 16:21:34.511 23968-24045 TransportR...oScheduler com.talq2me.baerened                 D  Upload for context TransportContext(cct, DEFAULT, MSRodHRwczovL2ZpcmViYXNlbG9nZ2luZy5nb29nbGVhcGlzLmNvbS92MGNjL2xvZy9iYXRjaD9mb3JtYXQ9anNvbl9wcm90bzNc) is already scheduled. Returning...
2026-01-23 16:21:35.424 23968-23968 VRI[Traini...pActivity] com.talq2me.baerened                 D  visibilityChanged oldVisibility=true newVisibility=false
2026-01-23 16:21:35.829 23968-23983 TextToSpeech            com.talq2me.baerened                 I  Connected to TTS engine
2026-01-23 16:21:36.129 23968-24058 TextToSpeech            com.talq2me.baerened                 I  Setting up the connection to TTS engine...
2026-01-23 16:21:36.211 23968-23968 CompatChangeReporter    com.talq2me.baerened                 D  Compat change id reported: 291868760; UID 10212; state: ENABLED
2026-01-23 16:21:36.285 23968-23968 SpellingOCRActivity     com.talq2me.baerened                 D  TTS initialized successfully
2026-01-23 16:21:38.720 23968-23993 EGL_emulation           com.talq2me.baerened                 D  app_time_stats: avg=1985.58ms min=40.42ms max=3930.73ms count=2
2026-01-23 16:21:40.113 23968-23993 EGL_emulation           com.talq2me.baerened                 D  app_time_stats: avg=95.58ms min=11.16ms max=1095.88ms count=14
2026-01-23 16:21:40.296 23968-24045 TransportR...EventStore com.talq2me.baerened                 D  Storing event with priority=VERY_LOW, name=FIREBASE_ML_SDK for destination cct
2026-01-23 16:21:40.310 23968-24045 TransportR...oScheduler com.talq2me.baerened                 D  Upload for context TransportContext(cct, VERY_LOW, MSRodHRwczovL2ZpcmViYXNlbG9nZ2luZy5nb29nbGVhcGlzLmNvbS92MGNjL2xvZy9iYXRjaD9mb3JtYXQ9anNvbl9wcm90bzNc) is already scheduled. Returning...
2026-01-23 16:21:40.440 23968-24065 nativeloader            com.talq2me.baerened                 D  Load /data/app/~~5SST5ylGmWosDDjbYgusOg==/com.talq2me.baerened-dNdYqr73PW4iyxec9YklFA==/base.apk!/lib/arm64-v8a/libmlkit_google_ocr_pipeline.so using ns clns-7 from class loader (caller=/data/app/~~5SST5ylGmWosDDjbYgusOg==/com.talq2me.baerened-dNdYqr73PW4iyxec9YklFA==/base.apk): ok
2026-01-23 16:21:40.447 23968-24065 native                  com.talq2me.baerened                 I  I0000 00:00:1769203300.443965   24065 asset_manager_util.cc:61] Created global reference to asset manager.
2026-01-23 16:21:40.494 23968-24065 Manager                 com.talq2me.baerened                 I  DeviceManager::DeviceManager
2026-01-23 16:21:40.494 23968-24065 ServerFlag              com.talq2me.baerened                 W  Failed to parse result of GetServerConfigurableFlag, errno=34
2026-01-23 16:21:40.494 23968-24065 Manager                 com.talq2me.baerened                 I  findAvailableDevices
2026-01-23 16:21:40.507 23968-24065 alq2me.baerened         com.talq2me.baerened                 W  AIBinder_linkToDeath is being called with a non-null cookie and no onUnlink callback set. This might not be intended. AIBinder_DeathRecipient_setOnUnlinked should be called first.
2026-01-23 16:21:40.514 23968-24065 alq2me.baerened         com.talq2me.baerened                 W  AIBinder_linkToDeath is being called with a non-null cookie and no onUnlink callback set. This might not be intended. AIBinder_DeathRecipient_setOnUnlinked should be called first.
2026-01-23 16:21:40.526 23968-24065 Manager                 com.talq2me.baerened                 I  Found interface nnapi-sample_all (version = JUST_AN_EXAMPLE)
2026-01-23 16:21:40.526 23968-24065 Manager                 com.talq2me.baerened                 I  Found interface nnapi-sample_quant (version = JUST_AN_EXAMPLE)
2026-01-23 16:21:40.526 23968-24065 Manager                 com.talq2me.baerened                 I  Found interface nnapi-sample_sl_shim (version = JUST_AN_EXAMPLE)
2026-01-23 16:21:40.585 23968-24068 libc                    com.talq2me.baerened                 W  Access denied finding property "ro.hardware.chipname"
2026-01-23 16:21:40.592 23968-24068 native                  com.talq2me.baerened                 I  I0000 00:00:1769203300.591716   24068 resource_manager.cc:23] Number of optimal threads: 2
2026-01-23 16:21:40.609 23968-24067 native                  com.talq2me.baerened                 I  I0000 00:00:1769203300.608867   24067 text_classifier.cc:32] Creating classifier TfliteTextClassifier
2026-01-23 16:21:40.615 23968-24068 native                  com.talq2me.baerened                 I  I0000 00:00:1769203300.615764   24068 text_detector_thread_pool_context.cc:38] Compute manager max in flight region detector overwrite: 1
2026-01-23 16:21:40.628 23968-24067 native                  com.talq2me.baerened                 I  I0000 00:00:1769203300.628631   24067 common_util.h:41] Resizing Thread Pool: ocr_segm to 3
2026-01-23 16:21:40.629 23968-24068 native                  com.talq2me.baerened                 I  I0000 00:00:1769203300.629010   24068 common_util.h:41] Resizing Thread Pool: ocr_det_0 to 3
2026-01-23 16:21:40.666 23968-24068 native                  com.talq2me.baerened                 I  I0000 00:00:1769203300.665971   24068 tflite_detector_client_with_shape_cache.cc:76] Interpreter threads: 2
2026-01-23 16:21:40.677 23968-24067 native                  com.talq2me.baerened                 I  I0000 00:00:1769203300.677261   24067 tflite_lstm_client_base.cc:371] Resizing interpreter pool to 4
2026-01-23 16:21:40.691 23968-24068 tflite                  com.talq2me.baerened                 I  Initialized TensorFlow Lite runtime.
2026-01-23 16:21:40.719 23968-24068 tflite                  com.talq2me.baerened                 I  Created TensorFlow Lite XNNPACK delegate for CPU.
2026-01-23 16:21:40.734 23968-24068 tflite                  com.talq2me.baerened                 I  Replacing 44 out of 46 node(s) with delegate (TfLiteXNNPackDelegate) node, yielding 3 partitions for the whole graph.
2026-01-23 16:21:40.760 23968-24067 native                  com.talq2me.baerened                 I  I0000 00:00:1769203300.760755   24067 multi_pass_line_recognition_mutator.cc:342] Preloading recognizers.
2026-01-23 16:21:40.773 23968-24068 native                  com.talq2me.baerened                 I  I0000 00:00:1769203300.773712   24068 tflite_detector_client_with_shape_cache.cc:105] Caching size: 10
2026-01-23 16:21:40.797 23968-24068 native                  com.talq2me.baerened                 I  I0000 00:00:1769203300.797577   24068 tflite_model_pooled_runner.cc:625] Loading mlkit-google-ocr-models/gocr/layout/line_splitting_custom_ops/model.tflite
2026-01-23 16:21:40.800 23968-24068 native                  com.talq2me.baerened                 I  I0000 00:00:1769203300.800433   24068 tflite_model_pooled_runner.cc:836] Resizing interpreter pool to 1
2026-01-23 16:21:40.811 23968-24076 native                  com.talq2me.baerened                 I  I0000 00:00:1769203300.811910   24076 tflite_model_pooled_runner.cc:625] Loading mlkit-google-ocr-models/gocr/gocr_models/line_recognition_legacy_mobile/Latn_ctc/optical/conv_model.fb
2026-01-23 16:21:40.812 23968-24076 native                  com.talq2me.baerened                 I  I0000 00:00:1769203300.812456   24076 tflite_model_pooled_runner.cc:636] Loading mlkit-google-ocr-models/gocr/gocr_models/line_recognition_legacy_mobile/Latn_ctc/optical/lstm_model.fb
2026-01-23 16:21:40.818 23968-24076 native                  com.talq2me.baerened                 I  I0000 00:00:1769203300.818740   24076 tflite_model_pooled_runner.cc:836] Resizing interpreter pool to 4
2026-01-23 16:21:40.819 23968-24068 native                  com.talq2me.baerened                 I  I0000 00:00:1769203300.819528   24068 tflite_model_pooled_runner.cc:625] Loading mlkit-google-ocr-models/gocr/layout/line_clustering_custom_ops/model.tflite
2026-01-23 16:21:40.823 23968-24068 native                  com.talq2me.baerened                 I  I0000 00:00:1769203300.823817   24068 tflite_model_pooled_runner.cc:836] Resizing interpreter pool to 1
2026-01-23 16:21:40.844 23968-24076 native                  com.talq2me.baerened                 I  I0000 00:00:1769203300.844724   24076 mobile_langid_v2.cc:58] MobileLangID V2 initialized.
2026-01-23 16:21:40.845 23968-24076 native                  com.talq2me.baerened                 I  I0000 00:00:1769203300.845340   24076 multi_pass_line_recognition_mutator.cc:364] Finished preloading a recognizer for "Latn"
2026-01-23 16:21:40.855 23968-24067 native                  com.talq2me.baerened                 I  I0000 00:00:1769203300.855354   24067 multi_pass_line_recognition_mutator.cc:398] Finished preloading recognizers.
2026-01-23 16:21:40.884 23968-24065 PipelineManager         com.talq2me.baerened                 D  Start process bitmap
2026-01-23 16:21:40.887 23968-24065 native                  com.talq2me.baerened                 I  I0000 00:00:1769203300.887669   24065 scheduler.cc:693] ImageMetadata: 2496x780
2026-01-23 16:21:40.970 23968-23968 vkp-mediapipe-0         com.talq2me.baerened                 W  type=1400 audit(0.0:1440): avc:  denied  { getattr } for  path="/sys/kernel/tracing/trace_marker" dev="tracefs" ino=1039 scontext=u:r:untrusted_app:s0:c212,c256,c512,c768 tcontext=u:object_r:debugfs_trace_marker:s0 tclass=file permissive=0 app=com.talq2me.baerened
2026-01-23 16:21:40.974 23968-23968 vkp-mediapipe-0         com.talq2me.baerened                 W  type=1400 audit(0.0:1441): avc:  denied  { getattr } for  path="/sys/kernel/tracing/trace_marker" dev="tracefs" ino=1039 scontext=u:r:untrusted_app:s0:c212,c256,c512,c768 tcontext=u:object_r:debugfs_trace_marker:s0 tclass=file permissive=0 app=com.talq2me.baerened
2026-01-23 16:21:40.974 23968-23968 vkp-mediapipe-0         com.talq2me.baerened                 W  type=1400 audit(0.0:1442): avc:  denied  { getattr } for  path="/sys/kernel/tracing/trace_marker" dev="tracefs" ino=1039 scontext=u:r:untrusted_app:s0:c212,c256,c512,c768 tcontext=u:object_r:debugfs_trace_marker:s0 tclass=file permissive=0 app=com.talq2me.baerened
2026-01-23 16:21:41.020 23968-24067 tflite                  com.talq2me.baerened                 I  Replacing 44 out of 46 node(s) with delegate (TfLiteXNNPackDelegate) node, yielding 3 partitions for the whole graph.
2026-01-23 16:21:41.116 23968-24067 tflite                  com.talq2me.baerened                 I  Replacing 44 out of 46 node(s) with delegate (TfLiteXNNPackDelegate) node, yielding 3 partitions for the whole graph.
2026-01-23 16:21:41.173 23968-24067 tflite                  com.talq2me.baerened                 I  Replacing 44 out of 46 node(s) with delegate (TfLiteXNNPackDelegate) node, yielding 3 partitions for the whole graph.
2026-01-23 16:21:41.316 23968-24067 tflite                  com.talq2me.baerened                 I  Replacing 44 out of 46 node(s) with delegate (TfLiteXNNPackDelegate) node, yielding 3 partitions for the whole graph.
2026-01-23 16:21:41.348 23968-24067 tflite                  com.talq2me.baerened                 I  Replacing 44 out of 46 node(s) with delegate (TfLiteXNNPackDelegate) node, yielding 3 partitions for the whole graph.
2026-01-23 16:21:41.372 23968-24067 tflite                  com.talq2me.baerened                 I  Replacing 44 out of 46 node(s) with delegate (TfLiteXNNPackDelegate) node, yielding 3 partitions for the whole graph.
2026-01-23 16:21:41.395 23968-24065 PipelineManager         com.talq2me.baerened                 D  OCR process succeeded via visionkit pipeline.
2026-01-23 16:21:41.406 23968-23968 SpellingOCRActivity     com.talq2me.baerened                 D  OCR recognized: ''
2026-01-23 16:21:41.417 23968-24045 TransportR...EventStore com.talq2me.baerened                 D  Storing event with priority=VERY_LOW, name=FIREBASE_ML_SDK for destination cct
2026-01-23 16:21:41.430 23968-23993 EGL_emulation           com.talq2me.baerened                 D  app_time_stats: avg=262.83ms min=15.75ms max=1147.17ms count=5
2026-01-23 16:21:41.463 23968-24045 TransportR...oScheduler com.talq2me.baerened                 D  Upload for context TransportContext(cct, VERY_LOW, MSRodHRwczovL2ZpcmViYXNlbG9nZ2luZy5nb29nbGVhcGlzLmNvbS92MGNjL2xvZy9iYXRjaD9mb3JtYXQ9anNvbl9wcm90bzNc) is already scheduled. Returning...
2026-01-23 16:21:41.515 23968-24045 TransportR...EventStore com.talq2me.baerened                 D  Storing event with priority=VERY_LOW, name=FIREBASE_ML_SDK for destination cct
2026-01-23 16:21:41.516 23968-24045 TransportR...oScheduler com.talq2me.baerened                 D  Upload for context TransportContext(cct, VERY_LOW, MSRodHRwczovL2ZpcmViYXNlbG9nZ2luZy5nb29nbGVhcGlzLmNvbS92MGNjL2xvZy9iYXRjaD9mb3JtYXQ9anNvbl9wcm90bzNc) is already scheduled. Returning...
2026-01-23 16:21:41.568 23968-24002 SpellingOCRActivity     com.talq2me.baerened                 D  Uploading spelling image (profile=TE, task=EngSpellingOCR-02-that-X)
2026-01-23 16:21:41.588 23968-24002 TrafficStats            com.talq2me.baerened                 D  tagSocket(131) with statsTag=0xffffffff, statsUid=-1
2026-01-23 16:21:41.615 23968-23981 alq2me.baerened         com.talq2me.baerened                 W  ApkAssets: Deleting an ApkAssets object '<empty> and /data/app/~~0oXHxI6bimYLLyImkqW5gQ==/com.google.android.tts-ots_n4ZfMlgeMqx7_fG0LQ==/base.apk' with 1 weak references
2026-01-23 16:21:41.628 23968-23981 alq2me.baerened         com.talq2me.baerened                 W  ApkAssets: Deleting an ApkAssets object '<empty> and /data/app/~~0oXHxI6bimYLLyImkqW5gQ==/com.google.android.tts-ots_n4ZfMlgeMqx7_fG0LQ==/split_config.en.apk' with 1 weak references
2026-01-23 16:21:41.629 23968-23981 alq2me.baerened         com.talq2me.baerened                 W  ApkAssets: Deleting an ApkAssets object '<empty> and /data/app/~~0oXHxI6bimYLLyImkqW5gQ==/com.google.android.tts-ots_n4ZfMlgeMqx7_fG0LQ==/split_config.x86_64.apk' with 1 weak references
2026-01-23 16:21:41.629 23968-23981 alq2me.baerened         com.talq2me.baerened                 W  ApkAssets: Deleting an ApkAssets object '<empty> and /data/app/~~0oXHxI6bimYLLyImkqW5gQ==/com.google.android.tts-ots_n4ZfMlgeMqx7_fG0LQ==/split_config.xhdpi.apk' with 1 weak references
2026-01-23 16:21:41.880 23968-24002 SpellingOCRActivity     com.talq2me.baerened                 D  Deleted existing image entry (response: 204)
2026-01-23 16:21:42.144 23968-24002 SpellingOCRActivity     com.talq2me.baerened                 D  Image upload POST response code: 201
2026-01-23 16:21:43.259 23968-23993 EGL_emulation           com.talq2me.baerened                 D  app_time_stats: avg=914.31ms min=545.21ms max=1283.41ms count=2
2026-01-23 16:21:44.368 23968-23993 EGL_emulation           com.talq2me.baerened                 D  app_time_stats: avg=80.23ms min=7.72ms max=824.72ms count=13
2026-01-23 16:21:44.540 23968-24092 PipelineManager         com.talq2me.baerened                 D  Start process bitmap
2026-01-23 16:21:44.831 23968-24092 PipelineManager         com.talq2me.baerened                 D  OCR process succeeded via visionkit pipeline.
2026-01-23 16:21:44.832 23968-23968 SpellingOCRActivity     com.talq2me.baerened                 D  OCR recognized: ''
2026-01-23 16:21:44.931 23968-24002 SpellingOCRActivity     com.talq2me.baerened                 D  Uploading spelling image (profile=TE, task=EngSpellingOCR-03-then-X)
2026-01-23 16:21:44.943 23968-24002 TrafficStats            com.talq2me.baerened                 D  tagSocket(140) with statsTag=0xffffffff, statsUid=-1
2026-01-23 16:21:45.301 23968-24002 SpellingOCRActivity     com.talq2me.baerened                 D  Deleted existing image entry (response: 204)
2026-01-23 16:21:45.344 23968-23968 ContentUpdateService    com.talq2me.baerened                 W  getCachedMainContent: Network error fetching from GitHub: null, falling back to cache
2026-01-23 16:21:45.348 23968-23968 ContentUpdateService    com.talq2me.baerened                 D  getCachedMainContent: Found content in cacheDir: TE_config.json (length=13495)
2026-01-23 16:21:45.367 23968-23968 SpellingOCRActivity     com.talq2me.baerened                 D  CRITICAL: About to mark task as complete - gameType: 'spellingOCR', gameTitle: 'Spelling OCR', isRequiredGame: true, sectionId: required
2026-01-23 16:21:45.370 23968-23968 DailyProgressManager    com.talq2me.baerened                 D  markTaskCompletedWithName called: taskId=spellingOCR, taskName=Spelling OCR, stars=3, isRequiredTask=true, sectionId=required
2026-01-23 16:21:45.373 23968-23968 DailyProgressManager    com.talq2me.baerened                 D  Current date string: 23-01-2026 04:21:45 PM
2026-01-23 16:21:45.373 23968-23968 DailyProgressManager    com.talq2me.baerened                 D  shouldResetProgress called - Last: '23-01-2026 09:51:24 AM' (date: 23-01-2026, source: local), Current: '23-01-2026 04:21:45 PM' (date: 23-01-2026), Should reset: false
2026-01-23 16:21:45.375 23968-23968 DailyProgressManager    com.talq2me.baerened                 D  markTaskCompletedWithName: taskId=spellingOCR, uniqueTaskId=spellingOCR, taskName=Spelling OCR, stars=3, isRequiredTask=true, actualIsRequired=true, sectionId=required
2026-01-23 16:21:45.375 23968-23968 DailyProgressManager    com.talq2me.baerened                 D  Current required tasks: [Google Read Along, Boukili, Math, Eng Spelling, Spelling OCR, Fr Spelling, French Vowels, Time Telling, Handwriting, Money Game, Sentence Builder, UFLI Words, Snake Catch, Math Hole, Word Garden, Number Line Math, Ten Frame Math, Word Fishing, Word Factory, Kung Fu Form, Kung Fu, Facile A Lire 2, Google Classroom, Ufli Home Videos, French UFLI]
2026-01-23 16:21:45.377 23968-23968 DailyProgressManager    com.talq2me.baerened                 D  CRITICAL: Saving required tasks for profile: TE
2026-01-23 16:21:45.377 23968-23968 DailyProgressManager    com.talq2me.baerened                 D  CRITICAL: JSON being saved: {"Google Read Along":{"stars":3,"status":"incomplete"},"Boukili":{"stars":3,"status":"incomplete"},"Math":{"displayDays":"mon,wed,fri","stars":3,"status":"incomplete"},"Eng Spelling":{"disable":"Jan 1, 2027","stars":3,"status":"incomplete"},"Spelling OCR":{"stars":3,"status":"complete"},"Fr Spelling":{"stars":3,"status":"incomplete"},"French Vowels":{"disable":"Jan 1, 2027","stars":3,"status":"incomplete"},"Time Telling":{"displayDays":"thu","stars":3,"status":"incomplete"},"Handwriting":{"disable":"Jan 15, 2026","stars":3,"status":"incomplete"},"Money Game":{"displayDays":"tue","stars":3,"status":"incomplete"},"Sentence Builder":{"stars":3,"status":"incomplete"},"UFLI Words":{"displayDays":"mon","stars":3,"status":"incomplete"},"Snake Catch":{"displayDays":"tue,fri","stars":3,"status":"incomplete"},"Math Hole":{"displayDays":"tue,fri","stars":3,"status":"incomplete"},"Word Garden":{"displayDays":"tue,fri","stars":3,"status":"incomplete"},"Number Line Math":{"stars":3,"status":"incomplete"},"Ten Frame Math":{"stars":3,"status":"incomplete"},"Word Fishing":{"displayDays":"wed,sat","stars":3,"status":"incomplete"},"Word Factory":{"displayDays":"thu,sun","stars":3,"status":"incomplete"},"Kung Fu Form":{"disable":"Jan 2, 2026","displayDays":"sat","stars":1,"status":"incomplete"},"Kung Fu":{"disable":"Jan 2, 2026","stars":1,"status":"incomplete"},"Facile A Lire 2":{"disable":"Jan 2, 2027","stars":3,"status":"incomplete"},"Google Classroom":{"disable":"Jan 2, 2026","displayDays":"tue,fri","stars":3,"status":"incomplete"},"Ufli Home Videos":{"disable":"Jan 2, 2027","stars":3,"status":"incomplete"},"French UFLI":{"disable":"Jan 2, 2027","stars":3,"status":"incomplete"}}
2026-01-23 16:21:45.377 23968-23968 DailyProgressManager    com.talq2me.baerened                 D  CRITICAL: Task keys being saved: [Google Read Along, Boukili, Math, Eng Spelling, Spelling OCR, Fr Spelling, French Vowels, Time Telling, Handwriting, Money Game, Sentence Builder, UFLI Words, Snake Catch, Math Hole, Word Garden, Number Line Math, Ten Frame Math, Word Fishing, Word Factory, Kung Fu Form, Kung Fu, Facile A Lire 2, Google Classroom, Ufli Home Videos, French UFLI]
2026-01-23 16:21:45.413 23968-23968 DailyProgressManager    com.talq2me.baerened                 D  CRITICAL: Successfully saved required tasks
2026-01-23 16:21:45.413 23968-23968 DailyProgressManager    com.talq2me.baerened                 D  CRITICAL: Verified saved JSON: {"Google Read Along":{"stars":3,"status":"incomplete"},"Boukili":{"stars":3,"status":"incomplete"},"Math":{"displayDays":"mon,wed,fri","stars":3,"status":"incomplete"},"Eng Spelling":{"disable":"Jan 1, 2027","stars":3,"status":"incomplete"},"Spelling OCR":{"stars":3,"status":"complete"},"Fr Spelling":{"stars":3,"status":"incomplete"},"French Vowels":{"disable":"Jan 1, 2027","stars":3,"status":"incomplete"},"Time Telling":{"displayDays":"thu","stars":3,"status":"incomplete"},"Handwriting":{"disable":"Jan 15, 2026","stars":3,"status":"incomplete"},"Money Game":{"displayDays":"tue","stars":3,"status":"incomplete"},"Sentence Builder":{"stars":3,"status":"incomplete"},"UFLI Words":{"displayDays":"mon","stars":3,"status":"incomplete"},"Snake Catch":{"displayDays":"tue,fri","stars":3,"status":"incomplete"},"Math Hole":{"displayDays":"tue,fri","stars":3,"status":"incomplete"},"Word Garden":{"displayDays":"tue,fri","stars":3,"status":"incomplete"},"Number Line Math":{"stars":3,"status":"incomplete"},"Ten Frame Math":{"stars":3,"status":"incomplete"},"Word Fishing":{"displayDays":"wed,sat","stars":3,"status":"incomplete"},"Word Factory":{"displayDays":"thu,sun","stars":3,"status":"incomplete"},"Kung Fu Form":{"disable":"Jan 2, 2026","displayDays":"sat","stars":1,"status":"incomplete"},"Kung Fu":{"disable":"Jan 2, 2026","stars":1,"status":"incomplete"},"Facile A Lire 2":{"disable":"Jan 2, 2027","stars":3,"status":"incomplete"},"Google Classroom":{"disable":"Jan 2, 2026","displayDays":"tue,fri","stars":3,"status":"incomplete"},"Ufli Home Videos":{"disable":"Jan 2, 2027","stars":3,"status":"incomplete"},"French UFLI":{"disable":"Jan 2, 2027","stars":3,"status":"incomplete"}}
2026-01-23 16:21:45.425 23968-23968 DailyProgressManager    com.talq2me.baerened                 D  CRITICAL: Required task spellingOCR (Spelling OCR) completed, earned 3 stars (counts toward progress), stored 3 stars in TaskProgress
2026-01-23 16:21:45.425 23968-23968 DailyProgressManager    com.talq2me.baerened                 D  CRITICAL: Saved task with key: 'Spelling OCR', status: 'complete'
2026-01-23 16:21:45.425 23968-23968 DailyProgressManager    com.talq2me.baerened                 D  CRITICAL: Current required tasks keys after save: [Google Read Along, Boukili, Math, Eng Spelling, Spelling OCR, Fr Spelling, French Vowels, Time Telling, Handwriting, Money Game, Sentence Builder, UFLI Words, Snake Catch, Math Hole, Word Garden, Number Line Math, Ten Frame Math, Word Fishing, Word Factory, Kung Fu Form, Kung Fu, Facile A Lire 2, Google Classroom, Ufli Home Videos, French UFLI]
2026-01-23 16:21:45.425 23968-23968 SpellingOCRActivity     com.talq2me.baerened                 D  CRITICAL: Task marked as complete, earnedStars: 3
2026-01-23 16:21:45.425 23968-23968 DailyProgressManager    com.talq2me.baerened                 D  Set banked reward minutes to 10 (requested: 10) for profile: TE, timestamp: 2026-01-23T16:21:45.425-05:00, last_updated: 2026-01-23T16:21:45.425-05:00
2026-01-23 16:21:45.451 23968-23968 TimeTracker             com.talq2me.baerened                 D  Updated stars for game: 3
2026-01-23 16:21:45.475 23968-23968 SpellingOCRActivity     com.talq2me.baerened                 D  Added 3 berries to battle hub
2026-01-23 16:21:45.493 23968-23968 CloudStorageManager     com.talq2me.baerened                 D  saveIfEnabled called for profile: TE
2026-01-23 16:21:45.493 23968-23968 CloudStorageManager     com.talq2me.baerened                 D  Starting cloud sync for profile: TE
2026-01-23 16:21:45.504 23968-23997 TrafficStats            com.talq2me.baerened                 D  tagSocket(182) with statsTag=0xffffffff, statsUid=-1
2026-01-23 16:21:45.505 23968-23999 TaskProgressMigration   com.talq2me.baerened                 D  Migration already completed for profile: TE
2026-01-23 16:21:45.521 23968-23998 ProgressDataCollector   com.talq2me.baerened                 D  Converted last_reset from '23-01-2026 09:51:24 AM' to EST format: 2026-01-23T09:51:24-05:00
2026-01-23 16:21:45.524 23968-23998 ProgressDataCollector   com.talq2me.baerened                 D  CRITICAL: Reading required_tasks from local storage for profile: TE
