2026-01-25 16:15:59.836  6340-6340  BattleHubActivity       com.talq2me.baerened                 D  updateCountsDisplay: earnedCoins=8, earnedStars=0
2026-01-25 16:15:59.836  6340-6340  BattleHubActivity       com.talq2me.baerened                 D  updateCountsDisplay: completedTasks keys=[Google Read Along, Boukili, Math, Eng Spelling, Spelling OCR, Fr Spelling, French Vowels, Time Telling, Handwriting, Money Game, Sentence Builder, UFLI Words, Snake Catch, Math Hole, Word Garden, Number Line Math, Ten Frame Math, Word Fishing, Word Factory, Kung Fu Form, Kung Fu, Facile A Lire 2, Google Classroom, Ufli Home Videos, French UFLI, Laundry, Printing, Practice piano, Practice Kung Fu, Push ups: 15]
2026-01-25 16:15:59.836  6340-6340  BattleHubActivity       com.talq2me.baerened                 D  updateCountsDisplay: About to update UI with coins=8, berries=0, minutes=10
2026-01-25 16:15:59.838  6340-6340  BattleHubActivity       com.talq2me.baerened                 D  updateCountsDisplay: earnedBerries=0
2026-01-25 16:15:59.838  6340-6340  BattleHubActivity       com.talq2me.baerened                 D  updateCountsDisplay: UI updated - coinCount.text=8 🪙, berryCountDisplay.text=0 🍍, minuteCount.text=10 ⏱️
2026-01-25 16:15:59.838  6340-6340  BattleHubActivity       com.talq2me.baerened                 D  DEBUG: getAllEarnedStars returned 0 for currentContent=true
2026-01-25 16:15:59.839  6340-6340  DailyProgressManager    com.talq2me.baerened                 D  Current date string: 25-01-2026 04:15:59 PM
2026-01-25 16:15:59.841  6340-6340  DailyProgressManager    com.talq2me.baerened                 D  shouldResetProgress called - Last: '25-01-2026 01:44:56 PM' (date: 25-01-2026, source: local), Current: '25-01-2026 04:15:59 PM' (date: 25-01-2026), Should reset: false
2026-01-25 16:15:59.841  6340-6340  DailyProgressManager    com.talq2me.baerened                 D  CRITICAL: getCompletedTasksMap() - requiredTasks keys: [Google Read Along, Boukili, Math, Eng Spelling, Spelling OCR, Fr Spelling, French Vowels, Time Telling, Handwriting, Money Game, Sentence Builder, UFLI Words, Snake Catch, Math Hole, Word Garden, Number Line Math, Ten Frame Math, Word Fishing, Word Factory, Kung Fu Form, Kung Fu, Facile A Lire 2, Google Classroom, Ufli Home Videos, French UFLI, Laundry, Printing, Practice piano, Practice Kung Fu, Push ups: 15]
2026-01-25 16:15:59.841  6340-6340  CRITICAL                com.talq2me.baerened                 D  CRITICAL: getCompletedTasksMap() - completed tasks: [Spelling OCR, Laundry, Printing, Practice piano, Practice Kung Fu, Push ups: 15]
2026-01-25 16:15:59.841  6340-6340  BattleHubActivity       com.talq2me.baerened                 D  DEBUG: progressManager.getCompletedTasksMap() = {Google Read Along=false, Boukili=false, Math=false, Eng Spelling=false, Spelling OCR=true, Fr Spelling=false, French Vowels=false, Time Telling=false, Handwriting=false, Money Game=false, Sentence Builder=false, UFLI Words=false, Snake Catch=false, Math Hole=false, Word Garden=false, Number Line Math=false, Ten Frame Math=false, Word Fishing=false, Word Factory=false, Kung Fu Form=false, Kung Fu=false, Facile A Lire 2=false, Google Classroom=false, Ufli Home Videos=false, French UFLI=false, Laundry=true, Printing=true, Practice piano=true, Practice Kung Fu=true, Push ups: 15=true}
2026-01-25 16:15:59.841  6340-6340  BattleHubActivity       com.talq2me.baerened                 D  updateBerryMeter() CALLED
2026-01-25 16:15:59.842  6340-6340  BattleHubActivity       com.talq2me.baerened                 D  updateBerryMeter: jsonString is NOT NULL (length=14017)
2026-01-25 16:15:59.845  6340-6340  BattleHubActivity       com.talq2me.baerened                 D  updateBerryMeter: currentContent is NOT NULL
2026-01-25 16:15:59.846  6340-6340  DailyProgressManager    com.talq2me.baerened                 D  Current date string: 25-01-2026 04:15:59 PM
2026-01-25 16:15:59.846  6340-6340  DailyProgressManager    com.talq2me.baerened                 D  shouldResetProgress called - Last: '25-01-2026 01:44:56 PM' (date: 25-01-2026, source: local), Current: '25-01-2026 04:15:59 PM' (date: 25-01-2026), Should reset: false
2026-01-25 16:15:59.847  6340-6365  TaskProgressMigration   com.talq2me.baerened                 D  Migration already completed for profile: TE
2026-01-25 16:15:59.854  6340-6340  DailyProgressManager    com.talq2me.baerened                 D  getCurrentProgressWithCoinsAndStars: taskName=Spelling OCR, stars=3, isCompleted=true, requiredTasks keys=[Google Read Along, Boukili, Math, Eng Spelling, Spelling OCR, Fr Spelling, French Vowels, Time Telling, Handwriting, Money Game, Sentence Builder, UFLI Words, Snake Catch, Math Hole, Word Garden, Number Line Math, Ten Frame Math, Word Fishing, Word Factory, Kung Fu Form, Kung Fu, Facile A Lire 2, Google Classroom, Ufli Home Videos, French UFLI, Laundry, Printing, Practice piano, Practice Kung Fu, Push ups: 15]
2026-01-25 16:15:59.854  6340-6340  DailyProgressManager    com.talq2me.baerened                 D  Added to progress: taskName=Spelling OCR, stars=3, total earnedStars=3, total earnedCoins=3
2026-01-25 16:15:59.864  6340-6340  DailyProgressManager    com.talq2me.baerened                 D  Calculated totals from config - Coins: 8, Stars: 8 (required section only)
2026-01-25 16:15:59.864  6340-6340  BattleHubActivity       com.talq2me.baerened                 D  Berry meter: earnedStars=0, totalStars=8
2026-01-25 16:15:59.864  6340-6340  BattleHubActivity       com.talq2me.baerened                 D  DEBUG updateBerryMeter: currentContent required_tasks count=58
2026-01-25 16:15:59.864  6340-6340  DailyProgressManager    com.talq2me.baerened                 D  Current date string: 25-01-2026 04:15:59 PM
2026-01-25 16:15:59.865  6340-6340  DailyProgressManager    com.talq2me.baerened                 D  shouldResetProgress called - Last: '25-01-2026 01:44:56 PM' (date: 25-01-2026, source: local), Current: '25-01-2026 04:15:59 PM' (date: 25-01-2026), Should reset: false
2026-01-25 16:15:59.865  6340-6340  DailyProgressManager    com.talq2me.baerened                 D  CRITICAL: getCompletedTasksMap() - requiredTasks keys: [Google Read Along, Boukili, Math, Eng Spelling, Spelling OCR, Fr Spelling, French Vowels, Time Telling, Handwriting, Money Game, Sentence Builder, UFLI Words, Snake Catch, Math Hole, Word Garden, Number Line Math, Ten Frame Math, Word Fishing, Word Factory, Kung Fu Form, Kung Fu, Facile A Lire 2, Google Classroom, Ufli Home Videos, French UFLI, Laundry, Printing, Practice piano, Practice Kung Fu, Push ups: 15]
2026-01-25 16:15:59.865  6340-6340  CRITICAL                com.talq2me.baerened                 D  CRITICAL: getCompletedTasksMap() - completed tasks: [Spelling OCR, Laundry, Printing, Practice piano, Practice Kung Fu, Push ups: 15]
2026-01-25 16:15:59.865  6340-6340  BattleHubActivity       com.talq2me.baerened                 D  DEBUG updateBerryMeter: progressManager.getCompletedTasksMap() = {Google Read Along=false, Boukili=false, Math=false, Eng Spelling=false, Spelling OCR=true, Fr Spelling=false, French Vowels=false, Time Telling=false, Handwriting=false, Money Game=false, Sentence Builder=false, UFLI Words=false, Snake Catch=false, Math Hole=false, Word Garden=false, Number Line Math=false, Ten Frame Math=false, Word Fishing=false, Word Factory=false, Kung Fu Form=false, Kung Fu=false, Facile A Lire 2=false, Google Classroom=false, Ufli Home Videos=false, French UFLI=false, Laundry=true, Printing=true, Practice piano=true, Practice Kung Fu=true, Push ups: 15=true}
2026-01-25 16:15:59.867  6340-6340  BattleHubActivity       com.talq2me.baerened                 D  updateBerryMeter: UI updated - berryCount.text=0 / 8 Berries, percentage=0
2026-01-25 16:15:59.872  6340-6340  DailyProgressManager    com.talq2me.baerened                 D  Current date string: 25-01-2026 04:15:59 PM
2026-01-25 16:15:59.872  6340-6340  DailyProgressManager    com.talq2me.baerened                 D  shouldResetProgress called - Last: '25-01-2026 01:44:56 PM' (date: 25-01-2026, source: local), Current: '25-01-2026 04:15:59 PM' (date: 25-01-2026), Should reset: false
2026-01-25 16:15:59.872  6340-6365  TaskProgressMigration   com.talq2me.baerened                 D  Migration already completed for profile: TE
2026-01-25 16:15:59.872  6340-6340  DailyProgressManager    com.talq2me.baerened                 D  CRITICAL: getCompletedTasksMap() - requiredTasks keys: [Google Read Along, Boukili, Math, Eng Spelling, Spelling OCR, Fr Spelling, French Vowels, Time Telling, Handwriting, Money Game, Sentence Builder, UFLI Words, Snake Catch, Math Hole, Word Garden, Number Line Math, Ten Frame Math, Word Fishing, Word Factory, Kung Fu Form, Kung Fu, Facile A Lire 2, Google Classroom, Ufli Home Videos, French UFLI, Laundry, Printing, Practice piano, Practice Kung Fu, Push ups: 15]
2026-01-25 16:15:59.873  6340-6340  CRITICAL                com.talq2me.baerened                 D  CRITICAL: getCompletedTasksMap() - completed tasks: [Spelling OCR, Laundry, Printing, Practice piano, Practice Kung Fu, Push ups: 15]
2026-01-25 16:15:59.873  6340-6340  BattleHubActivity       com.talq2me.baerened                 D  updateEarnButtonsState: completedTasksMap keys: [Google Read Along, Boukili, Math, Eng Spelling, Spelling OCR, Fr Spelling, French Vowels, Time Telling, Handwriting, Money Game, Sentence Builder, UFLI Words, Snake Catch, Math Hole, Word Garden, Number Line Math, Ten Frame Math, Word Fishing, Word Factory, Kung Fu Form, Kung Fu, Facile A Lire 2, Google Classroom, Ufli Home Videos, French UFLI, Laundry, Printing, Practice piano, Practice Kung Fu, Push ups: 15]
2026-01-25 16:15:59.873  6340-6340  BattleHubActivity       com.talq2me.baerened                 D  updateEarnButtonsState: completedTasksMap size: 30
2026-01-25 16:15:59.873  6340-6340  BattleHubActivity       com.talq2me.baerened                 D  updateEarnButtonsState: completed tasks (true): [Spelling OCR, Laundry, Printing, Practice piano, Practice Kung Fu, Push ups: 15]
2026-01-25 16:15:59.882  6340-6340  BattleHubActivity       com.talq2me.baerened                 D  updateEarnButtonsState: requiredTasks count: 17
2026-01-25 16:15:59.882  6340-6340  BattleHubActivity       com.talq2me.baerened                 D  updateEarnButtonsState: requiredTasks titles: [Google Read Along, Boukili, Eng Spelling, Spelling OCR, Fr Spelling, Fr Spelling, Eng Spelling, French Vowels, Handwriting, Sentence Builder, Number Line Math, Ten Frame Math, Word Factory, Kung Fu, Facile A Lire 2, Ufli Home Videos, French UFLI]
2026-01-25 16:15:59.882  6340-6340  BattleHubActivity       com.talq2me.baerened                 D  updateEarnButtonsState: task 'Google Read Along' (launch: googleReadAlong) completed: false
2026-01-25 16:15:59.882  6340-6340  BattleHubActivity       com.talq2me.baerened                 D  updateEarnButtonsState: allRequiredCompleted: false
2026-01-25 16:15:59.885  6340-6368  TaskProgressMigration   com.talq2me.baerened                 D  Migration already completed for profile: TE
2026-01-25 16:16:00.381  6340-6340  VRI[Traini...pActivity] com.talq2me.baerened                 D  visibilityChanged oldVisibility=true newVisibility=false
2026-01-25 16:16:00.423  6340-6340  WindowOnBackDispatcher  com.talq2me.baerened                 W  sendCancelIfRunning: isInProgress=false callback=android.view.ViewRootImpl$$ExternalSyntheticLambda11@fbf2b9e
2026-01-25 16:16:00.573  6340-6360  EGL_emulation           com.talq2me.baerened                 D  app_time_stats: avg=22.66ms min=2.86ms max=92.50ms count=37
2026-01-25 16:16:01.584  6340-6360  EGL_emulation           com.talq2me.baerened                 D  app_time_stats: avg=13.18ms min=2.21ms max=31.40ms count=51
2026-01-25 16:16:02.585  6340-6360  EGL_emulation           com.talq2me.baerened                 D  app_time_stats: avg=12.38ms min=1.94ms max=48.69ms count=51
2026-01-25 16:16:03.602  6340-6360  EGL_emulation           com.talq2me.baerened                 D  app_time_stats: avg=12.57ms min=1.81ms max=26.67ms count=52
2026-01-25 16:16:04.608  6340-6360  EGL_emulation           com.talq2me.baerened                 D  app_time_stats: avg=13.07ms min=2.01ms max=30.00ms count=50
2026-01-25 16:16:05.634  6340-6360  EGL_emulation           com.talq2me.baerened                 D  app_time_stats: avg=14.79ms min=1.70ms max=37.10ms count=50
2026-01-25 16:16:06.651  6340-6360  EGL_emulation           com.talq2me.baerened                 D  app_time_stats: avg=14.38ms min=2.06ms max=39.35ms count=48
2026-01-25 16:16:07.654  6340-6360  EGL_emulation           com.talq2me.baerened                 D  app_time_stats: avg=14.91ms min=2.29ms max=28.06ms count=49
2026-01-25 16:16:08.660  6340-6360  EGL_emulation           com.talq2me.baerened                 D  app_time_stats: avg=10.97ms min=2.03ms max=24.65ms count=56
2026-01-25 16:16:09.677  6340-6360  EGL_emulation           com.talq2me.baerened                 D  app_time_stats: avg=11.83ms min=1.83ms max=35.77ms count=54
2026-01-25 16:16:10.689  6340-6360  EGL_emulation           com.talq2me.baerened                 D  app_time_stats: avg=16.86ms min=2.79ms max=54.77ms count=44
2026-01-25 16:16:10.875  6340-6365  TaskProgressMigration   com.talq2me.baerened                 D  Migration already completed for profile: TE
2026-01-25 16:16:10.885  6340-6340  TrainingMapActivity     com.talq2me.baerened                 D  onResume called
2026-01-25 16:16:10.886  6340-6340  TrainingMapActivity     com.talq2me.baerened                 D  onResume: Map not initialized yet, skipping refresh
2026-01-25 16:16:11.058  6340-6368  DailyReset...yncManager com.talq2me.baerened                 D  Starting daily_reset_process() and cloud_sync() for profile: TE
2026-01-25 16:16:11.059  6340-6368  DailyReset...yncManager com.talq2me.baerened                 D  daily_reset_process() started for profile: TE
2026-01-25 16:16:11.059  6340-6368  DailyReset...yncManager com.talq2me.baerened                 D  Local last_reset is old: 2026-01-24 13:17:33.990, checking cloud...
2026-01-25 16:16:11.059  6340-6368  DailyReset...yncManager com.talq2me.baerened                 D  Attempting to fetch cloud last_reset from: https://ubrecfefhkcxwhohshdg.supabase.co (profile: TE)
2026-01-25 16:16:11.061  6340-6365  TaskProgressMigration   com.talq2me.baerened                 D  Migration already completed for profile: TE
2026-01-25 16:16:11.128  6340-6368  TrafficStats            com.talq2me.baerened                 D  tagSocket(82) with statsTag=0xffffffff, statsUid=-1
2026-01-25 16:16:11.306  6340-6368  DailyReset...yncManager com.talq2me.baerened                 D  Cloud last_reset is today: 2026-01-25 13:44:56.000, will attempt cloud_sync()
2026-01-25 16:16:11.306  6340-6368  DailyReset...yncManager com.talq2me.baerened                 D  cloud_sync() started for profile: TE
2026-01-25 16:16:11.306  6340-6368  DailyReset...yncManager com.talq2me.baerened                 D  Attempting to fetch cloud last_reset from: https://ubrecfefhkcxwhohshdg.supabase.co (profile: TE)
2026-01-25 16:16:11.406  6340-6368  DailyReset...yncManager com.talq2me.baerened                 D  Attempting to fetch cloud last_updated from: https://ubrecfefhkcxwhohshdg.supabase.co (profile: TE)
2026-01-25 16:16:11.506  6340-6368  DailyReset...yncManager com.talq2me.baerened                 D  cloud_sync() timestamp comparison:
2026-01-25 16:16:11.506  6340-6368  DailyReset...yncManager com.talq2me.baerened                 D    Local: 2026-01-25 16:02:22.033 (parsed: 1769374942033)
2026-01-25 16:16:11.506  6340-6368  DailyReset...yncManager com.talq2me.baerened                 D    Cloud: 2026-01-25T16:02:22.033 (parsed: 1769374942033)
2026-01-25 16:16:11.506  6340-6368  DailyReset...yncManager com.talq2me.baerened                 D    Difference: 0ms (positive = local newer)
2026-01-25 16:16:11.508  6340-6368  DailyReset...yncManager com.talq2me.baerened                 D  Local and cloud timestamps are equal, doing nothing
2026-01-25 16:16:11.508  6340-6368  DailyReset...yncManager com.talq2me.baerened                 D  Completed daily_reset_process() and cloud_sync() for profile: TE
2026-01-25 16:16:11.508  6340-6368  TrainingMapActivity     com.talq2me.baerened                 D  Daily reset and sync completed for profile: TE
2026-01-25 16:16:11.547  6340-6340  WindowOnBackDispatcher  com.talq2me.baerened                 W  sendCancelIfRunning: isInProgress=false callback=android.view.ViewRootImpl$$ExternalSyntheticLambda11@fc30ae5
2026-01-25 16:16:11.647  6340-6368  TrafficStats            com.talq2me.baerened                 D  tagSocket(135) with statsTag=0xffffffff, statsUid=-1
2026-01-25 16:16:11.700  6340-6360  EGL_emulation           com.talq2me.baerened                 D  app_time_stats: avg=32.46ms min=2.17ms max=177.67ms count=27
2026-01-25 16:16:11.725  6340-6368  ContentUpdateService    com.talq2me.baerened                 D  Successfully fetched from network.
2026-01-25 16:16:11.726  6340-6368  ContentUpdateService    com.talq2me.baerened                 D  Saved content to cache: TE_config.json
2026-01-25 16:16:11.743  6340-6368  TrainingMapActivity     com.talq2me.baerened                 D  Successfully fetched config from GitHub
2026-01-25 16:16:11.754  6340-6368  DailyProgressManager    com.talq2me.baerened                 D  Current date string: 25-01-2026 04:16:11 PM
2026-01-25 16:16:11.758  6340-6365  TrafficStats            com.talq2me.baerened                 D  tagSocket(162) with statsTag=0xffffffff, statsUid=-1
2026-01-25 16:16:11.805  6340-6340  VRI[BattleHubActivity]  com.talq2me.baerened                 D  visibilityChanged oldVisibility=true newVisibility=false
2026-01-25 16:16:11.906  6340-6365  DailyProgressManager    com.talq2me.baerened                 D  Fetched last_reset from cloud: 25-01-2026 01:44:56 PM (cloud timestamp: 2026-01-25T13:44:56)
2026-01-25 16:16:11.906  6340-6368  DailyProgressManager    com.talq2me.baerened                 D  shouldResetProgress called - Last: '25-01-2026 01:44:56 PM' (date: 25-01-2026, source: cloud), Current: '25-01-2026 04:16:11 PM' (date: 25-01-2026), Should reset: false
2026-01-25 16:16:11.908  6340-6368  DailyProgressManager    com.talq2me.baerened                 D  CRITICAL: getCompletedTasksMap() - requiredTasks keys: [Google Read Along, Boukili, Math, Eng Spelling, Spelling OCR, Fr Spelling, French Vowels, Time Telling, Handwriting, Money Game, Sentence Builder, UFLI Words, Snake Catch, Math Hole, Word Garden, Number Line Math, Ten Frame Math, Word Fishing, Word Factory, Kung Fu Form, Kung Fu, Facile A Lire 2, Google Classroom, Ufli Home Videos, French UFLI, Laundry, Printing, Practice piano, Practice Kung Fu, Push ups: 15]
2026-01-25 16:16:11.909  6340-6368  CRITICAL                com.talq2me.baerened                 D  CRITICAL: getCompletedTasksMap() - completed tasks: [Spelling OCR, Laundry, Printing, Practice piano, Practice Kung Fu, Push ups: 15]
2026-01-25 16:16:11.931  6340-6340  TrainingMapActivity     com.talq2me.baerened                 D  CRITICAL: Checking completion for task: 'Spelling OCR' (taskId: spellingOCR)
2026-01-25 16:16:11.931  6340-6340  TrainingMapActivity     com.talq2me.baerened                 D  CRITICAL: completedTasksMap['Spelling OCR'] = true
2026-01-25 16:16:11.931  6340-6340  TrainingMapActivity     com.talq2me.baerened                 D  CRITICAL: isCompleted = true
2026-01-25 16:16:11.931  6340-6340  TrainingMapActivity     com.talq2me.baerened                 D  CRITICAL: All keys in completedTasksMap: [Google Read Along, Boukili, Math, Eng Spelling, Spelling OCR, Fr Spelling, French Vowels, Time Telling, Handwriting, Money Game, Sentence Builder, UFLI Words, Snake Catch, Math Hole, Word Garden, Number Line Math, Ten Frame Math, Word Fishing, Word Factory, Kung Fu Form, Kung Fu, Facile A Lire 2, Google Classroom, Ufli Home Videos, French UFLI, Laundry, Printing, Practice piano, Practice Kung Fu, Push ups: 15]
2026-01-25 16:16:13.209  6340-6360  EGL_emulation           com.talq2me.baerened                 D  app_time_stats: avg=438.39ms min=30.69ms max=1225.99ms count=5
2026-01-25 16:16:13.803  6340-6340  BattleHubActivity       com.talq2me.baerened                 D  Starting daily reset and sync in onActivityResult for profile TE
2026-01-25 16:16:13.808  6340-6340  BattleHubActivity       com.talq2me.baerened                 D  Starting daily reset and sync in onResume for profile TE
2026-01-25 16:16:13.817  6340-6366  TaskProgressMigration   com.talq2me.baerened                 D  Migration already completed for profile: TE
2026-01-25 16:16:13.817  6340-6369  TaskProgressMigration   com.talq2me.baerened                 D  Migration already completed for profile: TE
2026-01-25 16:16:13.824  6340-6340  DailyProgressManager    com.talq2me.baerened                 D  Current date string: 25-01-2026 04:16:13 PM
2026-01-25 16:16:13.824  6340-6340  DailyProgressManager    com.talq2me.baerened                 D  shouldResetProgress called - Last: '25-01-2026 01:44:56 PM' (date: 25-01-2026, source: local), Current: '25-01-2026 04:16:13 PM' (date: 25-01-2026), Should reset: false
2026-01-25 16:16:13.826  6340-6416  DailyReset...yncManager com.talq2me.baerened                 D  Starting daily_reset_process() and cloud_sync() for profile: TE
2026-01-25 16:16:13.827  6340-6365  TaskProgressMigration   com.talq2me.baerened                 D  Migration already completed for profile: TE
2026-01-25 16:16:13.827  6340-6368  DailyReset...yncManager com.talq2me.baerened                 D  Starting daily_reset_process() and cloud_sync() for profile: TE
2026-01-25 16:16:13.828  6340-6368  DailyReset...yncManager com.talq2me.baerened                 D  daily_reset_process() started for profile: TE
2026-01-25 16:16:13.829  6340-6368  DailyReset...yncManager com.talq2me.baerened                 D  Local last_reset is old: 2026-01-24 13:17:33.990, checking cloud...
2026-01-25 16:16:13.829  6340-6368  DailyReset...yncManager com.talq2me.baerened                 D  Attempting to fetch cloud last_reset from: https://ubrecfefhkcxwhohshdg.supabase.co (profile: TE)
2026-01-25 16:16:13.830  6340-6416  DailyReset...yncManager com.talq2me.baerened                 D  daily_reset_process() started for profile: TE
2026-01-25 16:16:13.834  6340-6416  DailyReset...yncManager com.talq2me.baerened                 D  Local last_reset is old: 2026-01-24 13:17:33.990, checking cloud...
2026-01-25 16:16:13.835  6340-6416  DailyReset...yncManager com.talq2me.baerened                 D  Attempting to fetch cloud last_reset from: https://ubrecfefhkcxwhohshdg.supabase.co (profile: TE)
2026-01-25 16:16:13.838  6340-6368  TrafficStats            com.talq2me.baerened                 D  tagSocket(128) with statsTag=0xffffffff, statsUid=-1
2026-01-25 16:16:13.845  6340-6340  BattleHubActivity       com.talq2me.baerened                 D  updateCountsDisplay() CALLED
2026-01-25 16:16:13.845  6340-6340  BattleHubActivity       com.talq2me.baerened                 D  DEBUG: completed_tasks = {"math":false,"kung_fu":false,"math_hole":false,"fr_spelling":false,"snake_catch":false,"word_garden":false,"ten_frame_math":false,"google_classroom":false,"number_line_math":false,"sentence_builder":false,"google_read_along":true}
2026-01-25 16:16:13.845  6340-6340  BattleHubActivity       com.talq2me.baerened                 D  DEBUG: completed_task_names = {"math":"Math","kung_fu":"Kung Fu","math_hole":"Math Hole","fr_spelling":"Fr Spelling","snake_catch":"Snake Catch","word_garden":"Word Garden","ten_frame_math":"Ten Frame Math","google_classroom":"Google Classroom","number_line_math":"Number Line Math","sentence_builder":"Sentence Builder","google_read_along":"Google Read Along"}
2026-01-25 16:16:13.845  6340-6340  BattleHubActivity       com.talq2me.baerened                 D  updateCountsDisplay: jsonString is NOT NULL (length=14017)
2026-01-25 16:16:13.850  6340-6416  TrafficStats            com.talq2me.baerened                 D  tagSocket(147) with statsTag=0xffffffff, statsUid=-1
2026-01-25 16:16:13.851  6340-6366  TaskProgressMigration   com.talq2me.baerened                 D  Migration already completed for profile: TE
2026-01-25 16:16:13.852  6340-6340  BattleHubActivity       com.talq2me.baerened                 D  updateCountsDisplay: currentContent is NOT NULL
2026-01-25 16:16:13.853  6340-6340  DailyProgressManager    com.talq2me.baerened                 D  Current date string: 25-01-2026 04:16:13 PM
2026-01-25 16:16:13.853  6340-6340  DailyProgressManager    com.talq2me.baerened                 D  shouldResetProgress called - Last: '25-01-2026 01:44:56 PM' (date: 25-01-2026, source: local), Current: '25-01-2026 04:16:13 PM' (date: 25-01-2026), Should reset: false
2026-01-25 16:16:13.863  6340-6340  DailyProgressManager    com.talq2me.baerened                 D  getCurrentProgressWithCoinsAndStars: taskName=Spelling OCR, stars=3, isCompleted=true, requiredTasks keys=[Google Read Along, Boukili, Math, Eng Spelling, Spelling OCR, Fr Spelling, French Vowels, Time Telling, Handwriting, Money Game, Sentence Builder, UFLI Words, Snake Catch, Math Hole, Word Garden, Number Line Math, Ten Frame Math, Word Fishing, Word Factory, Kung Fu Form, Kung Fu, Facile A Lire 2, Google Classroom, Ufli Home Videos, French UFLI, Laundry, Printing, Practice piano, Practice Kung Fu, Push ups: 15]
2026-01-25 16:16:13.865  6340-6340  DailyProgressManager    com.talq2me.baerened                 D  Added to progress: taskName=Spelling OCR, stars=3, total earnedStars=3, total earnedCoins=3
2026-01-25 16:16:13.874  6340-6340  DailyProgressManager    com.talq2me.baerened                 D  Calculated totals from config - Coins: 8, Stars: 8 (required section only)
2026-01-25 16:16:13.874  6340-6340  DailyProgressManager    com.talq2me.baerened                 D  Current date string: 25-01-2026 04:16:13 PM
2026-01-25 16:16:13.875  6340-6340  DailyProgressManager    com.talq2me.baerened                 D  shouldResetProgress called - Last: '25-01-2026 01:44:56 PM' (date: 25-01-2026, source: local), Current: '25-01-2026 04:16:13 PM' (date: 25-01-2026), Should reset: false
2026-01-25 16:16:13.876  6340-6340  DailyProgressManager    com.talq2me.baerened                 D  CRITICAL: getCompletedTasksMap() - requiredTasks keys: [Google Read Along, Boukili, Math, Eng Spelling, Spelling OCR, Fr Spelling, French Vowels, Time Telling, Handwriting, Money Game, Sentence Builder, UFLI Words, Snake Catch, Math Hole, Word Garden, Number Line Math, Ten Frame Math, Word Fishing, Word Factory, Kung Fu Form, Kung Fu, Facile A Lire 2, Google Classroom, Ufli Home Videos, French UFLI, Laundry, Printing, Practice piano, Practice Kung Fu, Push ups: 15]
2026-01-25 16:16:13.876  6340-6340  CRITICAL                com.talq2me.baerened                 D  CRITICAL: getCompletedTasksMap() - completed tasks: [Spelling OCR, Laundry, Printing, Practice piano, Practice Kung Fu, Push ups: 15]
2026-01-25 16:16:13.877  6340-6340  BattleHubActivity       com.talq2me.baerened                 D  updateCountsDisplay: earnedCoins=8, earnedStars=0
2026-01-25 16:16:13.878  6340-6340  BattleHubActivity       com.talq2me.baerened                 D  updateCountsDisplay: completedTasks keys=[Google Read Along, Boukili, Math, Eng Spelling, Spelling OCR, Fr Spelling, French Vowels, Time Telling, Handwriting, Money Game, Sentence Builder, UFLI Words, Snake Catch, Math Hole, Word Garden, Number Line Math, Ten Frame Math, Word Fishing, Word Factory, Kung Fu Form, Kung Fu, Facile A Lire 2, Google Classroom, Ufli Home Videos, French UFLI, Laundry, Printing, Practice piano, Practice Kung Fu, Push ups: 15]
2026-01-25 16:16:13.878  6340-6340  BattleHubActivity       com.talq2me.baerened                 D  updateCountsDisplay: About to update UI with coins=8, berries=0, minutes=10
2026-01-25 16:16:13.880  6340-6340  BattleHubActivity       com.talq2me.baerened                 D  updateCountsDisplay: earnedBerries=0
2026-01-25 16:16:13.880  6340-6340  BattleHubActivity       com.talq2me.baerened                 D  updateCountsDisplay: UI updated - coinCount.text=8 🪙, berryCountDisplay.text=0 🍍, minuteCount.text=10 ⏱️
2026-01-25 16:16:13.881  6340-6340  BattleHubActivity       com.talq2me.baerened                 D  DEBUG: getAllEarnedStars returned 0 for currentContent=true
2026-01-25 16:16:13.881  6340-6340  DailyProgressManager    com.talq2me.baerened                 D  Current date string: 25-01-2026 04:16:13 PM
2026-01-25 16:16:13.881  6340-6340  DailyProgressManager    com.talq2me.baerened                 D  shouldResetProgress called - Last: '25-01-2026 01:44:56 PM' (date: 25-01-2026, source: local), Current: '25-01-2026 04:16:13 PM' (date: 25-01-2026), Should reset: false
2026-01-25 16:16:13.882  6340-6340  DailyProgressManager    com.talq2me.baerened                 D  CRITICAL: getCompletedTasksMap() - requiredTasks keys: [Google Read Along, Boukili, Math, Eng Spelling, Spelling OCR, Fr Spelling, French Vowels, Time Telling, Handwriting, Money Game, Sentence Builder, UFLI Words, Snake Catch, Math Hole, Word Garden, Number Line Math, Ten Frame Math, Word Fishing, Word Factory, Kung Fu Form, Kung Fu, Facile A Lire 2, Google Classroom, Ufli Home Videos, French UFLI, Laundry, Printing, Practice piano, Practice Kung Fu, Push ups: 15]
2026-01-25 16:16:13.882  6340-6340  CRITICAL                com.talq2me.baerened                 D  CRITICAL: getCompletedTasksMap() - completed tasks: [Spelling OCR, Laundry, Printing, Practice piano, Practice Kung Fu, Push ups: 15]
2026-01-25 16:16:13.882  6340-6340  BattleHubActivity       com.talq2me.baerened                 D  DEBUG: progressManager.getCompletedTasksMap() = {Google Read Along=false, Boukili=false, Math=false, Eng Spelling=false, Spelling OCR=true, Fr Spelling=false, French Vowels=false, Time Telling=false, Handwriting=false, Money Game=false, Sentence Builder=false, UFLI Words=false, Snake Catch=false, Math Hole=false, Word Garden=false, Number Line Math=false, Ten Frame Math=false, Word Fishing=false, Word Factory=false, Kung Fu Form=false, Kung Fu=false, Facile A Lire 2=false, Google Classroom=false, Ufli Home Videos=false, French UFLI=false, Laundry=true, Printing=true, Practice piano=true, Practice Kung Fu=true, Push ups: 15=true}
2026-01-25 16:16:13.882  6340-6340  BattleHubActivity       com.talq2me.baerened                 D  updateBerryMeter() CALLED
2026-01-25 16:16:13.883  6340-6340  BattleHubActivity       com.talq2me.baerened                 D  updateBerryMeter: jsonString is NOT NULL (length=14017)
2026-01-25 16:16:13.884  6340-6366  TaskProgressMigration   com.talq2me.baerened                 D  Migration already completed for profile: TE
2026-01-25 16:16:13.887  6340-6340  BattleHubActivity       com.talq2me.baerened                 D  updateBerryMeter: currentContent is NOT NULL
2026-01-25 16:16:13.889  6340-6340  DailyProgressManager    com.talq2me.baerened                 D  Current date string: 25-01-2026 04:16:13 PM
2026-01-25 16:16:13.889  6340-6340  DailyProgressManager    com.talq2me.baerened                 D  shouldResetProgress called - Last: '25-01-2026 01:44:56 PM' (date: 25-01-2026, source: local), Current: '25-01-2026 04:16:13 PM' (date: 25-01-2026), Should reset: false
2026-01-25 16:16:13.898  6340-6340  DailyProgressManager    com.talq2me.baerened                 D  getCurrentProgressWithCoinsAndStars: taskName=Spelling OCR, stars=3, isCompleted=true, requiredTasks keys=[Google Read Along, Boukili, Math, Eng Spelling, Spelling OCR, Fr Spelling, French Vowels, Time Telling, Handwriting, Money Game, Sentence Builder, UFLI Words, Snake Catch, Math Hole, Word Garden, Number Line Math, Ten Frame Math, Word Fishing, Word Factory, Kung Fu Form, Kung Fu, Facile A Lire 2, Google Classroom, Ufli Home Videos, French UFLI, Laundry, Printing, Practice piano, Practice Kung Fu, Push ups: 15]
2026-01-25 16:16:13.898  6340-6340  DailyProgressManager    com.talq2me.baerened                 D  Added to progress: taskName=Spelling OCR, stars=3, total earnedStars=3, total earnedCoins=3
2026-01-25 16:16:13.906  6340-6340  DailyProgressManager    com.talq2me.baerened                 D  Calculated totals from config - Coins: 8, Stars: 8 (required section only)
2026-01-25 16:16:13.906  6340-6340  BattleHubActivity       com.talq2me.baerened                 D  Berry meter: earnedStars=0, totalStars=8
2026-01-25 16:16:13.906  6340-6340  BattleHubActivity       com.talq2me.baerened                 D  DEBUG updateBerryMeter: currentContent required_tasks count=58
2026-01-25 16:16:13.906  6340-6340  DailyProgressManager    com.talq2me.baerened                 D  Current date string: 25-01-2026 04:16:13 PM
2026-01-25 16:16:13.907  6340-6340  DailyProgressManager    com.talq2me.baerened                 D  shouldResetProgress called - Last: '25-01-2026 01:44:56 PM' (date: 25-01-2026, source: local), Current: '25-01-2026 04:16:13 PM' (date: 25-01-2026), Should reset: false
2026-01-25 16:16:13.908  6340-6340  DailyProgressManager    com.talq2me.baerened                 D  CRITICAL: getCompletedTasksMap() - requiredTasks keys: [Google Read Along, Boukili, Math, Eng Spelling, Spelling OCR, Fr Spelling, French Vowels, Time Telling, Handwriting, Money Game, Sentence Builder, UFLI Words, Snake Catch, Math Hole, Word Garden, Number Line Math, Ten Frame Math, Word Fishing, Word Factory, Kung Fu Form, Kung Fu, Facile A Lire 2, Google Classroom, Ufli Home Videos, French UFLI, Laundry, Printing, Practice piano, Practice Kung Fu, Push ups: 15]
2026-01-25 16:16:13.908  6340-6340  CRITICAL                com.talq2me.baerened                 D  CRITICAL: getCompletedTasksMap() - completed tasks: [Spelling OCR, Laundry, Printing, Practice piano, Practice Kung Fu, Push ups: 15]
2026-01-25 16:16:13.908  6340-6340  BattleHubActivity       com.talq2me.baerened                 D  DEBUG updateBerryMeter: progressManager.getCompletedTasksMap() = {Google Read Along=false, Boukili=false, Math=false, Eng Spelling=false, Spelling OCR=true, Fr Spelling=false, French Vowels=false, Time Telling=false, Handwriting=false, Money Game=false, Sentence Builder=false, UFLI Words=false, Snake Catch=false, Math Hole=false, Word Garden=false, Number Line Math=false, Ten Frame Math=false, Word Fishing=false, Word Factory=false, Kung Fu Form=false, Kung Fu=false, Facile A Lire 2=false, Google Classroom=false, Ufli Home Videos=false, French UFLI=false, Laundry=true, Printing=true, Practice piano=true, Practice Kung Fu=true, Push ups: 15=true}
2026-01-25 16:16:13.908  6340-6340  BattleHubActivity       com.talq2me.baerened                 D  updateBerryMeter: UI updated - berryCount.text=0 / 8 Berries, percentage=0
2026-01-25 16:16:13.912  6340-6366  TaskProgressMigration   com.talq2me.baerened                 D  Migration already completed for profile: TE
2026-01-25 16:16:13.912  6340-6340  DailyProgressManager    com.talq2me.baerened                 D  Current date string: 25-01-2026 04:16:13 PM
2026-01-25 16:16:13.913  6340-6340  DailyProgressManager    com.talq2me.baerened                 D  shouldResetProgress called - Last: '25-01-2026 01:44:56 PM' (date: 25-01-2026, source: local), Current: '25-01-2026 04:16:13 PM' (date: 25-01-2026), Should reset: false
2026-01-25 16:16:13.923  6340-6340  DailyProgressManager    com.talq2me.baerened                 D  CRITICAL: getCompletedTasksMap() - requiredTasks keys: [Google Read Along, Boukili, Math, Eng Spelling, Spelling OCR, Fr Spelling, French Vowels, Time Telling, Handwriting, Money Game, Sentence Builder, UFLI Words, Snake Catch, Math Hole, Word Garden, Number Line Math, Ten Frame Math, Word Fishing, Word Factory, Kung Fu Form, Kung Fu, Facile A Lire 2, Google Classroom, Ufli Home Videos, French UFLI, Laundry, Printing, Practice piano, Practice Kung Fu, Push ups: 15]
2026-01-25 16:16:13.926  6340-6340  CRITICAL                com.talq2me.baerened                 D  CRITICAL: getCompletedTasksMap() - completed tasks: [Spelling OCR, Laundry, Printing, Practice piano, Practice Kung Fu, Push ups: 15]
2026-01-25 16:16:13.926  6340-6340  BattleHubActivity       com.talq2me.baerened                 D  updateEarnButtonsState: completedTasksMap keys: [Google Read Along, Boukili, Math, Eng Spelling, Spelling OCR, Fr Spelling, French Vowels, Time Telling, Handwriting, Money Game, Sentence Builder, UFLI Words, Snake Catch, Math Hole, Word Garden, Number Line Math, Ten Frame Math, Word Fishing, Word Factory, Kung Fu Form, Kung Fu, Facile A Lire 2, Google Classroom, Ufli Home Videos, French UFLI, Laundry, Printing, Practice piano, Practice Kung Fu, Push ups: 15]
2026-01-25 16:16:13.926  6340-6340  BattleHubActivity       com.talq2me.baerened                 D  updateEarnButtonsState: completedTasksMap size: 30
2026-01-25 16:16:13.926  6340-6340  BattleHubActivity       com.talq2me.baerened                 D  updateEarnButtonsState: completed tasks (true): [Spelling OCR, Laundry, Printing, Practice piano, Practice Kung Fu, Push ups: 15]
2026-01-25 16:16:13.933  6340-6340  BattleHubActivity       com.talq2me.baerened                 D  updateEarnButtonsState: requiredTasks count: 17
2026-01-25 16:16:13.933  6340-6340  BattleHubActivity       com.talq2me.baerened                 D  updateEarnButtonsState: requiredTasks titles: [Google Read Along, Boukili, Eng Spelling, Spelling OCR, Fr Spelling, Fr Spelling, Eng Spelling, French Vowels, Handwriting, Sentence Builder, Number Line Math, Ten Frame Math, Word Factory, Kung Fu, Facile A Lire 2, Ufli Home Videos, French UFLI]
2026-01-25 16:16:13.933  6340-6340  BattleHubActivity       com.talq2me.baerened                 D  updateEarnButtonsState: task 'Google Read Along' (launch: googleReadAlong) completed: false
2026-01-25 16:16:13.933  6340-6340  BattleHubActivity       com.talq2me.baerened                 D  updateEarnButtonsState: allRequiredCompleted: false
2026-01-25 16:16:13.933  6340-6392  SettingsManager         com.talq2me.baerened                 D  Got active profile from cloud: TE, last_updated: 2026-01-25T16:13:03.615
2026-01-25 16:16:13.936  6340-6392  SettingsManager         com.talq2me.baerened                 D  Profile check: local=TE (timestamp=2026-01-25 16:02:55.542), cloud=TE (timestamp=2026-01-25T16:13:03.615)
2026-01-25 16:16:13.937  6340-6366  TaskProgressMigration   com.talq2me.baerened                 D  Migration already completed for profile: TE
2026-01-25 16:16:13.938  6340-6392  SettingsManager         com.talq2me.baerened                 D  parseTimestampForComparison: 2026-01-25 16:02:55.542 -> base=2026-01-25 16:02:55.542 -> 1769374975542 (parsed as EST)
2026-01-25 16:16:13.943  6340-6392  SettingsManager         com.talq2me.baerened                 D  parseTimestampForComparison: 2026-01-25T16:13:03.615 -> base=2026-01-25 16:13:03.615 -> 1769375583615 (parsed as EST)
2026-01-25 16:16:13.943  6340-6392  SettingsManager         com.talq2me.baerened                 D  checkAndApplyProfileFromCloud timestamp comparison:
2026-01-25 16:16:13.943  6340-6392  SettingsManager         com.talq2me.baerened                 D    Local: 2026-01-25 16:02:55.542 (parsed: 1769374975542)
2026-01-25 16:16:13.946  6340-6392  SettingsManager         com.talq2me.baerened                 D    Cloud: 2026-01-25T16:13:03.615 (parsed: 1769375583615)
2026-01-25 16:16:13.946  6340-6392  SettingsManager         com.talq2me.baerened                 D    Cloud is newer: true
2026-01-25 16:16:13.946  6340-6340  BattleHubActivity       com.talq2me.baerened                 D  Added header buttons (Ask for Time, Settings icon, Cloud toggle)
2026-01-25 16:16:13.984  6340-6368  DailyReset...yncManager com.talq2me.baerened                 D  Cloud last_reset is today: 2026-01-25 13:44:56.000, will attempt cloud_sync()
2026-01-25 16:16:13.985  6340-6368  DailyReset...yncManager com.talq2me.baerened                 D  cloud_sync() started for profile: TE
2026-01-25 16:16:13.985  6340-6368  DailyReset...yncManager com.talq2me.baerened                 D  Attempting to fetch cloud last_reset from: https://ubrecfefhkcxwhohshdg.supabase.co (profile: TE)
2026-01-25 16:16:14.005  6340-6416  DailyReset...yncManager com.talq2me.baerened                 D  Cloud last_reset is today: 2026-01-25 13:44:56.000, will attempt cloud_sync()
2026-01-25 16:16:14.005  6340-6416  DailyReset...yncManager com.talq2me.baerened                 D  cloud_sync() started for profile: TE
2026-01-25 16:16:14.005  6340-6416  DailyReset...yncManager com.talq2me.baerened                 D  Attempting to fetch cloud last_reset from: https://ubrecfefhkcxwhohshdg.supabase.co (profile: TE)
2026-01-25 16:16:14.087  6340-6368  DailyReset...yncManager com.talq2me.baerened                 D  Attempting to fetch cloud last_updated from: https://ubrecfefhkcxwhohshdg.supabase.co (profile: TE)
2026-01-25 16:16:14.130  6340-6416  DailyReset...yncManager com.talq2me.baerened                 D  Attempting to fetch cloud last_updated from: https://ubrecfefhkcxwhohshdg.supabase.co (profile: TE)
2026-01-25 16:16:14.191  6340-6368  DailyReset...yncManager com.talq2me.baerened                 D  cloud_sync() timestamp comparison:
2026-01-25 16:16:14.191  6340-6368  DailyReset...yncManager com.talq2me.baerened                 D    Local: 2026-01-25 16:02:22.033 (parsed: 1769374942033)
2026-01-25 16:16:14.191  6340-6368  DailyReset...yncManager com.talq2me.baerened                 D    Cloud: 2026-01-25T16:02:22.033 (parsed: 1769374942033)
2026-01-25 16:16:14.191  6340-6368  DailyReset...yncManager com.talq2me.baerened                 D    Difference: 0ms (positive = local newer)
2026-01-25 16:16:14.191  6340-6368  DailyReset...yncManager com.talq2me.baerened                 D  Local and cloud timestamps are equal, doing nothing
2026-01-25 16:16:14.191  6340-6368  DailyReset...yncManager com.talq2me.baerened                 D  Completed daily_reset_process() and cloud_sync() for profile: TE
2026-01-25 16:16:14.191  6340-6368  BattleHubActivity       com.talq2me.baerened                 D  Daily reset and sync completed in onActivityResult for profile TE
2026-01-25 16:16:14.223  6340-6416  DailyReset...yncManager com.talq2me.baerened                 D  cloud_sync() timestamp comparison:
2026-01-25 16:16:14.223  6340-6416  DailyReset...yncManager com.talq2me.baerened                 D    Local: 2026-01-25 16:02:22.033 (parsed: 1769374942033)
2026-01-25 16:16:14.223  6340-6416  DailyReset...yncManager com.talq2me.baerened                 D    Cloud: 2026-01-25T16:02:22.033 (parsed: 1769374942033)
2026-01-25 16:16:14.223  6340-6416  DailyReset...yncManager com.talq2me.baerened                 D    Difference: 0ms (positive = local newer)
2026-01-25 16:16:14.224  6340-6416  DailyReset...yncManager com.talq2me.baerened                 D  Local and cloud timestamps are equal, doing nothing
2026-01-25 16:16:14.225  6340-6416  DailyReset...yncManager com.talq2me.baerened                 D  Completed daily_reset_process() and cloud_sync() for profile: TE
2026-01-25 16:16:14.225  6340-6416  BattleHubActivity       com.talq2me.baerened                 D  Daily reset and sync completed in onResume for profile TE
2026-01-25 16:16:14.236  6340-6340  BattleHubActivity       com.talq2me.baerened                 D  updateCountsDisplay() CALLED
2026-01-25 16:16:14.236  6340-6340  BattleHubActivity       com.talq2me.baerened                 D  DEBUG: completed_tasks = {"math":false,"kung_fu":false,"math_hole":false,"fr_spelling":false,"snake_catch":false,"word_garden":false,"ten_frame_math":false,"google_classroom":false,"number_line_math":false,"sentence_builder":false,"google_read_along":true}
2026-01-25 16:16:14.236  6340-6340  BattleHubActivity       com.talq2me.baerened                 D  DEBUG: completed_task_names = {"math":"Math","kung_fu":"Kung Fu","math_hole":"Math Hole","fr_spelling":"Fr Spelling","snake_catch":"Snake Catch","word_garden":"Word Garden","ten_frame_math":"Ten Frame Math","google_classroom":"Google Classroom","number_line_math":"Number Line Math","sentence_builder":"Sentence Builder","google_read_along":"Google Read Along"}
2026-01-25 16:16:14.237  6340-6340  BattleHubActivity       com.talq2me.baerened                 D  updateCountsDisplay: jsonString is NOT NULL (length=14017)
2026-01-25 16:16:14.238  6340-6416  TaskProgressMigration   com.talq2me.baerened                 D  Migration already completed for profile: TE
2026-01-25 16:16:14.239  6340-6340  BattleHubActivity       com.talq2me.baerened                 D  updateCountsDisplay: currentContent is NOT NULL
2026-01-25 16:16:14.240  6340-6340  DailyProgressManager    com.talq2me.baerened                 D  Current date string: 25-01-2026 04:16:14 PM
2026-01-25 16:16:14.240  6340-6340  DailyProgressManager    com.talq2me.baerened                 D  shouldResetProgress called - Last: '25-01-2026 01:44:56 PM' (date: 25-01-2026, source: local), Current: '25-01-2026 04:16:14 PM' (date: 25-01-2026), Should reset: false
2026-01-25 16:16:14.245  6340-6340  DailyProgressManager    com.talq2me.baerened                 D  getCurrentProgressWithCoinsAndStars: taskName=Spelling OCR, stars=3, isCompleted=true, requiredTasks keys=[Google Read Along, Boukili, Math, Eng Spelling, Spelling OCR, Fr Spelling, French Vowels, Time Telling, Handwriting, Money Game, Sentence Builder, UFLI Words, Snake Catch, Math Hole, Word Garden, Number Line Math, Ten Frame Math, Word Fishing, Word Factory, Kung Fu Form, Kung Fu, Facile A Lire 2, Google Classroom, Ufli Home Videos, French UFLI, Laundry, Printing, Practice piano, Practice Kung Fu, Push ups: 15]
2026-01-25 16:16:14.245  6340-6340  DailyProgressManager    com.talq2me.baerened                 D  Added to progress: taskName=Spelling OCR, stars=3, total earnedStars=3, total earnedCoins=3
2026-01-25 16:16:14.250  6340-6340  DailyProgressManager    com.talq2me.baerened                 D  Calculated totals from config - Coins: 8, Stars: 8 (required section only)
2026-01-25 16:16:14.250  6340-6340  DailyProgressManager    com.talq2me.baerened                 D  Current date string: 25-01-2026 04:16:14 PM
2026-01-25 16:16:14.251  6340-6340  DailyProgressManager    com.talq2me.baerened                 D  shouldResetProgress called - Last: '25-01-2026 01:44:56 PM' (date: 25-01-2026, source: local), Current: '25-01-2026 04:16:14 PM' (date: 25-01-2026), Should reset: false
2026-01-25 16:16:14.253  6340-6340  DailyProgressManager    com.talq2me.baerened                 D  CRITICAL: getCompletedTasksMap() - requiredTasks keys: [Google Read Along, Boukili, Math, Eng Spelling, Spelling OCR, Fr Spelling, French Vowels, Time Telling, Handwriting, Money Game, Sentence Builder, UFLI Words, Snake Catch, Math Hole, Word Garden, Number Line Math, Ten Frame Math, Word Fishing, Word Factory, Kung Fu Form, Kung Fu, Facile A Lire 2, Google Classroom, Ufli Home Videos, French UFLI, Laundry, Printing, Practice piano, Practice Kung Fu, Push ups: 15]
2026-01-25 16:16:14.254  6340-6340  CRITICAL                com.talq2me.baerened                 D  CRITICAL: getCompletedTasksMap() - completed tasks: [Spelling OCR, Laundry, Printing, Practice piano, Practice Kung Fu, Push ups: 15]
2026-01-25 16:16:14.254  6340-6340  BattleHubActivity       com.talq2me.baerened                 D  updateCountsDisplay: earnedCoins=8, earnedStars=0
2026-01-25 16:16:14.255  6340-6340  BattleHubActivity       com.talq2me.baerened                 D  updateCountsDisplay: completedTasks keys=[Google Read Along, Boukili, Math, Eng Spelling, Spelling OCR, Fr Spelling, French Vowels, Time Telling, Handwriting, Money Game, Sentence Builder, UFLI Words, Snake Catch, Math Hole, Word Garden, Number Line Math, Ten Frame Math, Word Fishing, Word Factory, Kung Fu Form, Kung Fu, Facile A Lire 2, Google Classroom, Ufli Home Videos, French UFLI, Laundry, Printing, Practice piano, Practice Kung Fu, Push ups: 15]
2026-01-25 16:16:14.255  6340-6340  BattleHubActivity       com.talq2me.baerened                 D  updateCountsDisplay: About to update UI with coins=8, berries=0, minutes=10
2026-01-25 16:16:14.258  6340-6340  BattleHubActivity       com.talq2me.baerened                 D  updateCountsDisplay: earnedBerries=0
2026-01-25 16:16:14.259  6340-6340  BattleHubActivity       com.talq2me.baerened                 D  updateCountsDisplay: UI updated - coinCount.text=8 🪙, berryCountDisplay.text=0 🍍, minuteCount.text=10 ⏱️
2026-01-25 16:16:14.259  6340-6340  BattleHubActivity       com.talq2me.baerened                 D  DEBUG: getAllEarnedStars returned 0 for currentContent=true
2026-01-25 16:16:14.260  6340-6340  DailyProgressManager    com.talq2me.baerened                 D  Current date string: 25-01-2026 04:16:14 PM
2026-01-25 16:16:14.260  6340-6340  DailyProgressManager    com.talq2me.baerened                 D  shouldResetProgress called - Last: '25-01-2026 01:44:56 PM' (date: 25-01-2026, source: local), Current: '25-01-2026 04:16:14 PM' (date: 25-01-2026), Should reset: false
2026-01-25 16:16:14.265  6340-6340  DailyProgressManager    com.talq2me.baerened                 D  CRITICAL: getCompletedTasksMap() - requiredTasks keys: [Google Read Along, Boukili, Math, Eng Spelling, Spelling OCR, Fr Spelling, French Vowels, Time Telling, Handwriting, Money Game, Sentence Builder, UFLI Words, Snake Catch, Math Hole, Word Garden, Number Line Math, Ten Frame Math, Word Fishing, Word Factory, Kung Fu Form, Kung Fu, Facile A Lire 2, Google Classroom, Ufli Home Videos, French UFLI, Laundry, Printing, Practice piano, Practice Kung Fu, Push ups: 15]
2026-01-25 16:16:14.265  6340-6340  CRITICAL                com.talq2me.baerened                 D  CRITICAL: getCompletedTasksMap() - completed tasks: [Spelling OCR, Laundry, Printing, Practice piano, Practice Kung Fu, Push ups: 15]
