2026-01-23 16:21:45.524 23968-23998 ProgressDataCollector   com.talq2me.baerened                 D    JSON from SharedPreferences: {"Google Read Along":{"stars":3,"status":"incomplete"},"Boukili":{"stars":3,"status":"incomplete"},"Math":{"displayDays":"mon,wed,fri","stars":3,"status":"incomplete"},"Eng Spelling":{"disable":"Jan 1, 2027","stars":3,"status":"incomplete"},"Spelling OCR":{"stars":3,"status":"complete"},"Fr Spelling":{"stars":3,"status":"incomplete"},"French Vowels":{"disable":"Jan 1, 2027","stars":3,"status":"incomplete"},"Time Telling":{"displayDays":"thu","stars":3,"status":"incomplete"},"Handwriting":{"disable":"Jan 15, 2026","stars":3,"status":"incomplete"},"Money Game":{"displayDays":"tue","stars":3,"status":"incomplete"},"Sentence Builder":{"stars":3,"status":"incomplete"},"UFLI Words":{"displayDays":"mon","stars":3,"status":"incomplete"},"Snake Catch":{"displayDays":"tue,fri","stars":3,"status":"incomplete"},"Math Hole":{"displayDays":"tue,fri","stars":3,"status":"incomplete"},"Word Garden":{"displayDays":"tue,fri","stars":3,"status":"incomplete"},"Number Line Math":{"stars":3,"status":"incomplete"},"Ten Frame Math":{"stars":3,"status":"incomplete"},"Word Fishing":{"displayDays":"wed,sat","stars":3,"status":"incomplete"},"Word Factory":{"displayDays":"thu,sun","stars":3,"status":"incomplete"},"Kung Fu Form":{"disable":"Jan 2, 2026","displayDays":"sat","stars":1,"status":"incomplete"},"Kung Fu":{"disable":"Jan 2, 2026","stars":1,"status":"incomplete"},"Facile A Lire 2":{"disable":"Jan 2, 2027","stars":3,"status":"incomplete"},"Google Classroom":{"disable":"Jan 2, 2026","displayDays":"tue,fri","stars":3,"status":"incomplete"},"Ufli Home Videos":{"disable":"Jan 2, 2027","stars":3,"status":"incomplete"},"French UFLI":{"disable":"Jan 2, 2027","stars":3,"status":"incomplete"}}
2026-01-23 16:21:45.552 23968-23998 ProgressDataCollector   com.talq2me.baerened                 D    Parsed existing tasks count: 25
2026-01-23 16:21:45.605 23968-23998 TrafficStats            com.talq2me.baerened                 D  tagSocket(186) with statsTag=0xffffffff, statsUid=-1
2026-01-23 16:21:45.611 23968-24002 SpellingOCRActivity     com.talq2me.baerened                 D  Image upload POST response code: 201
2026-01-23 16:21:45.821 23968-23998 ContentUpdateService    com.talq2me.baerened                 D  getCachedMainContent: Successfully fetched from GitHub (length=13495)
2026-01-23 16:21:45.823 23968-23998 ContentUpdateService    com.talq2me.baerened                 D  getCachedMainContent: Updated cache with latest from GitHub
2026-01-23 16:21:45.838 23968-23998 ProgressDataCollector   com.talq2me.baerened                 D    Config tasks count: 27
2026-01-23 16:21:45.840 23968-23998 ProgressDataCollector   com.talq2me.baerened                 D  CRITICAL: Final requiredTasks count after collection: 25
2026-01-23 16:21:45.841 23968-23998 ProgressDataCollector   com.talq2me.baerened                 D    Sample task names: Google Read Along, Boukili, Math
2026-01-23 16:21:45.858 23968-23998 TrafficStats            com.talq2me.baerened                 D  tagSocket(184) with statsTag=0xffffffff, statsUid=-1
2026-01-23 16:21:45.934 23968-23997 CloudStorageManager     com.talq2me.baerened                 D  syncBankedMinutesToCloud timestamp check: cloudIsNewer=true (cloud=2026-01-23T19:22:32.422, local=2026-01-23T16:21:45.425-05:00)
2026-01-23 16:21:45.934 23968-23997 CloudStorageManager     com.talq2me.baerened                 D  Cloud banked_mins timestamp is newer, not updating cloud
2026-01-23 16:21:46.061 23968-23998 ContentUpdateService    com.talq2me.baerened                 D  getCachedMainContent: Successfully fetched from GitHub (length=13495)
2026-01-23 16:21:46.063 23968-23998 ContentUpdateService    com.talq2me.baerened                 D  getCachedMainContent: Updated cache with latest from GitHub
2026-01-23 16:21:46.079 23968-23998 TrafficStats            com.talq2me.baerened                 D  tagSocket(191) with statsTag=0xffffffff, statsUid=-1
2026-01-23 16:21:46.168 23968-23998 ContentUpdateService    com.talq2me.baerened                 D  getCachedMainContent: Successfully fetched from GitHub (length=13495)
2026-01-23 16:21:46.169 23968-23998 ContentUpdateService    com.talq2me.baerened                 D  getCachedMainContent: Updated cache with latest from GitHub
2026-01-23 16:21:46.171 23968-23998 ProgressDataCollector   com.talq2me.baerened                 D  CRITICAL: Reading bankedMins from SharedPreferences: 10 (key: TE_banked_reward_minutes) for profile: TE
2026-01-23 16:21:46.171 23968-23998 ProgressDataCollector   com.talq2me.baerened                 D  CRITICAL: Reading berries_earned from SharedPreferences: 3 (key: TE_earnedBerries) for profile: TE
2026-01-23 16:21:46.187 23968-23998 ProgressDataCollector   com.talq2me.baerened                 D  Collected 0 game indices
2026-01-23 16:21:46.202 23968-23998 ProgressDataCollector   com.talq2me.baerened                 D  CRITICAL: Creating CloudUserData for profile: TE
2026-01-23 16:21:46.203 23968-23998 ProgressDataCollector   com.talq2me.baerened                 D    requiredTasks size: 25
2026-01-23 16:21:46.203 23968-23998 ProgressDataCollector   com.talq2me.baerened                 D    practiceTasks size: 9
2026-01-23 16:21:46.203 23968-23998 ProgressDataCollector   com.talq2me.baerened                 D    checklistItems size: 5
2026-01-23 16:21:46.203 23968-23998 ProgressDataCollector   com.talq2me.baerened                 D    gameIndices size: 0
2026-01-23 16:21:46.203 23968-23998 ProgressDataCollector   com.talq2me.baerened                 D    berriesEarned: 3, bankedMins: 10
2026-01-23 16:21:46.203 23968-23998 ProgressDataCollector   com.talq2me.baerened                 D    Sample required task names: Google Read Along, Boukili, Math, Eng Spelling, Spelling OCR
2026-01-23 16:21:46.203 23968-23998 ProgressDataCollector   com.talq2me.baerened                 D    Sample practice task names: Sight Words, Math, Sk Spellings, French Vowels, Time Telling
2026-01-23 16:21:46.203 23968-23998 ProgressDataCollector   com.talq2me.baerened                 D  CRITICAL: CloudUserData created - verifying data is present
2026-01-23 16:21:46.203 23968-23998 ProgressDataCollector   com.talq2me.baerened                 D    cloudData.requiredTasks.size: 25
2026-01-23 16:21:46.203 23968-23998 ProgressDataCollector   com.talq2me.baerened                 D    cloudData.practiceTasks.size: 9
2026-01-23 16:21:46.203 23968-23998 ProgressDataCollector   com.talq2me.baerened                 D    cloudData.checklistItems.size: 5
2026-01-23 16:21:46.203 23968-23998 ProgressDataCollector   com.talq2me.baerened                 D    cloudData.gameIndices.size: 0
2026-01-23 16:21:46.203 23968-23998 CloudStorageManager     com.talq2me.baerened                 D  Uploading to cloud: profile=TE, requiredTasks=25, practiceTasks=9, checklistItems=5
2026-01-23 16:21:46.207 23968-23998 TrafficStats            com.talq2me.baerened                 D  tagSocket(194) with statsTag=0xffffffff, statsUid=-1
2026-01-23 16:21:46.384 23968-23998 CloudSyncService        com.talq2me.baerened                 D  uploadUserData timestamp check: cloudIsNewer=true (cloud=2026-01-23T19:22:32.422, local=2026-01-23T16:21:46.202-05:00)
2026-01-23 16:21:46.384 23968-23998 CloudSyncService        com.talq2me.baerened                 D  Cloud user_data timestamp is newer, not updating cloud
2026-01-23 16:21:46.507 23968-23998 CloudStorageManager     com.talq2me.baerened                 D  uploadSettingsToCloud timestamp check: cloudIsNewer=true (cloud=2026-01-22T16:48:52.717, local=2026-01-15T10:18:12.435-05:00)
2026-01-23 16:21:46.507 23968-23998 CloudStorageManager     com.talq2me.baerened                 D  Cloud settings are newer, not updating cloud
2026-01-23 16:21:46.518 23968-23968 CloudStorageManager     com.talq2me.baerened                 D  Cloud sync results - userData: true, settings: true
2026-01-23 16:21:46.518 23968-23968 CloudStorageManager     com.talq2me.baerened                 D  Cloud sync completed successfully
2026-01-23 16:21:48.579 23968-23968 DailyProgressManager    com.talq2me.baerened                 D  markTaskCompletedWithName called: taskId=spellingOCR, taskName=Spelling OCR, stars=3, isRequiredTask=true, sectionId=required
2026-01-23 16:21:48.596 23968-23968 DailyProgressManager    com.talq2me.baerened                 D  Current date string: 23-01-2026 04:21:48 PM
2026-01-23 16:21:48.596 23968-23968 DailyProgressManager    com.talq2me.baerened                 D  shouldResetProgress called - Last: '23-01-2026 09:51:24 AM' (date: 23-01-2026, source: local), Current: '23-01-2026 04:21:48 PM' (date: 23-01-2026), Should reset: false
2026-01-23 16:21:48.598 23968-23968 DailyProgressManager    com.talq2me.baerened                 D  markTaskCompletedWithName: taskId=spellingOCR, uniqueTaskId=spellingOCR, taskName=Spelling OCR, stars=3, isRequiredTask=true, actualIsRequired=true, sectionId=required
2026-01-23 16:21:48.599 23968-23968 DailyProgressManager    com.talq2me.baerened                 D  Current required tasks: [Google Read Along, Boukili, Math, Eng Spelling, Spelling OCR, Fr Spelling, French Vowels, Time Telling, Handwriting, Money Game, Sentence Builder, UFLI Words, Snake Catch, Math Hole, Word Garden, Number Line Math, Ten Frame Math, Word Fishing, Word Factory, Kung Fu Form, Kung Fu, Facile A Lire 2, Google Classroom, Ufli Home Videos, French UFLI]
2026-01-23 16:21:48.599 23968-23968 DailyProgressManager    com.talq2me.baerened                 D  Required task spellingOCR (Spelling OCR) already completed today
2026-01-23 16:21:48.599 23968-23968 TrainingMapActivity     com.talq2me.baerened                 D  Marked spelling OCR game task as completed: taskId=spellingOCR, sectionId=required, stars=3, earnedStars=0
2026-01-23 16:21:48.599 23968-23968 TrainingMapActivity     com.talq2me.baerened                 D  onResume called
2026-01-23 16:21:48.601 23968-23998 TaskProgressMigration   com.talq2me.baerened                 D  Migration already completed for profile: TE
2026-01-23 16:21:48.602 23968-23998 DailyReset...yncManager com.talq2me.baerened                 D  Starting daily_reset_process() and cloud_sync() for profile: TE
2026-01-23 16:21:48.602 23968-23998 DailyReset...yncManager com.talq2me.baerened                 D  daily_reset_process() started for profile: TE
2026-01-23 16:21:48.602 23968-23998 DailyReset...yncManager com.talq2me.baerened                 D  Local last_reset is today, no reset needed
2026-01-23 16:21:48.603 23968-24002 TaskProgressMigration   com.talq2me.baerened                 D  Migration already completed for profile: TE
2026-01-23 16:21:48.609 23968-23998 DailyReset...yncManager com.talq2me.baerened                 D  cloud_sync() started for profile: TE
2026-01-23 16:21:48.609 23968-23998 DailyReset...yncManager com.talq2me.baerened                 D  Attempting to fetch cloud last_reset from: https://ubrecfefhkcxwhohshdg.supabase.co (profile: TE)
2026-01-23 16:21:48.628 23968-23998 TrafficStats            com.talq2me.baerened                 D  tagSocket(197) with statsTag=0xffffffff, statsUid=-1
2026-01-23 16:21:48.877 23968-23998 DailyReset...yncManager com.talq2me.baerened                 D  Attempting to fetch cloud last_updated from: https://ubrecfefhkcxwhohshdg.supabase.co (profile: TE)
2026-01-23 16:21:48.997 23968-23998 DailyReset...yncManager com.talq2me.baerened                 D  cloud_sync() timestamp comparison:
2026-01-23 16:21:48.997 23968-23998 DailyReset...yncManager com.talq2me.baerened                 D    Local: 2026-01-23T16:21:45.414-05:00 (parsed: 1769203305414)
2026-01-23 16:21:48.997 23968-23998 DailyReset...yncManager com.talq2me.baerened                 D    Cloud: 2026-01-23T19:22:32.422 (parsed: 1769214152422)
2026-01-23 16:21:48.997 23968-23998 DailyReset...yncManager com.talq2me.baerened                 D    Difference: -10847008ms (positive = local newer)
2026-01-23 16:21:48.998 23968-23998 DailyReset...yncManager com.talq2me.baerened                 D  Cloud is newer (2026-01-23T19:22:32.422 > 2026-01-23T16:21:45.414-05:00), calling update_local_with_cloud()
2026-01-23 16:21:49.007 23968-23998 DailyReset...yncManager com.talq2me.baerened                 D  update_local_with_cloud() started for profile: TE
2026-01-23 16:21:49.109 23968-23998 CloudSyncService        com.talq2me.baerened                 D  Raw response body length: 334
2026-01-23 16:21:49.109 23968-23998 CloudSyncService        com.talq2me.baerened                 D  Fixed JSONB field 'required_tasks' from string to object
2026-01-23 16:21:49.109 23968-23998 CloudSyncService        com.talq2me.baerened                 D  Fixed JSONB field 'practice_tasks' from string to object
2026-01-23 16:21:49.109 23968-23998 CloudSyncService        com.talq2me.baerened                 D  Fixed JSONB field 'checklist_items' from string to object
2026-01-23 16:21:49.113 23968-23998 DailyReset...yncManager com.talq2me.baerened                 D  CRITICAL: About to apply cloud data - berriesEarned: 0, bankedMins: 5, requiredTasks size: 0 for profile: TE
2026-01-23 16:21:49.113 23968-23998 CloudDataApplier        com.talq2me.baerened                 D  Applying cloud data to local storage: profile=TE, requiredTasks=0, berries=0
2026-01-23 16:21:49.114 23968-23998 SettingsManager         com.talq2me.baerened                 D  Profile written: TE, timestamp: 2026-01-23T16:21:49.113-05:00
2026-01-23 16:21:49.115 23968-23998 SettingsManager         com.talq2me.baerened                 D  Updated last_updated timestamp for profile TE: 2026-01-23T16:21:49.114-05:00
2026-01-23 16:21:49.116 23968-23998 CloudDataApplier        com.talq2me.baerened                 D  Cloud reset detected - cleared local required tasks for profile: TE
2026-01-23 16:21:49.116 23968-23998 CloudDataApplier        com.talq2me.baerened                 D  CRITICAL: About to apply bankedMins from cloud - old value: 10, new value: 5 for profile: TE
2026-01-23 16:21:49.173 23968-23998 CloudDataApplier        com.talq2me.baerened                 D  CRITICAL: After applying, bankedMins value in SharedPreferences: 5 (expected: 5) for profile: TE
2026-01-23 16:21:49.174 23968-23998 CloudDataApplier        com.talq2me.baerened                 D  Applied progress metrics from cloud - possibleStars: 29, bankedMins: 5 for profile: TE
2026-01-23 16:21:49.174 23968-23998 CloudDataApplier        com.talq2me.baerened                 D  CRITICAL: About to apply berries_earned from cloud - old value: 3, new value: 0 for profile: TE
2026-01-23 16:21:49.198 23968-23998 CloudDataApplier        com.talq2me.baerened                 D  CRITICAL: After applying, berries_earned value in SharedPreferences: 0 (expected: 0) for profile: TE
2026-01-23 16:21:49.199 23968-23998 CloudDataApplier        com.talq2me.baerened                 D  Applied berries_earned from cloud: 0 for profile: TE
2026-01-23 16:21:49.199 23968-23998 CloudDataApplier        com.talq2me.baerened                 D  Applied 0 game indices to local storage
2026-01-23 16:21:49.213 23968-23998 CloudDataApplier        com.talq2me.baerened                 D  BaerenLock not accessible, skipping app list sync: Application package com.talq2me.baerenlock not found
2026-01-23 16:21:49.213 23968-23998 CloudDataApplier        com.talq2me.baerened                 D  Stored cloud timestamp as local timestamp: 2026-01-23T19:22:32.422
2026-01-23 16:21:49.213 23968-23998 CloudDataApplier        com.talq2me.baerened                 D  Stored cloud last_reset as local last_reset_date: 23-01-2026 09:51:24 AM (from cloud: 2026-01-23T09:51:24.365)
2026-01-23 16:21:49.213 23968-23998 CloudDataApplier        com.talq2me.baerened                 D  Successfully applied cloud data to local storage: requiredTasks=0, gameIndices=0, berries=0
2026-01-23 16:21:49.214 23968-23998 DailyReset...yncManager com.talq2me.baerened                 D  CRITICAL: After applyCloudDataToLocal() - written bankedMins: 5 (expected: 5), written berries: 0 (expected: 0) for profile: TE
2026-01-23 16:21:49.214 23968-23998 DailyReset...yncManager com.talq2me.baerened                 D  update_local_with_cloud() completed successfully for profile: TE
2026-01-23 16:21:49.214 23968-23998 DailyReset...yncManager com.talq2me.baerened                 D  Verified: Local timestamp correctly matches cloud after update_local_with_cloud()
2026-01-23 16:21:49.214 23968-23998 DailyReset...yncManager com.talq2me.baerened                 D  Completed daily_reset_process() and cloud_sync() for profile: TE
2026-01-23 16:21:49.214 23968-23998 TrainingMapActivity     com.talq2me.baerened                 D  Daily reset and sync completed in onResume for profile TE
2026-01-23 16:21:49.242 23968-23968 TrainingMapActivity     com.talq2me.baerened                 D  No pending Google Read Along session
2026-01-23 16:21:49.243 23968-23968 TrainingMapActivity     com.talq2me.baerened                 D  No pending Boukili session
2026-01-23 16:21:49.288 23968-23997 TrafficStats            com.talq2me.baerened                 D  tagSocket(213) with statsTag=0xffffffff, statsUid=-1
2026-01-23 16:21:49.366 23968-24002 SettingsManager         com.talq2me.baerened                 D  Got active profile from cloud: TE, last_updated: 2026-01-23T19:29:00.772
2026-01-23 16:21:49.366 23968-24002 SettingsManager         com.talq2me.baerened                 D  syncActiveProfileToCloud: local=TE (timestamp=2026-01-23T16:21:49.113-05:00), cloud=TE (timestamp=2026-01-23T19:29:00.772)
2026-01-23 16:21:49.366 23968-24002 SettingsManager         com.talq2me.baerened                 D  parseTimestampForComparison: 2026-01-23T16:21:49.113-05:00 -> base=2026-01-23T16:21:49.113 -> 1769203309113 (parsed as EST)
2026-01-23 16:21:49.366 23968-24002 SettingsManager         com.talq2me.baerened                 D  parseTimestampForComparison: 2026-01-23T19:29:00.772 -> base=2026-01-23T19:29:00.772 -> 1769214540772 (parsed as EST)
2026-01-23 16:21:49.366 23968-24002 SettingsManager         com.talq2me.baerened                 D  syncActiveProfileToCloud timestamp comparison:
2026-01-23 16:21:49.366 23968-24002 SettingsManager         com.talq2me.baerened                 D    Local: 2026-01-23T16:21:49.113-05:00 (parsed: 1769203309113)
2026-01-23 16:21:49.366 23968-24002 SettingsManager         com.talq2me.baerened                 D    Cloud: 2026-01-23T19:29:00.772 (parsed: 1769214540772)
2026-01-23 16:21:49.366 23968-24002 SettingsManager         com.talq2me.baerened                 D    Local is newer: false
2026-01-23 16:21:49.366 23968-24002 SettingsManager         com.talq2me.baerened                 D  Cloud profile is newer or equal, not updating device record
2026-01-23 16:21:49.399 23968-23968 VRI[Spelli...RActivity] com.talq2me.baerened                 D  visibilityChanged oldVisibility=true newVisibility=false
2026-01-23 16:21:49.446 23968-23968 TimeTracker             com.talq2me.baerened                 D  Ended tracking game: Spelling OCR, duration: 0.25 minutes
2026-01-23 16:21:49.446 23968-23968 WindowOnBackDispatcher  com.talq2me.baerened                 W  sendCancelIfRunning: isInProgress=false callback=android.view.ViewRootImpl$$ExternalSyntheticLambda11@46b7769
2026-01-23 16:21:49.479 23968-23984 TextToSpeech            com.talq2me.baerened                 I  Disconnected from TTS engine
2026-01-23 16:21:49.603 23968-23997 ContentUpdateService    com.talq2me.baerened                 D  Successfully fetched from network.
2026-01-23 16:21:49.625 23968-23997 ContentUpdateService    com.talq2me.baerened                 D  Saved content to cache: TE_config.json
2026-01-23 16:21:49.660 23968-23979 alq2me.baerened         com.talq2me.baerened                 W  Suspending all threads took: 5.830ms
2026-01-23 16:21:49.688 23968-23968 alq2me.baerened         com.talq2me.baerened                 W  Weak pointer dereference blocked for 22 milliseconds.
2026-01-23 16:21:49.730 23968-23997 TrainingMapActivity     com.talq2me.baerened                 D  Successfully fetched config from GitHub
2026-01-23 16:21:49.737 23968-23997 DailyProgressManager    com.talq2me.baerened                 D  Current date string: 23-01-2026 04:21:49 PM
2026-01-23 16:21:49.759 23968-24002 TrafficStats            com.talq2me.baerened                 D  tagSocket(5) with statsTag=0xffffffff, statsUid=-1
2026-01-23 16:21:49.792 23968-23979 alq2me.baerened         com.talq2me.baerened                 I  Background concurrent mark compact GC freed 4469KB AllocSpace bytes, 51(1772KB) LOS objects, 49% free, 8235KB/16MB, paused 6.556ms,9.087ms total 204.820ms
2026-01-23 16:21:49.970 23968-24002 DailyProgressManager    com.talq2me.baerened                 D  Fetched last_reset from cloud: 23-01-2026 09:51:24 AM (cloud timestamp: 2026-01-23T09:51:24.365)
2026-01-23 16:21:49.971 23968-23997 DailyProgressManager    com.talq2me.baerened                 D  shouldResetProgress called - Last: '23-01-2026 09:51:24 AM' (date: 23-01-2026, source: cloud), Current: '23-01-2026 04:21:49 PM' (date: 23-01-2026), Should reset: false
2026-01-23 16:21:49.971 23968-23997 DailyProgressManager    com.talq2me.baerened                 D  CRITICAL: getCompletedTasksMap() - requiredTasks keys: []
2026-01-23 16:21:49.979 23968-23997 CRITICAL                com.talq2me.baerened                 D  CRITICAL: getCompletedTasksMap() - completed tasks: []
2026-01-23 16:21:49.996 23968-23968 TrainingMapActivity     com.talq2me.baerened                 D  CRITICAL: Checking completion for task: 'Google Read Along' (taskId: googleReadAlong)
2026-01-23 16:21:49.996 23968-23968 TrainingMapActivity     com.talq2me.baerened                 D  CRITICAL: completedTasksMap['Google Read Along'] = null
2026-01-23 16:21:49.996 23968-23968 TrainingMapActivity     com.talq2me.baerened                 D  CRITICAL: isCompleted = false
2026-01-23 16:21:49.996 23968-23968 TrainingMapActivity     com.talq2me.baerened                 D  CRITICAL: All keys in completedTasksMap: []
2026-01-23 16:21:49.997 23968-23968 TrainingMapActivity     com.talq2me.baerened                 D  CRITICAL: Checking completion for task: 'Boukili' (taskId: boukili)
2026-01-23 16:21:50.002 23968-23968 TrainingMapActivity     com.talq2me.baerened                 D  CRITICAL: completedTasksMap['Boukili'] = null
2026-01-23 16:21:50.002 23968-23968 TrainingMapActivity     com.talq2me.baerened                 D  CRITICAL: isCompleted = false
2026-01-23 16:21:50.002 23968-23968 TrainingMapActivity     com.talq2me.baerened                 D  CRITICAL: All keys in completedTasksMap: []
2026-01-23 16:21:50.002 23968-23968 TrainingMapActivity     com.talq2me.baerened                 D  CRITICAL: Checking completion for task: 'Math' (taskId: jkmath)
2026-01-23 16:21:50.004 23968-23968 TrainingMapActivity     com.talq2me.baerened                 D  CRITICAL: completedTasksMap['Math'] = null
2026-01-23 16:21:50.004 23968-23968 TrainingMapActivity     com.talq2me.baerened                 D  CRITICAL: isCompleted = false
2026-01-23 16:21:50.004 23968-23968 TrainingMapActivity     com.talq2me.baerened                 D  CRITICAL: All keys in completedTasksMap: []
2026-01-23 16:21:50.011 23968-23993 EGL_emulation           com.talq2me.baerened                 D  app_time_stats: avg=327.58ms min=55.43ms max=736.58ms count=4
2026-01-23 16:21:50.020 23968-23968 TrainingMapActivity     com.talq2me.baerened                 D  CRITICAL: Checking completion for task: 'Spelling OCR' (taskId: spellingOCR)
2026-01-23 16:21:50.021 23968-23968 TrainingMapActivity     com.talq2me.baerened                 D  CRITICAL: completedTasksMap['Spelling OCR'] = null
2026-01-23 16:21:50.021 23968-23968 TrainingMapActivity     com.talq2me.baerened                 D  CRITICAL: isCompleted = false
2026-01-23 16:21:50.021 23968-23968 TrainingMapActivity     com.talq2me.baerened                 D  CRITICAL: All keys in completedTasksMap: []
2026-01-23 16:21:50.021 23968-23968 TrainingMapActivity     com.talq2me.baerened                 D  CRITICAL: Checking completion for task: 'Fr Spelling' (taskId: frSpellPhoto)
2026-01-23 16:21:50.023 23968-23968 TrainingMapActivity     com.talq2me.baerened                 D  CRITICAL: completedTasksMap['Fr Spelling'] = null
2026-01-23 16:21:50.023 23968-23968 TrainingMapActivity     com.talq2me.baerened                 D  CRITICAL: isCompleted = false
2026-01-23 16:21:50.023 23968-23968 TrainingMapActivity     com.talq2me.baerened                 D  CRITICAL: All keys in completedTasksMap: []
2026-01-23 16:21:50.033 23968-23968 TrainingMapActivity     com.talq2me.baerened                 D  CRITICAL: Checking completion for task: 'Handwriting' (taskId: handwriting)
2026-01-23 16:21:50.033 23968-23968 TrainingMapActivity     com.talq2me.baerened                 D  CRITICAL: completedTasksMap['Handwriting'] = null
2026-01-23 16:21:50.033 23968-23968 TrainingMapActivity     com.talq2me.baerened                 D  CRITICAL: isCompleted = false
2026-01-23 16:21:50.033 23968-23968 TrainingMapActivity     com.talq2me.baerened                 D  CRITICAL: All keys in completedTasksMap: []
2026-01-23 16:21:50.036 23968-23968 TrainingMapActivity     com.talq2me.baerened                 D  CRITICAL: Checking completion for task: 'Sentence Builder' (taskId: englishSentences)
2026-01-23 16:21:50.036 23968-23968 TrainingMapActivity     com.talq2me.baerened                 D  CRITICAL: completedTasksMap['Sentence Builder'] = null
2026-01-23 16:21:50.036 23968-23968 TrainingMapActivity     com.talq2me.baerened                 D  CRITICAL: isCompleted = false
2026-01-23 16:21:50.036 23968-23968 TrainingMapActivity     com.talq2me.baerened                 D  CRITICAL: All keys in completedTasksMap: []
2026-01-23 16:21:50.036 23968-23968 TrainingMapActivity     com.talq2me.baerened                 D  CRITICAL: Checking completion for task: 'Snake Catch' (taskId: snakeCatch)
2026-01-23 16:21:50.036 23968-23968 TrainingMapActivity     com.talq2me.baerened                 D  CRITICAL: completedTasksMap['Snake Catch'] = null
2026-01-23 16:21:50.036 23968-23968 TrainingMapActivity     com.talq2me.baerened                 D  CRITICAL: isCompleted = false
2026-01-23 16:21:50.036 23968-23968 TrainingMapActivity     com.talq2me.baerened                 D  CRITICAL: All keys in completedTasksMap: []
2026-01-23 16:21:50.037 23968-23968 TrainingMapActivity     com.talq2me.baerened                 D  CRITICAL: Checking completion for task: 'Math Hole' (taskId: mathHole)
2026-01-23 16:21:50.037 23968-23968 TrainingMapActivity     com.talq2me.baerened                 D  CRITICAL: completedTasksMap['Math Hole'] = null
2026-01-23 16:21:50.037 23968-23968 TrainingMapActivity     com.talq2me.baerened                 D  CRITICAL: isCompleted = false
2026-01-23 16:21:50.037 23968-23968 TrainingMapActivity     com.talq2me.baerened                 D  CRITICAL: All keys in completedTasksMap: []
2026-01-23 16:21:50.037 23968-23968 TrainingMapActivity     com.talq2me.baerened                 D  CRITICAL: Checking completion for task: 'Word Garden' (taskId: wordGarden)
2026-01-23 16:21:50.037 23968-23968 TrainingMapActivity     com.talq2me.baerened                 D  CRITICAL: completedTasksMap['Word Garden'] = null
2026-01-23 16:21:50.037 23968-23968 TrainingMapActivity     com.talq2me.baerened                 D  CRITICAL: isCompleted = false
2026-01-23 16:21:50.037 23968-23968 TrainingMapActivity     com.talq2me.baerened                 D  CRITICAL: All keys in completedTasksMap: []
2026-01-23 16:21:50.037 23968-23968 TrainingMapActivity     com.talq2me.baerened                 D  CRITICAL: Checking completion for task: 'Number Line Math' (taskId: numberLineMath)
2026-01-23 16:21:50.037 23968-23968 TrainingMapActivity     com.talq2me.baerened                 D  CRITICAL: completedTasksMap['Number Line Math'] = null
2026-01-23 16:21:50.037 23968-23968 TrainingMapActivity     com.talq2me.baerened                 D  CRITICAL: isCompleted = false
2026-01-23 16:21:50.037 23968-23968 TrainingMapActivity     com.talq2me.baerened                 D  CRITICAL: All keys in completedTasksMap: []
2026-01-23 16:21:50.038 23968-23968 TrainingMapActivity     com.talq2me.baerened                 D  CRITICAL: Checking completion for task: 'Ten Frame Math' (taskId: tenFrameMath)
2026-01-23 16:21:50.038 23968-23968 TrainingMapActivity     com.talq2me.baerened                 D  CRITICAL: completedTasksMap['Ten Frame Math'] = null
2026-01-23 16:21:50.038 23968-23968 TrainingMapActivity     com.talq2me.baerened                 D  CRITICAL: isCompleted = false
2026-01-23 16:21:50.038 23968-23968 TrainingMapActivity     com.talq2me.baerened                 D  CRITICAL: All keys in completedTasksMap: []
2026-01-23 16:21:50.038 23968-23968 TrainingMapActivity     com.talq2me.baerened                 D  CRITICAL: Checking completion for task: 'Kung Fu' (taskId: noviceKungFuVideos)
2026-01-23 16:21:50.038 23968-23968 TrainingMapActivity     com.talq2me.baerened                 D  CRITICAL: completedTasksMap['Kung Fu'] = null
2026-01-23 16:21:50.038 23968-23968 TrainingMapActivity     com.talq2me.baerened                 D  CRITICAL: isCompleted = false
2026-01-23 16:21:50.038 23968-23968 TrainingMapActivity     com.talq2me.baerened                 D  CRITICAL: All keys in completedTasksMap: []
2026-01-23 16:21:50.038 23968-23968 TrainingMapActivity     com.talq2me.baerened                 D  CRITICAL: Checking completion for task: 'Google Classroom' (taskId: googleClassroom)
2026-01-23 16:21:50.038 23968-23968 TrainingMapActivity     com.talq2me.baerened                 D  CRITICAL: completedTasksMap['Google Classroom'] = null
2026-01-23 16:21:50.038 23968-23968 TrainingMapActivity     com.talq2me.baerened                 D  CRITICAL: isCompleted = false
2026-01-23 16:21:50.038 23968-23968 TrainingMapActivity     com.talq2me.baerened                 D  CRITICAL: All keys in completedTasksMap: []
2026-01-23 16:21:51.028 23968-23993 EGL_emulation           com.talq2me.baerened                 D  app_time_stats: avg=203.41ms min=32.08ms max=795.11ms count=5