talq2me.baerened                 D  app_time_stats: avg=17.84ms min=2.67ms max=48.85ms count=41
2026-01-25 16:15:50.340  6340-6360  EGL_emulation           com.talq2me.baerened                 D  app_time_stats: avg=15.19ms min=2.07ms max=43.85ms count=44
2026-01-25 16:15:51.362  6340-6360  EGL_emulation           com.talq2me.baerened                 D  app_time_stats: avg=16.22ms min=2.48ms max=59.23ms count=44
2026-01-25 16:15:52.370  6340-6360  EGL_emulation           com.talq2me.baerened                 D  app_time_stats: avg=13.90ms min=2.53ms max=37.65ms count=52
2026-01-25 16:15:53.376  6340-6360  EGL_emulation           com.talq2me.baerened                 D  app_time_stats: avg=11.55ms min=1.88ms max=40.20ms count=53
2026-01-25 16:15:53.569  6340-6392  TaskProgressMigration   com.talq2me.baerened                 D  Migration already completed for profile: TE
2026-01-25 16:15:53.587  6340-6340  TrainingMapActivity     com.talq2me.baerened                 D  onResume called
2026-01-25 16:15:53.592  6340-6340  TrainingMapActivity     com.talq2me.baerened                 D  onResume: Map not initialized yet, skipping refresh
2026-01-25 16:15:53.770  6340-6365  DailyReset...yncManager com.talq2me.baerened                 D  Starting daily_reset_process() and cloud_sync() for profile: TE
2026-01-25 16:15:53.770  6340-6366  TaskProgressMigration   com.talq2me.baerened                 D  Migration already completed for profile: TE
2026-01-25 16:15:53.771  6340-6365  DailyReset...yncManager com.talq2me.baerened                 D  daily_reset_process() started for profile: TE
2026-01-25 16:15:53.772  6340-6365  DailyReset...yncManager com.talq2me.baerened                 D  Local last_reset is old: 2026-01-24 13:17:33.990, checking cloud...
2026-01-25 16:15:53.772  6340-6365  DailyReset...yncManager com.talq2me.baerened                 D  Attempting to fetch cloud last_reset from: https://ubrecfefhkcxwhohshdg.supabase.co (profile: TE)
2026-01-25 16:15:53.780  6340-6365  TrafficStats            com.talq2me.baerened                 D  tagSocket(5) with statsTag=0xffffffff, statsUid=-1
2026-01-25 16:15:54.009  6340-6365  DailyReset...yncManager com.talq2me.baerened                 D  Cloud last_reset is today: 2026-01-25 13:44:56.000, will attempt cloud_sync()
2026-01-25 16:15:54.009  6340-6365  DailyReset...yncManager com.talq2me.baerened                 D  cloud_sync() started for profile: TE
2026-01-25 16:15:54.010  6340-6365  DailyReset...yncManager com.talq2me.baerened                 D  Attempting to fetch cloud last_reset from: https://ubrecfefhkcxwhohshdg.supabase.co (profile: TE)
2026-01-25 16:15:54.105  6340-6365  DailyReset...yncManager com.talq2me.baerened                 D  Attempting to fetch cloud last_updated from: https://ubrecfefhkcxwhohshdg.supabase.co (profile: TE)
2026-01-25 16:15:54.207  6340-6365  DailyReset...yncManager com.talq2me.baerened                 D  cloud_sync() timestamp comparison:
2026-01-25 16:15:54.207  6340-6365  DailyReset...yncManager com.talq2me.baerened                 D    Local: 2026-01-25 16:02:22.033 (parsed: 1769374942033)
2026-01-25 16:15:54.207  6340-6365  DailyReset...yncManager com.talq2me.baerened                 D    Cloud: 2026-01-25T16:02:22.033 (parsed: 1769374942033)
2026-01-25 16:15:54.207  6340-6365  DailyReset...yncManager com.talq2me.baerened                 D    Difference: 0ms (positive = local newer)
2026-01-25 16:15:54.212  6340-6365  DailyReset...yncManager com.talq2me.baerened                 D  Local and cloud timestamps are equal, doing nothing
2026-01-25 16:15:54.213  6340-6365  DailyReset...yncManager com.talq2me.baerened                 D  Completed daily_reset_process() and cloud_sync() for profile: TE
2026-01-25 16:15:54.213  6340-6365  TrainingMapActivity     com.talq2me.baerened                 D  Daily reset and sync completed for profile: TE
2026-01-25 16:15:54.262  6340-6340  WindowOnBackDispatcher  com.talq2me.baerened                 W  sendCancelIfRunning: isInProgress=false callback=android.view.ViewRootImpl$$ExternalSyntheticLambda11@2cd75ae
2026-01-25 16:15:54.395  6340-6360  EGL_emulation           com.talq2me.baerened                 D  app_time_stats: avg=36.48ms min=4.44ms max=181.10ms count=25
2026-01-25 16:15:54.427  6340-6392  TrafficStats            com.talq2me.baerened                 D  tagSocket(137) with statsTag=0xffffffff, statsUid=-1
2026-01-25 16:15:54.518  6340-6340  VRI[BattleHubActivity]  com.talq2me.baerened                 D  visibilityChanged oldVisibility=true newVisibility=false
2026-01-25 16:15:54.576  6340-6392  ContentUpdateService    com.talq2me.baerened                 D  Successfully fetched from network.
2026-01-25 16:15:54.586  6340-6392  ContentUpdateService    com.talq2me.baerened                 D  Saved content to cache: TE_config.json
2026-01-25 16:15:54.609  6340-6392  TrainingMapActivity     com.talq2me.baerened                 D  Successfully fetched config from GitHub
2026-01-25 16:15:54.618  6340-6392  DailyProgressManager    com.talq2me.baerened                 D  Current date string: 25-01-2026 04:15:54 PM
2026-01-25 16:15:54.652  6340-6365  TrafficStats            com.talq2me.baerened                 D  tagSocket(122) with statsTag=0xffffffff, statsUid=-1
2026-01-25 16:15:54.802  6340-6365  DailyProgressManager    com.talq2me.baerened                 D  Fetched last_reset from cloud: 25-01-2026 01:44:56 PM (cloud timestamp: 2026-01-25T13:44:56)
2026-01-25 16:15:54.802  6340-6392  DailyProgressManager    com.talq2me.baerened                 D  shouldResetProgress called - Last: '25-01-2026 01:44:56 PM' (date: 25-01-2026, source: cloud), Current: '25-01-2026 04:15:54 PM' (date: 25-01-2026), Should reset: false
2026-01-25 16:15:54.806  6340-6392  DailyProgressManager    com.talq2me.baerened                 D  CRITICAL: getCompletedTasksMap() - requiredTasks keys: [Google Read Along, Boukili, Math, Eng Spelling, Spelling OCR, Fr Spelling, French Vowels, Time Telling, Handwriting, Money Game, Sentence Builder, UFLI Words, Snake Catch, Math Hole, Word Garden, Number Line Math, Ten Frame Math, Word Fishing, Word Factory, Kung Fu Form, Kung Fu, Facile A Lire 2, Google Classroom, Ufli Home Videos, French UFLI, Laundry, Printing, Practice piano, Practice Kung Fu, Push ups: 15]
2026-01-25 16:15:54.807  6340-6392  CRITICAL                com.talq2me.baerened                 D  CRITICAL: getCompletedTasksMap() - completed tasks: [Spelling OCR, Laundry, Printing, Practice piano, Practice Kung Fu, Push ups: 15]
2026-01-25 16:15:54.847  6340-6340  TrainingMapActivity     com.talq2me.baerened                 D  CRITICAL: Checking completion for task: 'Spelling OCR' (taskId: spellingOCR)
2026-01-25 16:15:54.847  6340-6340  TrainingMapActivity     com.talq2me.baerened                 D  CRITICAL: completedTasksMap['Spelling OCR'] = true
2026-01-25 16:15:54.847  6340-6340  TrainingMapActivity     com.talq2me.baerened                 D  CRITICAL: isCompleted = true
2026-01-25 16:15:54.847  6340-6340  TrainingMapActivity     com.talq2me.baerened                 D  CRITICAL: All keys in completedTasksMap: [Google Read Along, Boukili, Math, Eng Spelling, Spelling OCR, Fr Spelling, French Vowels, Time Telling, Handwriting, Money Game, Sentence Builder, UFLI Words, Snake Catch, Math Hole, Word Garden, Number Line Math, Ten Frame Math, Word Fishing, Word Factory, Kung Fu Form, Kung Fu, Facile A Lire 2, Google Classroom, Ufli Home Videos, French UFLI, Laundry, Printing, Practice piano, Practice Kung Fu, Push ups: 15]
2026-01-25 16:15:55.906  6340-6360  EGL_emulation           com.talq2me.baerened                 D  app_time_stats: avg=442.38ms min=47.88ms max=1012.31ms count=5
2026-01-25 16:15:59.153  6340-6340  BattleHubActivity       com.talq2me.baerened                 D  Starting daily reset and sync in onActivityResult for profile TE
2026-01-25 16:15:59.157  6340-6340  BattleHubActivity       com.talq2me.baerened                 D  Starting daily reset and sync in onResume for profile TE
2026-01-25 16:15:59.161  6340-6364  TaskProgressMigration   com.talq2me.baerened                 D  Migration already completed for profile: TE
2026-01-25 16:15:59.163  6340-6364  TaskProgressMigration   com.talq2me.baerened                 D  Migration already completed for profile: TE
2026-01-25 16:15:59.164  6340-6365  DailyReset...yncManager com.talq2me.baerened                 D  Starting daily_reset_process() and cloud_sync() for profile: TE
2026-01-25 16:15:59.172  6340-6368  DailyReset...yncManager com.talq2me.baerened                 D  Starting daily_reset_process() and cloud_sync() for profile: TE
2026-01-25 16:15:59.174  6340-6368  DailyReset...yncManager com.talq2me.baerened                 D  daily_reset_process() started for profile: TE
2026-01-25 16:15:59.176  6340-6368  DailyReset...yncManager com.talq2me.baerened                 D  Local last_reset is old: 2026-01-24 13:17:33.990, checking cloud...
2026-01-25 16:15:59.177  6340-6368  DailyReset...yncManager com.talq2me.baerened                 D  Attempting to fetch cloud last_reset from: https://ubrecfefhkcxwhohshdg.supabase.co (profile: TE)
2026-01-25 16:15:59.185  6340-6364  TaskProgressMigration   com.talq2me.baerened                 D  Migration already completed for profile: TE
2026-01-25 16:15:59.197  6340-6365  DailyReset...yncManager com.talq2me.baerened                 D  daily_reset_process() started for profile: TE
2026-01-25 16:15:59.201  6340-6365  DailyReset...yncManager com.talq2me.baerened                 D  Local last_reset is old: 2026-01-24 13:17:33.990, checking cloud...
2026-01-25 16:15:59.203  6340-6368  TrafficStats            com.talq2me.baerened                 D  tagSocket(131) with statsTag=0xffffffff, statsUid=-1
2026-01-25 16:15:59.207  6340-6365  DailyReset...yncManager com.talq2me.baerened                 D  Attempting to fetch cloud last_reset from: https://ubrecfefhkcxwhohshdg.supabase.co (profile: TE)
2026-01-25 16:15:59.207  6340-6340  DailyProgressManager    com.talq2me.baerened                 D  Current date string: 25-01-2026 04:15:59 PM
2026-01-25 16:15:59.207  6340-6340  DailyProgressManager    com.talq2me.baerened                 D  shouldResetProgress called - Last: '25-01-2026 01:44:56 PM' (date: 25-01-2026, source: local), Current: '25-01-2026 04:15:59 PM' (date: 25-01-2026), Should reset: false
2026-01-25 16:15:59.215  6340-6365  TrafficStats            com.talq2me.baerened                 D  tagSocket(139) with statsTag=0xffffffff, statsUid=-1
2026-01-25 16:15:59.226  6340-6340  BattleHubActivity       com.talq2me.baerened                 D  updateCountsDisplay() CALLED
2026-01-25 16:15:59.226  6340-6340  BattleHubActivity       com.talq2me.baerened                 D  DEBUG: completed_tasks = {"math":false,"kung_fu":false,"math_hole":false,"fr_spelling":false,"snake_catch":false,"word_garden":false,"ten_frame_math":false,"google_classroom":false,"number_line_math":false,"sentence_builder":false,"google_read_along":true}
2026-01-25 16:15:59.226  6340-6340  BattleHubActivity       com.talq2me.baerened                 D  DEBUG: completed_task_names = {"math":"Math","kung_fu":"Kung Fu","math_hole":"Math Hole","fr_spelling":"Fr Spelling","snake_catch":"Snake Catch","word_garden":"Word Garden","ten_frame_math":"Ten Frame Math","google_classroom":"Google Classroom","number_line_math":"Number Line Math","sentence_builder":"Sentence Builder","google_read_along":"Google Read Along"}
2026-01-25 16:15:59.227  6340-6340  BattleHubActivity       com.talq2me.baerened                 D  updateCountsDisplay: jsonString is NOT NULL (length=14017)
2026-01-25 16:15:59.229  6340-6416  TaskProgressMigration   com.talq2me.baerened                 D  Migration already completed for profile: TE
2026-01-25 16:15:59.236  6340-6340  BattleHubActivity       com.talq2me.baerened                 D  updateCountsDisplay: currentContent is NOT NULL
2026-01-25 16:15:59.237  6340-6340  DailyProgressManager    com.talq2me.baerened                 D  Current date string: 25-01-2026 04:15:59 PM
2026-01-25 16:15:59.237  6340-6340  DailyProgressManager    com.talq2me.baerened                 D  shouldResetProgress called - Last: '25-01-2026 01:44:56 PM' (date: 25-01-2026, source: local), Current: '25-01-2026 04:15:59 PM' (date: 25-01-2026), Should reset: false
2026-01-25 16:15:59.258  6340-6340  DailyProgressManager    com.talq2me.baerened                 D  getCurrentProgressWithCoinsAndStars: taskName=Spelling OCR, stars=3, isCompleted=true, requiredTasks keys=[Google Read Along, Boukili, Math, Eng Spelling, Spelling OCR, Fr Spelling, French Vowels, Time Telling, Handwriting, Money Game, Sentence Builder, UFLI Words, Snake Catch, Math Hole, Word Garden, Number Line Math, Ten Frame Math, Word Fishing, Word Factory, Kung Fu Form, Kung Fu, Facile A Lire 2, Google Classroom, Ufli Home Videos, French UFLI, Laundry, Printing, Practice piano, Practice Kung Fu, Push ups: 15]
2026-01-25 16:15:59.258  6340-6340  DailyProgressManager    com.talq2me.baerened                 D  Added to progress: taskName=Spelling OCR, stars=3, total earnedStars=3, total earnedCoins=3
2026-01-25 16:15:59.281  6340-6340  DailyProgressManager    com.talq2me.baerened                 D  Calculated totals from config - Coins: 8, Stars: 8 (required section only)
2026-01-25 16:15:59.281  6340-6340  DailyProgressManager    com.talq2me.baerened                 D  Current date string: 25-01-2026 04:15:59 PM
2026-01-25 16:15:59.282  6340-6340  DailyProgressManager    com.talq2me.baerened                 D  shouldResetProgress called - Last: '25-01-2026 01:44:56 PM' (date: 25-01-2026, source: local), Current: '25-01-2026 04:15:59 PM' (date: 25-01-2026), Should reset: false
2026-01-25 16:15:59.282  6340-6340  DailyProgressManager    com.talq2me.baerened                 D  CRITICAL: getCompletedTasksMap() - requiredTasks keys: [Google Read Along, Boukili, Math, Eng Spelling, Spelling OCR, Fr Spelling, French Vowels, Time Telling, Handwriting, Money Game, Sentence Builder, UFLI Words, Snake Catch, Math Hole, Word Garden, Number Line Math, Ten Frame Math, Word Fishing, Word Factory, Kung Fu Form, Kung Fu, Facile A Lire 2, Google Classroom, Ufli Home Videos, French UFLI, Laundry, Printing, Practice piano, Practice Kung Fu, Push ups: 15]
2026-01-25 16:15:59.283  6340-6340  CRITICAL                com.talq2me.baerened                 D  CRITICAL: getCompletedTasksMap() - completed tasks: [Spelling OCR, Laundry, Printing, Practice piano, Practice Kung Fu, Push ups: 15]
2026-01-25 16:15:59.283  6340-6340  BattleHubActivity       com.talq2me.baerened                 D  updateCountsDisplay: earnedCoins=8, earnedStars=0
2026-01-25 16:15:59.283  6340-6340  BattleHubActivity       com.talq2me.baerened                 D  updateCountsDisplay: completedTasks keys=[Google Read Along, Boukili, Math, Eng Spelling, Spelling OCR, Fr Spelling, French Vowels, Time Telling, Handwriting, Money Game, Sentence Builder, UFLI Words, Snake Catch, Math Hole, Word Garden, Number Line Math, Ten Frame Math, Word Fishing, Word Factory, Kung Fu Form, Kung Fu, Facile A Lire 2, Google Classroom, Ufli Home Videos, French UFLI, Laundry, Printing, Practice piano, Practice Kung Fu, Push ups: 15]
2026-01-25 16:15:59.283  6340-6340  BattleHubActivity       com.talq2me.baerened                 D  updateCountsDisplay: About to update UI with coins=8, berries=0, minutes=10
2026-01-25 16:15:59.286  6340-6340  BattleHubActivity       com.talq2me.baerened                 D  updateCountsDisplay: earnedBerries=0
2026-01-25 16:15:59.288  6340-6340  BattleHubActivity       com.talq2me.baerened                 D  updateCountsDisplay: UI updated - coinCount.text=8 🪙, berryCountDisplay.text=0 🍍, minuteCount.text=10 ⏱️
2026-01-25 16:15:59.291  6340-6340  BattleHubActivity       com.talq2me.baerened                 D  DEBUG: getAllEarnedStars returned 0 for currentContent=true
2026-01-25 16:15:59.294  6340-6392  SettingsManager         com.talq2me.baerened                 D  Got active profile from cloud: TE, last_updated: 2026-01-25T16:13:03.615
2026-01-25 16:15:59.294  6340-6340  DailyProgressManager    com.talq2me.baerened                 D  Current date string: 25-01-2026 04:15:59 PM
2026-01-25 16:15:59.294  6340-6340  DailyProgressManager    com.talq2me.baerened                 D  shouldResetProgress called - Last: '25-01-2026 01:44:56 PM' (date: 25-01-2026, source: local), Current: '25-01-2026 04:15:59 PM' (date: 25-01-2026), Should reset: false
2026-01-25 16:15:59.295  6340-6392  SettingsManager         com.talq2me.baerened                 D  Profile check: local=TE (timestamp=2026-01-25 16:02:55.542), cloud=TE (timestamp=2026-01-25T16:13:03.615)
2026-01-25 16:15:59.296  6340-6392  SettingsManager         com.talq2me.baerened                 D  parseTimestampForComparison: 2026-01-25 16:02:55.542 -> base=2026-01-25 16:02:55.542 -> 1769374975542 (parsed as EST)
2026-01-25 16:15:59.296  6340-6340  DailyProgressManager    com.talq2me.baerened                 D  CRITICAL: getCompletedTasksMap() - requiredTasks keys: [Google Read Along, Boukili, Math, Eng Spelling, Spelling OCR, Fr Spelling, French Vowels, Time Telling, Handwriting, Money Game, Sentence Builder, UFLI Words, Snake Catch, Math Hole, Word Garden, Number Line Math, Ten Frame Math, Word Fishing, Word Factory, Kung Fu Form, Kung Fu, Facile A Lire 2, Google Classroom, Ufli Home Videos, French UFLI, Laundry, Printing, Practice piano, Practice Kung Fu, Push ups: 15]
2026-01-25 16:15:59.296  6340-6392  SettingsManager         com.talq2me.baerened                 D  parseTimestampForComparison: 2026-01-25T16:13:03.615 -> base=2026-01-25 16:13:03.615 -> 1769375583615 (parsed as EST)
2026-01-25 16:15:59.296  6340-6392  SettingsManager         com.talq2me.baerened                 D  checkAndApplyProfileFromCloud timestamp comparison:
2026-01-25 16:15:59.296  6340-6392  SettingsManager         com.talq2me.baerened                 D    Local: 2026-01-25 16:02:55.542 (parsed: 1769374975542)
2026-01-25 16:15:59.296  6340-6392  SettingsManager         com.talq2me.baerened                 D    Cloud: 2026-01-25T16:13:03.615 (parsed: 1769375583615)
2026-01-25 16:15:59.296  6340-6392  SettingsManager         com.talq2me.baerened                 D    Cloud is newer: true
2026-01-25 16:15:59.296  6340-6340  CRITICAL                com.talq2me.baerened                 D  CRITICAL: getCompletedTasksMap() - completed tasks: [Spelling OCR, Laundry, Printing, Practice piano, Practice Kung Fu, Push ups: 15]
2026-01-25 16:15:59.296  6340-6340  BattleHubActivity       com.talq2me.baerened                 D  DEBUG: progressManager.getCompletedTasksMap() = {Google Read Along=false, Boukili=false, Math=false, Eng Spelling=false, Spelling OCR=true, Fr Spelling=false, French Vowels=false, Time Telling=false, Handwriting=false, Money Game=false, Sentence Builder=false, UFLI Words=false, Snake Catch=false, Math Hole=false, Word Garden=false, Number Line Math=false, Ten Frame Math=false, Word Fishing=false, Word Factory=false, Kung Fu Form=false, Kung Fu=false, Facile A Lire 2=false, Google Classroom=false, Ufli Home Videos=false, French UFLI=false, Laundry=true, Printing=true, Practice piano=true, Practice Kung Fu=true, Push ups: 15=true}
2026-01-25 16:15:59.296  6340-6340  BattleHubActivity       com.talq2me.baerened                 D  updateBerryMeter() CALLED
2026-01-25 16:15:59.298  6340-6340  BattleHubActivity       com.talq2me.baerened                 D  updateBerryMeter: jsonString is NOT NULL (length=14017)
2026-01-25 16:15:59.299  6340-6392  TaskProgressMigration   com.talq2me.baerened                 D  Migration already completed for profile: TE
2026-01-25 16:15:59.310  6340-6340  BattleHubActivity       com.talq2me.baerened                 D  updateBerryMeter: currentContent is NOT NULL
2026-01-25 16:15:59.311  6340-6340  DailyProgressManager    com.talq2me.baerened                 D  Current date string: 25-01-2026 04:15:59 PM
2026-01-25 16:15:59.312  6340-6340  DailyProgressManager    com.talq2me.baerened                 D  shouldResetProgress called - Last: '25-01-2026 01:44:56 PM' (date: 25-01-2026, source: local), Current: '25-01-2026 04:15:59 PM' (date: 25-01-2026), Should reset: false
2026-01-25 16:15:59.318  6340-6340  DailyProgressManager    com.talq2me.baerened                 D  getCurrentProgressWithCoinsAndStars: taskName=Spelling OCR, stars=3, isCompleted=true, requiredTasks keys=[Google Read Along, Boukili, Math, Eng Spelling, Spelling OCR, Fr Spelling, French Vowels, Time Telling, Handwriting, Money Game, Sentence Builder, UFLI Words, Snake Catch, Math Hole, Word Garden, Number Line Math, Ten Frame Math, Word Fishing, Word Factory, Kung Fu Form, Kung Fu, Facile A Lire 2, Google Classroom, Ufli Home Videos, French UFLI, Laundry, Printing, Practice piano, Practice Kung Fu, Push ups: 15]
2026-01-25 16:15:59.318  6340-6340  DailyProgressManager    com.talq2me.baerened                 D  Added to progress: taskName=Spelling OCR, stars=3, total earnedStars=3, total earnedCoins=3
2026-01-25 16:15:59.324  6340-6340  DailyProgressManager    com.talq2me.baerened                 D  Calculated totals from config - Coins: 8, Stars: 8 (required section only)
2026-01-25 16:15:59.324  6340-6340  BattleHubActivity       com.talq2me.baerened                 D  Berry meter: earnedStars=0, totalStars=8
2026-01-25 16:15:59.324  6340-6340  BattleHubActivity       com.talq2me.baerened                 D  DEBUG updateBerryMeter: currentContent required_tasks count=58
2026-01-25 16:15:59.324  6340-6340  DailyProgressManager    com.talq2me.baerened                 D  Current date string: 25-01-2026 04:15:59 PM
2026-01-25 16:15:59.325  6340-6340  DailyProgressManager    com.talq2me.baerened                 D  shouldResetProgress called - Last: '25-01-2026 01:44:56 PM' (date: 25-01-2026, source: local), Current: '25-01-2026 04:15:59 PM' (date: 25-01-2026), Should reset: false
2026-01-25 16:15:59.325  6340-6340  DailyProgressManager    com.talq2me.baerened                 D  CRITICAL: getCompletedTasksMap() - requiredTasks keys: [Google Read Along, Boukili, Math, Eng Spelling, Spelling OCR, Fr Spelling, French Vowels, Time Telling, Handwriting, Money Game, Sentence Builder, UFLI Words, Snake Catch, Math Hole, Word Garden, Number Line Math, Ten Frame Math, Word Fishing, Word Factory, Kung Fu Form, Kung Fu, Facile A Lire 2, Google Classroom, Ufli Home Videos, French UFLI, Laundry, Printing, Practice piano, Practice Kung Fu, Push ups: 15]
2026-01-25 16:15:59.326  6340-6340  CRITICAL                com.talq2me.baerened                 D  CRITICAL: getCompletedTasksMap() - completed tasks: [Spelling OCR, Laundry, Printing, Practice piano, Practice Kung Fu, Push ups: 15]
2026-01-25 16:15:59.326  6340-6340  BattleHubActivity       com.talq2me.baerened                 D  DEBUG updateBerryMeter: progressManager.getCompletedTasksMap() = {Google Read Along=false, Boukili=false, Math=false, Eng Spelling=false, Spelling OCR=true, Fr Spelling=false, French Vowels=false, Time Telling=false, Handwriting=false, Money Game=false, Sentence Builder=false, UFLI Words=false, Snake Catch=false, Math Hole=false, Word Garden=false, Number Line Math=false, Ten Frame Math=false, Word Fishing=false, Word Factory=false, Kung Fu Form=false, Kung Fu=false, Facile A Lire 2=false, Google Classroom=false, Ufli Home Videos=false, French UFLI=false, Laundry=true, Printing=true, Practice piano=true, Practice Kung Fu=true, Push ups: 15=true}
2026-01-25 16:15:59.326  6340-6340  BattleHubActivity       com.talq2me.baerened                 D  updateBerryMeter: UI updated - berryCount.text=0 / 8 Berries, percentage=0
2026-01-25 16:15:59.331  6340-6340  DailyProgressManager    com.talq2me.baerened                 D  Current date string: 25-01-2026 04:15:59 PM
2026-01-25 16:15:59.332  6340-6340  DailyProgressManager    com.talq2me.baerened                 D  shouldResetProgress called - Last: '25-01-2026 01:44:56 PM' (date: 25-01-2026, source: local), Current: '25-01-2026 04:15:59 PM' (date: 25-01-2026), Should reset: false
2026-01-25 16:15:59.333  6340-6416  TaskProgressMigration   com.talq2me.baerened                 D  Migration already completed for profile: TE
2026-01-25 16:15:59.337  6340-6340  DailyProgressManager    com.talq2me.baerened                 D  CRITICAL: getCompletedTasksMap() - requiredTasks keys: [Google Read Along, Boukili, Math, Eng Spelling, Spelling OCR, Fr Spelling, French Vowels, Time Telling, Handwriting, Money Game, Sentence Builder, UFLI Words, Snake Catch, Math Hole, Word Garden, Number Line Math, Ten Frame Math, Word Fishing, Word Factory, Kung Fu Form, Kung Fu, Facile A Lire 2, Google Classroom, Ufli Home Videos, French UFLI, Laundry, Printing, Practice piano, Practice Kung Fu, Push ups: 15]
2026-01-25 16:15:59.337  6340-6340  CRITICAL                com.talq2me.baerened                 D  CRITICAL: getCompletedTasksMap() - completed tasks: [Spelling OCR, Laundry, Printing, Practice piano, Practice Kung Fu, Push ups: 15]
2026-01-25 16:15:59.337  6340-6340  BattleHubActivity       com.talq2me.baerened                 D  updateEarnButtonsState: completedTasksMap keys: [Google Read Along, Boukili, Math, Eng Spelling, Spelling OCR, Fr Spelling, French Vowels, Time Telling, Handwriting, Money Game, Sentence Builder, UFLI Words, Snake Catch, Math Hole, Word Garden, Number Line Math, Ten Frame Math, Word Fishing, Word Factory, Kung Fu Form, Kung Fu, Facile A Lire 2, Google Classroom, Ufli Home Videos, French UFLI, Laundry, Printing, Practice piano, Practice Kung Fu, Push ups: 15]
2026-01-25 16:15:59.337  6340-6340  BattleHubActivity       com.talq2me.baerened                 D  updateEarnButtonsState: completedTasksMap size: 30
2026-01-25 16:15:59.338  6340-6340  BattleHubActivity       com.talq2me.baerened                 D  updateEarnButtonsState: completed tasks (true): [Spelling OCR, Laundry, Printing, Practice piano, Practice Kung Fu, Push ups: 15]
2026-01-25 16:15:59.345  6340-6340  BattleHubActivity       com.talq2me.baerened                 D  updateEarnButtonsState: requiredTasks count: 17
2026-01-25 16:15:59.345  6340-6340  BattleHubActivity       com.talq2me.baerened                 D  updateEarnButtonsState: requiredTasks titles: [Google Read Along, Boukili, Eng Spelling, Spelling OCR, Fr Spelling, Fr Spelling, Eng Spelling, French Vowels, Handwriting, Sentence Builder, Number Line Math, Ten Frame Math, Word Factory, Kung Fu, Facile A Lire 2, Ufli Home Videos, French UFLI]
2026-01-25 16:15:59.345  6340-6340  BattleHubActivity       com.talq2me.baerened                 D  updateEarnButtonsState: task 'Google Read Along' (launch: googleReadAlong) completed: false
2026-01-25 16:15:59.345  6340-6340  BattleHubActivity       com.talq2me.baerened                 D  updateEarnButtonsState: allRequiredCompleted: false
2026-01-25 16:15:59.348  6340-6416  TaskProgressMigration   com.talq2me.baerened                 D  Migration already completed for profile: TE
2026-01-25 16:15:59.353  6340-6340  BattleHubActivity       com.talq2me.baerened                 D  Added header buttons (Ask for Time, Settings icon, Cloud toggle)
2026-01-25 16:15:59.369  6340-6368  DailyReset...yncManager com.talq2me.baerened                 D  Cloud last_reset is today: 2026-01-25 13:44:56.000, will attempt cloud_sync()
2026-01-25 16:15:59.369  6340-6368  DailyReset...yncManager com.talq2me.baerened                 D  cloud_sync() started for profile: TE
2026-01-25 16:15:59.370  6340-6368  DailyReset...yncManager com.talq2me.baerened                 D  Attempting to fetch cloud last_reset from: https://ubrecfefhkcxwhohshdg.supabase.co (profile: TE)
2026-01-25 16:15:59.451  6340-6365  DailyReset...yncManager com.talq2me.baerened                 D  Cloud last_reset is today: 2026-01-25 13:44:56.000, will attempt cloud_sync()
2026-01-25 16:15:59.452  6340-6365  DailyReset...yncManager com.talq2me.baerened                 D  cloud_sync() started for profile: TE
2026-01-25 16:15:59.452  6340-6365  DailyReset...yncManager com.talq2me.baerened                 D  Attempting to fetch cloud last_reset from: https://ubrecfefhkcxwhohshdg.supabase.co (profile: TE)
2026-01-25 16:15:59.530  6340-6368  DailyReset...yncManager com.talq2me.baerened                 D  Attempting to fetch cloud last_updated from: https://ubrecfefhkcxwhohshdg.supabase.co (profile: TE)
2026-01-25 16:15:59.574  6340-6365  DailyReset...yncManager com.talq2me.baerened                 D  Attempting to fetch cloud last_updated from: https://ubrecfefhkcxwhohshdg.supabase.co (profile: TE)
2026-01-25 16:15:59.641  6340-6368  DailyReset...yncManager com.talq2me.baerened                 D  cloud_sync() timestamp comparison:
2026-01-25 16:15:59.641  6340-6368  DailyReset...yncManager com.talq2me.baerened                 D    Local: 2026-01-25 16:02:22.033 (parsed: 1769374942033)
2026-01-25 16:15:59.641  6340-6368  DailyReset...yncManager com.talq2me.baerened                 D    Cloud: 2026-01-25T16:02:22.033 (parsed: 1769374942033)
2026-01-25 16:15:59.641  6340-6368  DailyReset...yncManager com.talq2me.baerened                 D    Difference: 0ms (positive = local newer)
2026-01-25 16:15:59.642  6340-6368  DailyReset...yncManager com.talq2me.baerened                 D  Local and cloud timestamps are equal, doing nothing
2026-01-25 16:15:59.642  6340-6368  DailyReset...yncManager com.talq2me.baerened                 D  Completed daily_reset_process() and cloud_sync() for profile: TE
2026-01-25 16:15:59.642  6340-6368  BattleHubActivity       com.talq2me.baerened                 D  Daily reset and sync completed in onResume for profile TE
2026-01-25 16:15:59.669  6340-6365  DailyReset...yncManager com.talq2me.baerened                 D  cloud_sync() timestamp comparison:
2026-01-25 16:15:59.670  6340-6365  DailyReset...yncManager com.talq2me.baerened                 D    Local: 2026-01-25 16:02:22.033 (parsed: 1769374942033)
2026-01-25 16:15:59.670  6340-6365  DailyReset...yncManager com.talq2me.baerened                 D    Cloud: 2026-01-25T16:02:22.033 (parsed: 1769374942033)
2026-01-25 16:15:59.671  6340-6365  DailyReset...yncManager com.talq2me.baerened                 D    Difference: 0ms (positive = local newer)
2026-01-25 16:15:59.672  6340-6365  DailyReset...yncManager com.talq2me.baerened                 D  Local and cloud timestamps are equal, doing nothing
2026-01-25 16:15:59.673  6340-6365  DailyReset...yncManager com.talq2me.baerened                 D  Completed daily_reset_process() and cloud_sync() for profile: TE
2026-01-25 16:15:59.673  6340-6365  BattleHubActivity       com.talq2me.baerened                 D  Daily reset and sync completed in onActivityResult for profile TE
2026-01-25 16:15:59.691  6340-6340  BattleHubActivity       com.talq2me.baerened                 D  updateBerryMeter() CALLED
2026-01-25 16:15:59.692  6340-6340  BattleHubActivity       com.talq2me.baerened                 D  updateBerryMeter: jsonString is NOT NULL (length=14017)
2026-01-25 16:15:59.693  6340-6365  TaskProgressMigration   com.talq2me.baerened                 D  Migration already completed for profile: TE
2026-01-25 16:15:59.695  6340-6340  BattleHubActivity       com.talq2me.baerened                 D  updateBerryMeter: currentContent is NOT NULL
2026-01-25 16:15:59.696  6340-6340  DailyProgressManager    com.talq2me.baerened                 D  Current date string: 25-01-2026 04:15:59 PM
2026-01-25 16:15:59.696  6340-6340  DailyProgressManager    com.talq2me.baerened                 D  shouldResetProgress called - Last: '25-01-2026 01:44:56 PM' (date: 25-01-2026, source: local), Current: '25-01-2026 04:15:59 PM' (date: 25-01-2026), Should reset: false
2026-01-25 16:15:59.717  6340-6340  DailyProgressManager    com.talq2me.baerened                 D  getCurrentProgressWithCoinsAndStars: taskName=Spelling OCR, stars=3, isCompleted=true, requiredTasks keys=[Google Read Along, Boukili, Math, Eng Spelling, Spelling OCR, Fr Spelling, French Vowels, Time Telling, Handwriting, Money Game, Sentence Builder, UFLI Words, Snake Catch, Math Hole, Word Garden, Number Line Math, Ten Frame Math, Word Fishing, Word Factory, Kung Fu Form, Kung Fu, Facile A Lire 2, Google Classroom, Ufli Home Videos, French UFLI, Laundry, Printing, Practice piano, Practice Kung Fu, Push ups: 15]
2026-01-25 16:15:59.717  6340-6340  DailyProgressManager    com.talq2me.baerened                 D  Added to progress: taskName=Spelling OCR, stars=3, total earnedStars=3, total earnedCoins=3
2026-01-25 16:15:59.727  6340-6340  DailyProgressManager    com.talq2me.baerened                 D  Calculated totals from config - Coins: 8, Stars: 8 (required section only)
2026-01-25 16:15:59.727  6340-6340  BattleHubActivity       com.talq2me.baerened                 D  Berry meter: earnedStars=0, totalStars=8
2026-01-25 16:15:59.727  6340-6340  BattleHubActivity       com.talq2me.baerened                 D  DEBUG updateBerryMeter: currentContent required_tasks count=58
2026-01-25 16:15:59.727  6340-6340  DailyProgressManager    com.talq2me.baerened                 D  Current date string: 25-01-2026 04:15:59 PM
2026-01-25 16:15:59.727  6340-6340  DailyProgressManager    com.talq2me.baerened                 D  shouldResetProgress called - Last: '25-01-2026 01:44:56 PM' (date: 25-01-2026, source: local), Current: '25-01-2026 04:15:59 PM' (date: 25-01-2026), Should reset: false
2026-01-25 16:15:59.728  6340-6340  DailyProgressManager    com.talq2me.baerened                 D  CRITICAL: getCompletedTasksMap() - requiredTasks keys: [Google Read Along, Boukili, Math, Eng Spelling, Spelling OCR, Fr Spelling, French Vowels, Time Telling, Handwriting, Money Game, Sentence Builder, UFLI Words, Snake Catch, Math Hole, Word Garden, Number Line Math, Ten Frame Math, Word Fishing, Word Factory, Kung Fu Form, Kung Fu, Facile A Lire 2, Google Classroom, Ufli Home Videos, French UFLI, Laundry, Printing, Practice piano, Practice Kung Fu, Push ups: 15]
2026-01-25 16:15:59.728  6340-6340  CRITICAL                com.talq2me.baerened                 D  CRITICAL: getCompletedTasksMap() - completed tasks: [Spelling OCR, Laundry, Printing, Practice piano, Practice Kung Fu, Push ups: 15]
2026-01-25 16:15:59.729  6340-6340  BattleHubActivity       com.talq2me.baerened                 D  DEBUG updateBerryMeter: progressManager.getCompletedTasksMap() = {Google Read Along=false, Boukili=false, Math=false, Eng Spelling=false, Spelling OCR=true, Fr Spelling=false, French Vowels=false, Time Telling=false, Handwriting=false, Money Game=false, Sentence Builder=false, UFLI Words=false, Snake Catch=false, Math Hole=false, Word Garden=false, Number Line Math=false, Ten Frame Math=false, Word Fishing=false, Word Factory=false, Kung Fu Form=false, Kung Fu=false, Facile A Lire 2=false, Google Classroom=false, Ufli Home Videos=false, French UFLI=false, Laundry=true, Printing=true, Practice piano=true, Practice Kung Fu=true, Push ups: 15=true}
2026-01-25 16:15:59.730  6340-6340  BattleHubActivity       com.talq2me.baerened                 D  updateBerryMeter: UI updated - berryCount.text=0 / 8 Berries, percentage=0
2026-01-25 16:15:59.733  6340-6340  DailyProgressManager    com.talq2me.baerened                 D  Current date string: 25-01-2026 04:15:59 PM
2026-01-25 16:15:59.733  6340-6340  DailyProgressManager    com.talq2me.baerened                 D  shouldResetProgress called - Last: '25-01-2026 01:44:56 PM' (date: 25-01-2026, source: local), Current: '25-01-2026 04:15:59 PM' (date: 25-01-2026), Should reset: false
2026-01-25 16:15:59.736  6340-6340  DailyProgressManager    com.talq2me.baerened                 D  CRITICAL: getCompletedTasksMap() - requiredTasks keys: [Google Read Along, Boukili, Math, Eng Spelling, Spelling OCR, Fr Spelling, French Vowels, Time Telling, Handwriting, Money Game, Sentence Builder, UFLI Words, Snake Catch, Math Hole, Word Garden, Number Line Math, Ten Frame Math, Word Fishing, Word Factory, Kung Fu Form, Kung Fu, Facile A Lire 2, Google Classroom, Ufli Home Videos, French UFLI, Laundry, Printing, Practice piano, Practice Kung Fu, Push ups: 15]
2026-01-25 16:15:59.736  6340-6340  CRITICAL                com.talq2me.baerened                 D  CRITICAL: getCompletedTasksMap() - completed tasks: [Spelling OCR, Laundry, Printing, Practice piano, Practice Kung Fu, Push ups: 15]
2026-01-25 16:15:59.736  6340-6340  BattleHubActivity       com.talq2me.baerened                 D  updateEarnButtonsState: completedTasksMap keys: [Google Read Along, Boukili, Math, Eng Spelling, Spelling OCR, Fr Spelling, French Vowels, Time Telling, Handwriting, Money Game, Sentence Builder, UFLI Words, Snake Catch, Math Hole, Word Garden, Number Line Math, Ten Frame Math, Word Fishing, Word Factory, Kung Fu Form, Kung Fu, Facile A Lire 2, Google Classroom, Ufli Home Videos, French UFLI, Laundry, Printing, Practice piano, Practice Kung Fu, Push ups: 15]
2026-01-25 16:15:59.736  6340-6340  BattleHubActivity       com.talq2me.baerened                 D  updateEarnButtonsState: completedTasksMap size: 30
2026-01-25 16:15:59.737  6340-6340  BattleHubActivity       com.talq2me.baerened                 D  updateEarnButtonsState: completed tasks (true): [Spelling OCR, Laundry, Printing, Practice piano, Practice Kung Fu, Push ups: 15]
2026-01-25 16:15:59.741  6340-6340  BattleHubActivity       com.talq2me.baerened                 D  updateEarnButtonsState: requiredTasks count: 17
2026-01-25 16:15:59.741  6340-6340  BattleHubActivity       com.talq2me.baerened                 D  updateEarnButtonsState: requiredTasks titles: [Google Read Along, Boukili, Eng Spelling, Spelling OCR, Fr Spelling, Fr Spelling, Eng Spelling, French Vowels, Handwriting, Sentence Builder, Number Line Math, Ten Frame Math, Word Factory, Kung Fu, Facile A Lire 2, Ufli Home Videos, French UFLI]
2026-01-25 16:15:59.742  6340-6340  BattleHubActivity       com.talq2me.baerened                 D  updateEarnButtonsState: task 'Google Read Along' (launch: googleReadAlong) completed: false
2026-01-25 16:15:59.742  6340-6340  BattleHubActivity       com.talq2me.baerened                 D  updateEarnButtonsState: allRequiredCompleted: false
2026-01-25 16:15:59.742  6340-6340  BattleHubActivity       com.talq2me.baerened                 D  updateCountsDisplay() CALLED
2026-01-25 16:15:59.742  6340-6340  BattleHubActivity       com.talq2me.baerened                 D  DEBUG: completed_tasks = {"math":false,"kung_fu":false,"math_hole":false,"fr_spelling":false,"snake_catch":false,"word_garden":false,"ten_frame_math":false,"google_classroom":false,"number_line_math":false,"sentence_builder":false,"google_read_along":true}
2026-01-25 16:15:59.742  6340-6340  BattleHubActivity       com.talq2me.baerened                 D  DEBUG: completed_task_names = {"math":"Math","kung_fu":"Kung Fu","math_hole":"Math Hole","fr_spelling":"Fr Spelling","snake_catch":"Snake Catch","word_garden":"Word Garden","ten_frame_math":"Ten Frame Math","google_classroom":"Google Classroom","number_line_math":"Number Line Math","sentence_builder":"Sentence Builder","google_read_along":"Google Read Along"}
2026-01-25 16:15:59.743  6340-6368  TaskProgressMigration   com.talq2me.baerened                 D  Migration already completed for profile: TE
2026-01-25 16:15:59.744  6340-6340  BattleHubActivity       com.talq2me.baerened                 D  updateCountsDisplay: jsonString is NOT NULL (length=14017)
2026-01-25 16:15:59.745  6340-6368  TaskProgressMigration   com.talq2me.baerened                 D  Migration already completed for profile: TE
2026-01-25 16:15:59.751  6340-6340  BattleHubActivity       com.talq2me.baerened                 D  updateCountsDisplay: currentContent is NOT NULL
2026-01-25 16:15:59.751  6340-6340  DailyProgressManager    com.talq2me.baerened                 D  Current date string: 25-01-2026 04:15:59 PM
2026-01-25 16:15:59.752  6340-6340  DailyProgressManager    com.talq2me.baerened                 D  shouldResetProgress called - Last: '25-01-2026 01:44:56 PM' (date: 25-01-2026, source: local), Current: '25-01-2026 04:15:59 PM' (date: 25-01-2026), Should reset: false
2026-01-25 16:15:59.762  6340-6340  DailyProgressManager    com.talq2me.baerened                 D  getCurrentProgressWithCoinsAndStars: taskName=Spelling OCR, stars=3, isCompleted=true, requiredTasks keys=[Google Read Along, Boukili, Math, Eng Spelling, Spelling OCR, Fr Spelling, French Vowels, Time Telling, Handwriting, Money Game, Sentence Builder, UFLI Words, Snake Catch, Math Hole, Word Garden, Number Line Math, Ten Frame Math, Word Fishing, Word Factory, Kung Fu Form, Kung Fu, Facile A Lire 2, Google Classroom, Ufli Home Videos, French UFLI, Laundry, Printing, Practice piano, Practice Kung Fu, Push ups: 15]
2026-01-25 16:15:59.763  6340-6340  DailyProgressManager    com.talq2me.baerened                 D  Added to progress: taskName=Spelling OCR, stars=3, total earnedStars=3, total earnedCoins=3
2026-01-25 16:15:59.778  6340-6340  DailyProgressManager    com.talq2me.baerened                 D  Calculated totals from config - Coins: 8, Stars: 8 (required section only)
2026-01-25 16:15:59.778  6340-6340  DailyProgressManager    com.talq2me.baerened                 D  Current date string: 25-01-2026 04:15:59 PM
2026-01-25 16:15:59.779  6340-6340  DailyProgressManager    com.talq2me.baerened                 D  shouldResetProgress called - Last: '25-01-2026 01:44:56 PM' (date: 25-01-2026, source: local), Current: '25-01-2026 04:15:59 PM' (date: 25-01-2026), Should reset: false
2026-01-25 16:15:59.781  6340-6340  DailyProgressManager    com.talq2me.baerened                 D  CRITICAL: getCompletedTasksMap() - requiredTasks keys: [Google Read Along, Boukili, Math, Eng Spelling, Spelling OCR, Fr Spelling, French Vowels, Time Telling, Handwriting, Money Game, Sentence Builder, UFLI Words, Snake Catch, Math Hole, Word Garden, Number Line Math, Ten Frame Math, Word Fishing, Word Factory, Kung Fu Form, Kung Fu, Facile A Lire 2, Google Classroom, Ufli Home Videos, French UFLI, Laundry, Printing, Practice piano, Practice Kung Fu, Push ups: 15]
2026-01-25 16:15:59.782  6340-6340  CRITICAL                com.talq2me.baerened                 D  CRITICAL: getCompletedTasksMap() - completed tasks: [Spelling OCR, Laundry, Printing, Practice piano, Practice Kung Fu, Push ups: 15]
2026-01-25 16:15:59.786  6340-6340  BattleHubActivity       com.talq2me.baerened                 D  updateCountsDisplay: earnedCoins=8, earnedStars=0
2026-01-25 16:15:59.786  6340-6340  BattleHubActivity       com.talq2me.baerened                 D  updateCountsDisplay: completedTasks keys=[Google Read Along, Boukili, Math, Eng Spelling, Spelling OCR, Fr Spelling, French Vowels, Time Telling, Handwriting, Money Game, Sentence Builder, UFLI Words, Snake Catch, Math Hole, Word Garden, Number Line Math, Ten Frame Math, Word Fishing, Word Factory, Kung Fu Form, Kung Fu, Facile A Lire 2, Google Classroom, Ufli Home Videos, French UFLI, Laundry, Printing, Practice piano, Practice Kung Fu, Push ups: 15]
2026-01-25 16:15:59.787  6340-6340  BattleHubActivity       com.talq2me.baerened                 D  updateCountsDisplay: About to update UI with coins=8, berries=0, minutes=10
2026-01-25 16:15:59.792  6340-6340  BattleHubActivity       com.talq2me.baerened                 D  updateCountsDisplay: earnedBerries=0
2026-01-25 16:15:59.792  6340-6340  BattleHubActivity       com.talq2me.baerened                 D  updateCountsDisplay: UI updated - coinCount.text=8 🪙, berryCountDisplay.text=0 🍍, minuteCount.text=10 ⏱️
2026-01-25 16:15:59.792  6340-6340  BattleHubActivity       com.talq2me.baerened                 D  DEBUG: getAllEarnedStars returned 0 for currentContent=true
2026-01-25 16:15:59.793  6340-6340  DailyProgressManager    com.talq2me.baerened                 D  Current date string: 25-01-2026 04:15:59 PM
2026-01-25 16:15:59.793  6340-6340  DailyProgressManager    com.talq2me.baerened                 D  shouldResetProgress called - Last: '25-01-2026 01:44:56 PM' (date: 25-01-2026, source: local), Current: '25-01-2026 04:15:59 PM' (date: 25-01-2026), Should reset: false
2026-01-25 16:15:59.793  6340-6340  DailyProgressManager    com.talq2me.baerened                 D  CRITICAL: getCompletedTasksMap() - requiredTasks keys: [Google Read Along, Boukili, Math, Eng Spelling, Spelling OCR, Fr Spelling, French Vowels, Time Telling, Handwriting, Money Game, Sentence Builder, UFLI Words, Snake Catch, Math Hole, Word Garden, Number Line Math, Ten Frame Math, Word Fishing, Word Factory, Kung Fu Form, Kung Fu, Facile A Lire 2, Google Classroom, Ufli Home Videos, French UFLI, Laundry, Printing, Practice piano, Practice Kung Fu, Push ups: 15]
2026-01-25 16:15:59.794  6340-6340  CRITICAL                com.talq2me.baerened                 D  CRITICAL: getCompletedTasksMap() - completed tasks: [Spelling OCR, Laundry, Printing, Practice piano, Practice Kung Fu, Push ups: 15]
2026-01-25 16:15:59.794  6340-6340  BattleHubActivity       com.talq2me.baerened                 D  DEBUG: progressManager.getCompletedTasksMap() = {Google Read Along=false, Boukili=false, Math=false, Eng Spelling=false, Spelling OCR=true, Fr Spelling=false, French Vowels=false, Time Telling=false, Handwriting=false, Money Game=false, Sentence Builder=false, UFLI Words=false, Snake Catch=false, Math Hole=false, Word Garden=false, Number Line Math=false, Ten Frame Math=false, Word Fishing=false, Word Factory=false, Kung Fu Form=false, Kung Fu=false, Facile A Lire 2=false, Google Classroom=false, Ufli Home Videos=false, French UFLI=false, Laundry=true, Printing=true, Practice piano=true, Practice Kung Fu=true, Push ups: 15=true}
2026-01-25 16:15:59.802  6340-6365  TaskProgressMigration   com.talq2me.baerened                 D  Migration already completed for profile: TE
2026-01-25 16:15:59.806  6340-6340  BattleHubActivity       com.talq2me.baerened                 D  updateCountsDisplay() CALLED
2026-01-25 16:15:59.806  6340-6340  BattleHubActivity       com.talq2me.baerened                 D  DEBUG: completed_tasks = {"math":false,"kung_fu":false,"math_hole":false,"fr_spelling":false,"snake_catch":false,"word_garden":false,"ten_frame_math":false,"google_classroom":false,"number_line_math":false,"sentence_builder":false,"google_read_along":true}
2026-01-25 16:15:59.806  6340-6340  BattleHubActivity       com.talq2me.baerened                 D  DEBUG: completed_task_names = {"math":"Math","kung_fu":"Kung Fu","math_hole":"Math Hole","fr_spelling":"Fr Spelling","snake_catch":"Snake Catch","word_garden":"Word Garden","ten_frame_math":"Ten Frame Math","google_classroom":"Google Classroom","number_line_math":"Number Line Math","sentence_builder":"Sentence Builder","google_read_along":"Google Read Along"}
2026-01-25 16:15:59.806  6340-6340  BattleHubActivity       com.talq2me.baerened                 D  updateCountsDisplay: jsonString is NOT NULL (length=14017)
2026-01-25 16:15:59.809  6340-6340  BattleHubActivity       com.talq2me.baerened                 D  updateCountsDisplay: currentContent is NOT NULL
2026-01-25 16:15:59.809  6340-6340  DailyProgressManager    com.talq2me.baerened                 D  Current date string: 25-01-2026 04:15:59 PM
2026-01-25 16:15:59.809  6340-6340  DailyProgressManager    com.talq2me.baerened                 D  shouldResetProgress called - Last: '25-01-2026 01:44:56 PM' (date: 25-01-2026, source: local), Current: '25-01-2026 04:15:59 PM' (date: 25-01-2026), Should reset: false
2026-01-25 16:15:59.814  6340-6365  TaskProgressMigration   com.talq2me.baerened                 D  Migration already completed for profile: TE
2026-01-25 16:15:59.823  6340-6340  DailyProgressManager    com.talq2me.baerened                 D  getCurrentProgressWithCoinsAndStars: taskName=Spelling OCR, stars=3, isCompleted=true, requiredTasks keys=[Google Read Along, Boukili, Math, Eng Spelling, Spelling OCR, Fr Spelling, French Vowels, Time Telling, Handwriting, Money Game, Sentence Builder, UFLI Words, Snake Catch, Math Hole, Word Garden, Number Line Math, Ten Frame Math, Word Fishing, Word Factory, Kung Fu Form, Kung Fu, Facile A Lire 2, Google Classroom, Ufli Home Videos, French UFLI, Laundry, Printing, Practice piano, Practice Kung Fu, Push ups: 15]
2026-01-25 16:15:59.823  6340-6340  DailyProgressManager    com.talq2me.baerened                 D  Added to progress: taskName=Spelling OCR, stars=3, total earnedStars=3, total earnedCoins=3
2026-01-25 16:15:59.833  6340-6340  DailyProgressManager    com.talq2me.baerened                 D  Calculated totals from config - Coins: 8, Stars: 8 (required section only)
2026-01-25 16:15:59.834  6340-6340  DailyProgressManager    com.talq2me.baerened                 D  Current date string: 25-01-2026 04:15:59 PM
2026-01-25 16:15:59.834  6340-6340  DailyProgressManager    com.talq2me.baerened                 D  shouldResetProgress called - Last: '25-01-2026 01:44:56 PM' (date: 25-01-2026, source: local), Current: '25-01-2026 04:15:59 PM' (date: 25-01-2026), Should reset: false
2026-01-25 16:15:59.836  6340-6340  DailyProgressManager    com.talq2me.baerened                 D  CRITICAL: getCompletedTasksMap() - requiredTasks keys: [Google Read Along, Boukili, Math, Eng Spelling, Spelling OCR, Fr Spelling, French Vowels, Time Telling, Handwriting, Money Game, Sentence Builder, UFLI Words, Snake Catch, Math Hole, Word Garden, Number Line Math, Ten Frame Math, Word Fishing, Word Factory, Kung Fu Form, Kung Fu, Facile A Lire 2, Google Classroom, Ufli Home Videos, French UFLI, Laundry, Printing, Practice piano, Practice Kung Fu, Push ups: 15]
2026-01-25 16:15:59.836  6340-6340  CRITICAL                com.talq2me.baerened                 D  CRITICAL: getCompletedTasksMap() - completed tasks: [Spelling OCR, Laundry, Printing, Practice piano, Practice Kung Fu, Push ups: 15]
